2025-09-05 10:10:50,910 [INFO] Activator:176 - 


2025-09-05 10:10:50,913 [INFO] Activator:177 - !SESSION log4j initialized
2025-09-05 10:10:54,226 [INFO] LogOutputStream:77 - [STDOUT_REDIRECT] 
2025-09-05 10:10:54,853 [INFO] ApplicationProperties:184 - Using Application install path: /opt/st/stm32cubeide_1.19.0/plugins/com.st.stm32cube.common.mx_6.15.0.202507011659
2025-09-05 10:10:54,866 [INFO] DbMcusXml:78 - Set database path to: /opt/st/stm32cubeide_1.19.0/plugins/com.st.stm32cube.common.mx_6.15.0.202507011659//db//mcu/
2025-09-05 10:10:54,866 [INFO] ApiDb:274 - Set plugin database path to: /opt/st/stm32cubeide_1.19.0/plugins/com.st.stm32cube.common.mx_6.15.0.202507011659//db//plugins/boardmanager/
2025-09-05 10:10:54,867 [WARN] ApiDb:259 - Overriding images path with different value:  => /opt/st/stm32cubeide_1.19.0/plugins/com.st.stm32cube.common.mx_6.15.0.202507011659//db//plugins/mcufinder/images/
2025-09-05 10:10:54,870 [INFO] ApiDb:250 - Set database path to: /home/matijak/.stmcufinder/plugins/mcufinder//mcu/
2025-09-05 10:10:54,871 [INFO] DbMcusAds:125 - Set database path to: /home/matijak/.stmcufinder/plugins/mcufinder//mcu/
2025-09-05 10:10:54,872 [INFO] CrossReferenceDbSqlite:203 - Set database path to: /home/matijak/.stmcufinder/plugins/mcufinder//mcu/cs/
2025-09-05 10:10:54,956 [INFO] RulesReader:64 - Compatibility file has been processed (317 Rules)
2025-09-05 10:10:55,000 [INFO] DbMcusXml:78 - Set database path to: /opt/st/stm32cubeide_1.19.0/plugins/com.st.stm32cube.common.mx_6.15.0.202507011659//db//mcu/
2025-09-05 10:10:55,000 [INFO] ApiDb:274 - Set plugin database path to: /opt/st/stm32cubeide_1.19.0/plugins/com.st.stm32cube.common.mx_6.15.0.202507011659//db//plugins/boardmanager/
2025-09-05 10:10:55,000 [INFO] ApiDb:261 - Set plugin images path to: /opt/st/stm32cubeide_1.19.0/plugins/com.st.stm32cube.common.mx_6.15.0.202507011659//db//plugins/mcufinder/images/
2025-09-05 10:10:55,000 [WARN] DbFile:41 - Overriding database path with different value: /home/matijak/.stmcufinder/plugins/mcufinder/ => /home/matijak/.stmcufinder/plugins/mcufinder
2025-09-05 10:10:55,000 [INFO] ApiDb:250 - Set database path to: /home/matijak/.stmcufinder/plugins/mcufinder//mcu/
2025-09-05 10:10:55,000 [WARN] DbFile:41 - Overriding database path with different value: /home/matijak/.stmcufinder/plugins/mcufinder/ => /home/matijak/.stmcufinder/plugins/mcufinder
2025-09-05 10:10:55,000 [INFO] DbMcusAds:125 - Set database path to: /home/matijak/.stmcufinder/plugins/mcufinder//mcu/
2025-09-05 10:10:55,001 [WARN] DbFile:41 - Overriding database path with different value: /home/matijak/.stmcufinder/plugins/mcufinder/ => /home/matijak/.stmcufinder/plugins/mcufinder
2025-09-05 10:10:55,001 [WARN] DbFile:41 - Overriding database path with different value: /home/matijak/.stmcufinder/plugins/mcufinder/ => /home/matijak/.stmcufinder/plugins/mcufinder
2025-09-05 10:10:55,001 [INFO] CrossReferenceDbSqlite:203 - Set database path to: /home/matijak/.stmcufinder/plugins/mcufinder//mcu/cs/
2025-09-05 10:10:55,056 [INFO] MainPanel:274 - HeapMemory: 268435456
2025-09-05 10:10:55,170 [INFO] DbMcusXml:78 - Set database path to: /opt/st/stm32cubeide_1.19.0/plugins/com.st.stm32cube.common.mx_6.15.0.202507011659//db//mcu/
2025-09-05 10:10:55,170 [INFO] ApiDb:274 - Set plugin database path to: /opt/st/stm32cubeide_1.19.0/plugins/com.st.stm32cube.common.mx_6.15.0.202507011659//db//plugins/boardmanager/
2025-09-05 10:10:55,170 [INFO] ApiDb:261 - Set plugin images path to: /opt/st/stm32cubeide_1.19.0/plugins/com.st.stm32cube.common.mx_6.15.0.202507011659//db//plugins/mcufinder/images/
2025-09-05 10:10:55,171 [WARN] DbFile:41 - Overriding database path with different value: /home/matijak/.stmcufinder/plugins/mcufinder/ => /home/matijak/.stmcufinder/plugins/mcufinder
2025-09-05 10:10:55,171 [INFO] ApiDb:250 - Set database path to: /home/matijak/.stmcufinder/plugins/mcufinder//mcu/
2025-09-05 10:10:55,171 [WARN] DbFile:41 - Overriding database path with different value: /home/matijak/.stmcufinder/plugins/mcufinder/ => /home/matijak/.stmcufinder/plugins/mcufinder
2025-09-05 10:10:55,171 [INFO] DbMcusAds:125 - Set database path to: /home/matijak/.stmcufinder/plugins/mcufinder//mcu/
2025-09-05 10:10:55,171 [WARN] DbFile:41 - Overriding database path with different value: /home/matijak/.stmcufinder/plugins/mcufinder/ => /home/matijak/.stmcufinder/plugins/mcufinder
2025-09-05 10:10:55,171 [WARN] DbFile:41 - Overriding database path with different value: /home/matijak/.stmcufinder/plugins/mcufinder/ => /home/matijak/.stmcufinder/plugins/mcufinder
2025-09-05 10:10:55,171 [INFO] CrossReferenceDbSqlite:203 - Set database path to: /home/matijak/.stmcufinder/plugins/mcufinder//mcu/cs/
2025-09-05 10:10:55,184 [INFO] ApplicationProperties:184 - Using Application install path: /opt/st/stm32cubeide_1.19.0/plugins/com.st.stm32cube.common.mx_6.15.0.202507011659
2025-09-05 10:10:55,186 [INFO] PluginManage:196 - Search for loadable plugins [exclusion list=, ]
2025-09-05 10:10:55,186 [INFO] PluginManage:310 - Check plugin analytics
2025-09-05 10:10:55,294 [INFO] AnalyticsPlugin:253 - Accepted Software Licenses: 
2025-09-05 10:10:55,294 [INFO] AnalyticsPlugin:255 - Accepted CMSIS Pack Licenses: 
2025-09-05 10:10:55,295 [INFO] AnalyticsPlugin:257 - Accepted Firmware Licenses: FW.L4.1.18.0
2025-09-05 10:10:55,297 [INFO] PluginManage:359 - Loaded plugin analytics (category:tool,tabindex:-1)
2025-09-05 10:10:55,297 [INFO] PluginManage:310 - Check plugin cadmodel
2025-09-05 10:10:55,301 [INFO] CADModel:105 - Init CAD model plugin
2025-09-05 10:10:55,301 [INFO] PluginManage:359 - Loaded plugin cadmodel (category:power,tabindex:5)
2025-09-05 10:10:55,301 [INFO] PluginManage:310 - Check plugin clock
2025-09-05 10:10:55,307 [INFO] PluginManage:359 - Loaded plugin clock (category:base,tabindex:2)
2025-09-05 10:10:55,307 [INFO] PluginManage:310 - Check plugin ddr
2025-09-05 10:10:55,309 [INFO] PluginManage:359 - Loaded plugin ddr (category:tool,tabindex:6)
2025-09-05 10:10:55,309 [INFO] PluginManage:310 - Check plugin filemanager
2025-09-05 10:10:55,405 [INFO] PluginManage:359 - Loaded plugin filemanager (category:base,tabindex:10)
2025-09-05 10:10:55,405 [INFO] PluginManage:310 - Check plugin ipmanager
2025-09-05 10:10:55,408 [INFO] PluginManage:359 - Loaded plugin ipmanager (category:base,tabindex:5)
2025-09-05 10:10:55,408 [INFO] PluginManage:310 - Check plugin lpbam
2025-09-05 10:10:55,417 [INFO] PluginManage:359 - Loaded plugin lpbam (category:base,tabindex:0)
2025-09-05 10:10:55,417 [INFO] PluginManage:310 - Check plugin memorymap
2025-09-05 10:10:55,426 [INFO] PluginManage:359 - Loaded plugin memorymap (category:base,tabindex:4)
2025-09-05 10:10:55,426 [INFO] PluginManage:310 - Check plugin pinoutandconfiguration
2025-09-05 10:10:55,432 [INFO] PluginManage:359 - Loaded plugin pinoutandconfiguration (category:base,tabindex:1)
2025-09-05 10:10:55,433 [INFO] PluginManage:310 - Check plugin pinoutconfig
2025-09-05 10:10:55,495 [WARN] SupportedApi:132 - Cannot load RTOS API schema: s4s-elt-must-match.1: The content of 'definitions' must match (annotation?, (simpleType | complexType)?, (unique | key | keyref)*)). A problem was found starting at: attribute.
2025-09-05 10:10:55,584 [INFO] PluginManage:359 - Loaded plugin pinoutconfig (category:base,tabindex:0)
2025-09-05 10:10:55,584 [INFO] PluginManage:310 - Check plugin power
2025-09-05 10:10:55,591 [INFO] PluginManage:359 - Loaded plugin power (category:power,tabindex:4)
2025-09-05 10:10:55,591 [INFO] PluginManage:310 - Check plugin projectmanager
2025-09-05 10:10:55,602 [INFO] PluginManage:359 - Loaded plugin projectmanager (category:projectmanager,tabindex:4)
2025-09-05 10:10:55,602 [INFO] PluginManage:310 - Check plugin rif
2025-09-05 10:10:55,609 [INFO] PluginManage:359 - Loaded plugin rif (category:base,tabindex:3)
2025-09-05 10:10:55,609 [INFO] PluginManage:310 - Check plugin thirdparty
2025-09-05 10:10:55,685 [INFO] PluginManage:359 - Loaded plugin thirdparty (category:base,tabindex:-1)
2025-09-05 10:10:55,685 [WARN] IntegrityCheckThread:84 - waiting for thirdparty lock release [integrity check]
2025-09-05 10:10:55,685 [INFO] PluginManage:310 - Check plugin tools
2025-09-05 10:10:55,686 [INFO] IntegrityCheckThread:86 - entering critical section [integrity check]
2025-09-05 10:10:55,686 [INFO] ThirdPartyUpdaterWithRetryManager:70 - Updater plugin not ready yet. [1/15]
2025-09-05 10:10:55,687 [INFO] PluginManage:359 - Loaded plugin tools (category:base,tabindex:7)
2025-09-05 10:10:55,687 [INFO] PluginManage:310 - Check plugin tutovideos
2025-09-05 10:10:55,818 [INFO] PluginManage:359 - Loaded plugin tutovideos (category:base,tabindex:-1)
2025-09-05 10:10:55,818 [INFO] PluginManage:310 - Check plugin updater
2025-09-05 10:10:55,839 [INFO] PluginManage:359 - Loaded plugin updater (category:base,tabindex:12)
2025-09-05 10:10:55,839 [INFO] PluginManage:310 - Check plugin userauth
2025-09-05 10:10:55,842 [INFO] UserAuth:118 - Init User Auth plugin
2025-09-05 10:10:55,842 [INFO] PluginManage:359 - Loaded plugin userauth (category:base,tabindex:14)
2025-09-05 10:10:55,843 [INFO] PluginManage:283 - PluginManage : Loaded plugins [18]
2025-09-05 10:10:55,968 [INFO] PinOutPanel:1589 - setPackage(No Configuration,No Configuration)
2025-09-05 10:10:56,013 [INFO] CADModel:165 - CPN selected for project level
2025-09-05 10:10:56,013 [INFO] CADModel:114 - Register for checkConnection events
2025-09-05 10:10:56,024 [INFO] IPUIPlugin:80 - create IPUIPlugin
2025-09-05 10:10:56,024 [INFO] PluginManager:220 - loadIPPluginJar : add adc
2025-09-05 10:10:56,026 [INFO] IPUIPlugin:80 - create IPUIPlugin
2025-09-05 10:10:56,026 [INFO] PluginManager:220 - loadIPPluginJar : add aes
2025-09-05 10:10:56,027 [INFO] IPUIPlugin:80 - create IPUIPlugin
2025-09-05 10:10:56,027 [INFO] PluginManager:220 - loadIPPluginJar : add can
2025-09-05 10:10:56,028 [INFO] IPUIPlugin:80 - create IPUIPlugin
2025-09-05 10:10:56,028 [INFO] PluginManager:220 - loadIPPluginJar : add comp
2025-09-05 10:10:56,030 [INFO] IPUIPlugin:80 - create IPUIPlugin
2025-09-05 10:10:56,030 [INFO] PluginManager:220 - loadIPPluginJar : add cryp
2025-09-05 10:10:56,032 [INFO] IPUIPlugin:80 - create IPUIPlugin
2025-09-05 10:10:56,032 [INFO] PluginManager:220 - loadIPPluginJar : add ddr_ctrl_phy
2025-09-05 10:10:56,033 [INFO] IPUIPlugin:80 - create IPUIPlugin
2025-09-05 10:10:56,033 [INFO] PluginManager:220 - loadIPPluginJar : add dfsdm
2025-09-05 10:10:56,037 [INFO] IPUIPlugin:80 - create IPUIPlugin
2025-09-05 10:10:56,037 [INFO] PluginManager:220 - loadIPPluginJar : add dma
2025-09-05 10:10:56,039 [INFO] IPUIPlugin:80 - create IPUIPlugin
2025-09-05 10:10:56,039 [INFO] PluginManager:220 - loadIPPluginJar : add dma3
2025-09-05 10:10:56,040 [INFO] IPUIPlugin:80 - create IPUIPlugin
2025-09-05 10:10:56,040 [INFO] PluginManager:220 - loadIPPluginJar : add extmemmanager
2025-09-05 10:10:56,041 [INFO] IPUIPlugin:80 - create IPUIPlugin
2025-09-05 10:10:56,041 [INFO] PluginManager:220 - loadIPPluginJar : add fatfs
2025-09-05 10:10:56,045 [INFO] IPUIPlugin:80 - create IPUIPlugin
2025-09-05 10:10:56,045 [INFO] PluginManager:220 - loadIPPluginJar : add fmc
2025-09-05 10:10:56,050 [INFO] IPUIPlugin:80 - create IPUIPlugin
2025-09-05 10:10:56,050 [INFO] PluginManager:220 - loadIPPluginJar : add freertos
2025-09-05 10:10:56,051 [INFO] IPUIPlugin:80 - create IPUIPlugin
2025-09-05 10:10:56,051 [INFO] PluginManager:220 - loadIPPluginJar : add genericplugin
2025-09-05 10:10:56,052 [INFO] IPUIPlugin:80 - create IPUIPlugin
2025-09-05 10:10:56,052 [INFO] PluginManager:220 - loadIPPluginJar : add gfxmmu
2025-09-05 10:10:56,056 [INFO] IPUIPlugin:80 - create IPUIPlugin
2025-09-05 10:10:56,056 [INFO] PluginManager:220 - loadIPPluginJar : add gic
2025-09-05 10:10:56,059 [INFO] IPUIPlugin:80 - create IPUIPlugin
2025-09-05 10:10:56,059 [INFO] PluginManager:220 - loadIPPluginJar : add gpio
2025-09-05 10:10:56,060 [INFO] IPUIPlugin:80 - create IPUIPlugin
2025-09-05 10:10:56,060 [INFO] PluginManager:220 - loadIPPluginJar : add gtzc
2025-09-05 10:10:56,061 [INFO] IPUIPlugin:80 - create IPUIPlugin
2025-09-05 10:10:56,061 [INFO] PluginManager:220 - loadIPPluginJar : add hash
2025-09-05 10:10:56,063 [INFO] IPUIPlugin:80 - create IPUIPlugin
2025-09-05 10:10:56,063 [INFO] PluginManager:220 - loadIPPluginJar : add i2c
2025-09-05 10:10:56,065 [INFO] IPUIPlugin:80 - create IPUIPlugin
2025-09-05 10:10:56,065 [INFO] PluginManager:220 - loadIPPluginJar : add i2s
2025-09-05 10:10:56,066 [INFO] IPUIPlugin:80 - create IPUIPlugin
2025-09-05 10:10:56,067 [INFO] PluginManager:220 - loadIPPluginJar : add i3c
2025-09-05 10:10:56,069 [INFO] IPUIPlugin:80 - create IPUIPlugin
2025-09-05 10:10:56,069 [INFO] PluginManager:220 - loadIPPluginJar : add ipddr
2025-09-05 10:10:56,074 [INFO] IPUIPlugin:80 - create IPUIPlugin
2025-09-05 10:10:56,075 [INFO] PluginManager:220 - loadIPPluginJar : add linkedlist
2025-09-05 10:10:56,077 [INFO] IPUIPlugin:80 - create IPUIPlugin
2025-09-05 10:10:56,077 [INFO] PluginManager:220 - loadIPPluginJar : add lorawan
2025-09-05 10:10:56,078 [INFO] IPUIPlugin:80 - create IPUIPlugin
2025-09-05 10:10:56,078 [INFO] PluginManager:220 - loadIPPluginJar : add ltdc
2025-09-05 10:10:56,083 [INFO] IPUIPlugin:80 - create IPUIPlugin
2025-09-05 10:10:56,083 [INFO] PluginManager:220 - loadIPPluginJar : add mdma
2025-09-05 10:10:56,087 [INFO] IPUIPlugin:80 - create IPUIPlugin
2025-09-05 10:10:56,088 [INFO] PluginManager:220 - loadIPPluginJar : add nvic
2025-09-05 10:10:56,091 [INFO] IPUIPlugin:80 - create IPUIPlugin
2025-09-05 10:10:56,091 [INFO] PluginManager:220 - loadIPPluginJar : add opamp
2025-09-05 10:10:56,093 [INFO] IPUIPlugin:80 - create IPUIPlugin
2025-09-05 10:10:56,094 [INFO] PluginManager:220 - loadIPPluginJar : add openamp
2025-09-05 10:10:56,096 [INFO] IPUIPlugin:80 - create IPUIPlugin
2025-09-05 10:10:56,096 [INFO] PluginManager:220 - loadIPPluginJar : add pdm2pcm
2025-09-05 10:10:56,100 [INFO] IPUIPlugin:80 - create IPUIPlugin
2025-09-05 10:10:56,101 [INFO] PluginManager:220 - loadIPPluginJar : add plateformsettings
2025-09-05 10:10:56,102 [INFO] IPUIPlugin:80 - create IPUIPlugin
2025-09-05 10:10:56,102 [INFO] PluginManager:220 - loadIPPluginJar : add quadspi
2025-09-05 10:10:56,103 [INFO] IPUIPlugin:80 - create IPUIPlugin
2025-09-05 10:10:56,104 [INFO] PluginManager:220 - loadIPPluginJar : add radio
2025-09-05 10:10:56,107 [INFO] IPUIPlugin:80 - create IPUIPlugin
2025-09-05 10:10:56,107 [INFO] PluginManager:220 - loadIPPluginJar : add resmgrutility
2025-09-05 10:10:56,109 [INFO] IPUIPlugin:80 - create IPUIPlugin
2025-09-05 10:10:56,109 [INFO] PluginManager:220 - loadIPPluginJar : add sai
2025-09-05 10:10:56,110 [INFO] IPUIPlugin:80 - create IPUIPlugin
2025-09-05 10:10:56,111 [INFO] PluginManager:220 - loadIPPluginJar : add spi
2025-09-05 10:10:56,116 [INFO] IPUIPlugin:80 - create IPUIPlugin
2025-09-05 10:10:56,116 [INFO] PluginManager:220 - loadIPPluginJar : add stm32_wpan
2025-09-05 10:10:56,117 [INFO] IPUIPlugin:80 - create IPUIPlugin
2025-09-05 10:10:56,117 [INFO] PluginManager:220 - loadIPPluginJar : add tim
2025-09-05 10:10:56,119 [INFO] IPUIPlugin:80 - create IPUIPlugin
2025-09-05 10:10:56,120 [INFO] PluginManager:220 - loadIPPluginJar : add touchsensing
2025-09-05 10:10:56,121 [INFO] IPUIPlugin:80 - create IPUIPlugin
2025-09-05 10:10:56,121 [INFO] PluginManager:220 - loadIPPluginJar : add tracer_emb
2025-09-05 10:10:56,123 [INFO] IPUIPlugin:80 - create IPUIPlugin
2025-09-05 10:10:56,123 [INFO] PluginManager:220 - loadIPPluginJar : add ts
2025-09-05 10:10:56,125 [INFO] IPUIPlugin:80 - create IPUIPlugin
2025-09-05 10:10:56,125 [INFO] PluginManager:220 - loadIPPluginJar : add tsc
2025-09-05 10:10:56,126 [INFO] IPUIPlugin:80 - create IPUIPlugin
2025-09-05 10:10:56,126 [INFO] PluginManager:220 - loadIPPluginJar : add ucpd
2025-09-05 10:10:56,128 [INFO] IPUIPlugin:80 - create IPUIPlugin
2025-09-05 10:10:56,128 [INFO] PluginManager:220 - loadIPPluginJar : add usart
2025-09-05 10:10:56,130 [INFO] IPUIPlugin:80 - create IPUIPlugin
2025-09-05 10:10:56,130 [INFO] PluginManager:220 - loadIPPluginJar : add usbx
2025-09-05 10:10:56,224 [FATAL] Updater:351 - Updater called before beeing initialized
2025-09-05 10:10:56,243 [INFO] RulesReader:64 - Compatibility file has been processed (317 Rules)
2025-09-05 10:10:56,251 [INFO] RulesReader:64 - Compatibility file has been processed (317 Rules)
2025-09-05 10:10:56,258 [INFO] CADModel:165 - CPN selected for project level
2025-09-05 10:10:56,258 [INFO] CADModel:114 - Register for checkConnection events
2025-09-05 10:10:56,258 [FATAL] Updater:351 - Updater called before beeing initialized
2025-09-05 10:10:56,259 [ERROR] CADModel:125 - Updater not yet initialized, retry later 
2025-09-05 10:10:56,350 [FATAL] Updater:351 - Updater called before beeing initialized
2025-09-05 10:10:56,352 [INFO] CADModel:165 - CPN selected for project level
2025-09-05 10:10:56,352 [INFO] CADModel:114 - Register for checkConnection events
2025-09-05 10:10:56,352 [FATAL] Updater:351 - Updater called before beeing initialized
2025-09-05 10:10:56,352 [ERROR] CADModel:125 - Updater not yet initialized, retry later 
2025-09-05 10:10:56,354 [FATAL] Updater:351 - Updater called before beeing initialized
2025-09-05 10:10:56,420 [FATAL] Updater:351 - Updater called before beeing initialized
2025-09-05 10:10:56,423 [INFO] DbMcusAds:53 - JSON generation date=Tue Jul 08 10:14:23 CEST 2025 (1751962463582)
2025-09-05 10:10:56,424 [FATAL] Updater:351 - Updater called before beeing initialized
2025-09-05 10:10:56,448 [WARN] DetailPanel:346 - Failed to get advertising image, set to default
2025-09-05 10:10:56,499 [FATAL] Updater:351 - Updater called before beeing initialized
2025-09-05 10:10:56,500 [FATAL] Updater:351 - Updater called before beeing initialized
2025-09-05 10:10:56,500 [FATAL] Updater:351 - Updater called before beeing initialized
2025-09-05 10:10:56,500 [WARN] DetailPanel:346 - Failed to get advertising image, set to default
2025-09-05 10:10:56,501 [FATAL] Updater:351 - Updater called before beeing initialized
2025-09-05 10:10:56,523 [ERROR] Updater:1198 - MainUpdater not yet initialized. External WinMGr cannot be set.
2025-09-05 10:10:56,524 [INFO] Updater:1134 - Updater Version found : 6.15.0
2025-09-05 10:10:56,537 [INFO] ApplicationProperties:184 - Using Application install path: /opt/st/stm32cubeide_1.19.0/plugins/com.st.stm32cube.common.mx_6.15.0.202507011659
2025-09-05 10:10:56,545 [ERROR] LogOutputStream:75 - [STDERR_REDIRECT] Sep 05, 2025 10:10:56 AM java.util.prefs.FileSystemPreferences$2 run
2025-09-05 10:10:56,545 [ERROR] LogOutputStream:75 - [STDERR_REDIRECT] WARNING: Could not create system preferences directory. System preferences are unusable.
2025-09-05 10:10:56,546 [ERROR] LogOutputStream:75 - [STDERR_REDIRECT] 
2025-09-05 10:10:56,875 [INFO] MainUpdater:2872 - connection check result : 10
2025-09-05 10:10:56,876 [INFO] MainUpdater:289 - Updater Check For Update Now.
2025-09-05 10:10:56,876 [INFO] MicroXplorer:498 - Change Database Version : DB.6.0.150
2025-09-05 10:10:56,888 [INFO] McuFinderGlobals:63 - Set McuFinder mode to 2 (CubeIDE integrated)
2025-09-05 10:10:56,888 [INFO] UserAuth:487 - Internet connection configuration mode: 1
2025-09-05 10:10:56,905 [INFO] JxBrowserEngine:152 - Initiate JxBrowser Engine with user profile folder
2025-09-05 10:10:57,032 [INFO] CheckServerUpdateThread:120 - End of CheckServer Thread
2025-09-05 10:10:57,537 [INFO] WebApp:169 - Instantiating new browser for Auth
2025-09-05 10:10:57,979 [INFO] WebApp:463 - Apply proxy settings
2025-09-05 10:10:57,979 [INFO] WebApp:548 - Chromium requires no authentication
2025-09-05 10:10:57,984 [INFO] WebApp:491 - Direct internet connection detected
2025-09-05 10:10:57,996 [INFO] WebApp:900 - Register for checkConnection events
2025-09-05 10:10:57,996 [INFO] WebApp:463 - Apply proxy settings
2025-09-05 10:10:57,996 [INFO] WebApp:548 - Chromium requires no authentication
2025-09-05 10:10:57,997 [INFO] WebApp:491 - Direct internet connection detected
2025-09-05 10:10:58,075 [INFO] WebApp:225 - Starting web application
2025-09-05 10:10:58,075 [INFO] WebApp:593 - Web application path used /opt/st/stm32cubeide_1.19.0/plugins/com.st.stm32cube.common.mx_6.15.0.202507011659/db/plugins/mcufinder/reactClient1/index.html
2025-09-05 10:10:58,145 [INFO] UserAuth:487 - Internet connection configuration mode: 1
2025-09-05 10:10:58,637 [INFO] WebApp:191 - Connection restablished
2025-09-05 10:10:58,795 [WARN] PackLoader:240 - Cannot read IP mode file for STMicroelectronics.FP-SNS-MOTENVWB1.1.4.0
2025-09-05 10:10:58,800 [WARN] PackLoader:240 - Cannot read IP mode file for STMicroelectronics.FP-ATR-ASTRA1.2.0.2
2025-09-05 10:10:58,806 [WARN] PackLoader:240 - Cannot read IP mode file for STMicroelectronics.X-CUBE-SMBUS.2.1.0
2025-09-05 10:10:58,809 [WARN] PackLoader:240 - Cannot read IP mode file for STMicroelectronics.X-CUBE-ST60.1.0.0
2025-09-05 10:10:58,830 [WARN] PackLoader:240 - Cannot read IP mode file for STMicroelectronics.X-CUBE-AZRTOS-F7.1.1.0
2025-09-05 10:10:58,842 [WARN] PackLoader:240 - Cannot read IP mode file for WES.I-CUBE-Cesium.1.4.0
2025-09-05 10:10:58,859 [WARN] PackLoader:240 - Cannot read IP mode file for Infineon.AIROC-Wi-Fi-Bluetooth-STM32.1.7.1
2025-09-05 10:10:58,893 [WARN] PackLoader:240 - Cannot read IP mode file for STMicroelectronics.X-CUBE-AZRTOS-H7.3.4.0
2025-09-05 10:10:58,910 [WARN] PackLoader:240 - Cannot read IP mode file for STMicroelectronics.X-CUBE-DISPLAY.3.0.0
2025-09-05 10:10:58,926 [WARN] PackLoader:240 - Cannot read IP mode file for STMicroelectronics.X-CUBE-NFC10.1.0.0
2025-09-05 10:10:58,932 [WARN] PackLoader:240 - Cannot read IP mode file for emotas.I-CUBE-CANOPEN.1.3.0
2025-09-05 10:10:58,940 [WARN] PackLoader:240 - Cannot read IP mode file for STMicroelectronics.FP-SNS-STBOX1.2.1.0
2025-09-05 10:10:58,966 [WARN] PackLoader:240 - Cannot read IP mode file for STMicroelectronics.FP-SNS-SMARTAG2.1.2.0
2025-09-05 10:10:58,970 [WARN] PackLoader:240 - Cannot read IP mode file for STMicroelectronics.FP-SNS-FLIGHT1.5.1.0
2025-09-05 10:10:58,980 [INFO] LogOutputStream:77 - [STDOUT_REDIRECT] 1 : Invalid condition id : UX_CORESTACK_Condition cause : null
2025-09-05 10:10:58,981 [INFO] LogOutputStream:77 - [STDOUT_REDIRECT] 1 : Invalid condition id : UX_CORESTACK_Condition cause : null
2025-09-05 10:10:58,982 [INFO] LogOutputStream:77 - [STDOUT_REDIRECT] 1 : Invalid condition id : UX_CORESTACK_Condition cause : null
2025-09-05 10:10:58,982 [INFO] LogOutputStream:77 - [STDOUT_REDIRECT] 1 : Invalid condition id : UX_CORESTACK_Condition cause : null
2025-09-05 10:10:58,982 [INFO] LogOutputStream:77 - [STDOUT_REDIRECT] 1 : Invalid condition id : UX_CORESTACK_Condition cause : null
2025-09-05 10:10:58,987 [WARN] PackLoader:240 - Cannot read IP mode file for STMicroelectronics.X-CUBE-AZRTOS-WL.2.0.0
2025-09-05 10:10:58,994 [WARN] PackLoader:240 - Cannot read IP mode file for STMicroelectronics.FP-SNS-MOTENV1.5.0.0
2025-09-05 10:10:59,002 [WARN] PackLoader:240 - Cannot read IP mode file for STMicroelectronics.X-CUBE-BLE2.3.3.0
2025-09-05 10:10:59,007 [WARN] PackLoader:240 - Cannot read IP mode file for STMicroelectronics.X-CUBE-NFC9.1.0.0
2025-09-05 10:10:59,011 [WARN] PackLoader:240 - Cannot read IP mode file for wolfSSL.I-CUBE-wolfSSL.5.8.2
2025-09-05 10:10:59,015 [WARN] PackLoader:240 - Cannot read IP mode file for STMicroelectronics.X-CUBE-BLE1.7.1.0
2025-09-05 10:10:59,019 [WARN] PackLoader:240 - Cannot read IP mode file for wolfSSL.I-CUBE-wolfMQTT.1.19.2
2025-09-05 10:10:59,023 [WARN] PackLoader:240 - Cannot read IP mode file for STMicroelectronics.X-CUBE-EEPRMA1.5.2.0
2025-09-05 10:10:59,035 [WARN] PackLoader:240 - Cannot read IP mode file for STMicroelectronics.X-CUBE-AZRTOS-G0.1.1.0
2025-09-05 10:10:59,040 [WARN] PackLoader:240 - Cannot read IP mode file for STMicroelectronics.X-CUBE-SAFEA1.1.2.2
2025-09-05 10:10:59,044 [WARN] PackLoader:240 - Cannot read IP mode file for STMicroelectronics.X-CUBE-NFC4.3.0.0
2025-09-05 10:10:59,051 [WARN] PackLoader:240 - Cannot read IP mode file for EmbeddedOffice.I-CUBE-FS-RTOS.1.0.1
2025-09-05 10:10:59,055 [WARN] PackLoader:240 - Cannot read IP mode file for STMicroelectronics.X-CUBE-WB05N.2.0.0
2025-09-05 10:10:59,059 [WARN] PackLoader:240 - Cannot read IP mode file for wolfSSL.I-CUBE-wolfTPM.3.8.0
2025-09-05 10:10:59,063 [WARN] PackLoader:240 - Cannot read IP mode file for STMicroelectronics.X-CUBE-TCPP.4.2.0
2025-09-05 10:10:59,067 [WARN] PackLoader:240 - Cannot read IP mode file for RealThread.X-CUBE-RT-Thread_Nano.4.1.1
2025-09-05 10:10:59,070 [WARN] PackLoader:240 - Cannot read IP mode file for STMicroelectronics.FP-ATR-SIGFOX1.3.2.0
2025-09-05 10:10:59,074 [WARN] PackLoader:240 - Cannot read IP mode file for ITTIA_DB.I-CUBE-ITTIADB.8.9.0
2025-09-05 10:10:59,077 [WARN] PackLoader:240 - Cannot read IP mode file for STMicroelectronics.X-CUBE-ST67W61.1.0.0
2025-09-05 10:10:59,081 [WARN] PackLoader:240 - Cannot read IP mode file for STMicroelectronics.X-CUBE-AI.10.2.0
2025-09-05 10:10:59,097 [WARN] PackLoader:240 - Cannot read IP mode file for SEGGER.I-CUBE-embOS.1.3.1
2025-09-05 10:10:59,129 [WARN] PackLoader:240 - Cannot read IP mode file for STMicroelectronics.X-CUBE-ALGOBUILD.1.4.0
2025-09-05 10:10:59,164 [WARN] PackLoader:240 - Cannot read IP mode file for STMicroelectronics.X-CUBE-MEMS1.11.3.0
2025-09-05 10:10:59,305 [WARN] PackLoader:240 - Cannot read IP mode file for STMicroelectronics.X-CUBE-PM33A1.1.0.0
2025-09-05 10:10:59,317 [WARN] PackLoader:240 - Cannot read IP mode file for STMicroelectronics.X-CUBE-AZRTOS-F4.1.1.0
2025-09-05 10:10:59,321 [WARN] PackLoader:240 - Cannot read IP mode file for Avnet-IotConnect.X-CUBE-IoTC-DA16k-PMOD.1.0.0
2025-09-05 10:10:59,325 [WARN] PackLoader:240 - Cannot read IP mode file for STMicroelectronics.X-CUBE-ISPU.2.1.0
2025-09-05 10:10:59,329 [WARN] PackLoader:240 - Cannot read IP mode file for STMicroelectronics.X-CUBE-NFC12.1.0.0
2025-09-05 10:10:59,342 [WARN] PackLoader:240 - Cannot read IP mode file for STMicroelectronics.X-CUBE-AZRTOS-L5.2.0.0
2025-09-05 10:10:59,351 [WARN] PackLoader:240 - Cannot read IP mode file for STMicroelectronics.X-CUBE-NFC6.3.1.0
2025-09-05 10:10:59,356 [WARN] PackLoader:240 - Cannot read IP mode file for STMicroelectronics.X-CUBE-FREERTOS.1.3.1
2025-09-05 10:10:59,360 [WARN] PackLoader:240 - Cannot read IP mode file for STMicroelectronics.FP-SNS-STAIOTCFT.1.0.0
2025-09-05 10:10:59,364 [WARN] PackLoader:240 - Cannot read IP mode file for STMicroelectronics.X-CUBE-DPower.1.3.0
2025-09-05 10:10:59,375 [WARN] ConditionMgr:438 - getConditionDescription Invalid condition id : LAN8742 Phy interface Condition cause : null
2025-09-05 10:10:59,376 [WARN] PackLoader:240 - Cannot read IP mode file for STMicroelectronics.X-CUBE-AZRTOS-L4.2.0.0
2025-09-05 10:10:59,377 [WARN] ConditionMgr:1044 - genDependencies : Invalid condition id : LAN8742 Phy interface Condition cause : null
2025-09-05 10:10:59,377 [WARN] ConditionMgr:1044 - genDependencies : Invalid condition id : LAN8742 Phy interface Condition cause : null
2025-09-05 10:10:59,377 [WARN] ConditionMgr:1044 - genDependencies : Invalid condition id : LAN8742 Phy interface Condition cause : null
2025-09-05 10:10:59,383 [WARN] PackLoader:240 - Cannot read IP mode file for STMicroelectronics.X-CUBE-SFXS2LP1.4.0.0
2025-09-05 10:10:59,391 [WARN] PackLoader:240 - Cannot read IP mode file for STMicroelectronics.X-CUBE-BLEMGR.4.1.0
2025-09-05 10:10:59,403 [WARN] ConditionMgr:438 - getConditionDescription Invalid condition id : UX DEVICE CLASS RTOS Condition cause : null
2025-09-05 10:10:59,403 [WARN] ConditionMgr:438 - getConditionDescription Invalid condition id : UX DEVICE CLASS RTOS Condition cause : null
2025-09-05 10:10:59,404 [WARN] PackLoader:240 - Cannot read IP mode file for STMicroelectronics.X-CUBE-AZRTOS-WB.2.0.0
2025-09-05 10:10:59,405 [WARN] ConditionMgr:1044 - genDependencies : Invalid condition id : UX DEVICE CLASS RTOS Condition cause : null
2025-09-05 10:10:59,405 [WARN] ConditionMgr:1044 - genDependencies : Invalid condition id : UX DEVICE CLASS RTOS Condition cause : null
2025-09-05 10:10:59,405 [WARN] ConditionMgr:1044 - genDependencies : Invalid condition id : UX DEVICE CLASS RTOS Condition cause : null
2025-09-05 10:10:59,405 [WARN] ConditionMgr:1044 - genDependencies : Invalid condition id : UX DEVICE CLASS RTOS Condition cause : null
2025-09-05 10:10:59,405 [WARN] ConditionMgr:1044 - genDependencies : Invalid condition id : UX DEVICE CLASS RTOS Condition cause : null
2025-09-05 10:10:59,409 [WARN] PackLoader:240 - Cannot read IP mode file for STMicroelectronics.X-CUBE-GNSS1.7.0.1
2025-09-05 10:10:59,414 [WARN] PackLoader:240 - Cannot read IP mode file for STMicroelectronics.X-CUBE-TOUCHGFX.4.25.0
2025-09-05 10:10:59,417 [WARN] ConditionMgr:438 - getConditionDescription Invalid condition id : Cortex-A Device cause : null
2025-09-05 10:10:59,430 [WARN] ConditionMgr:1044 - genDependencies : Invalid condition id : Cortex-A Device cause : null
2025-09-05 10:10:59,430 [WARN] ConditionMgr:1044 - genDependencies : Invalid condition id : Cortex-A Device cause : null
2025-09-05 10:10:59,430 [WARN] ConditionMgr:1044 - genDependencies : Invalid condition id : Cortex-A Device cause : null
2025-09-05 10:10:59,440 [WARN] PackLoader:240 - Cannot read IP mode file for STMicroelectronics.X-CUBE-SUBG2.5.0.0
2025-09-05 10:10:59,469 [WARN] PackLoader:240 - Cannot read IP mode file for STMicroelectronics.X-CUBE-AZRTOS-H7RS.1.1.0
2025-09-05 10:10:59,475 [WARN] PackLoader:240 - Cannot read IP mode file for Cesanta.I-CUBE-Mongoose.7.13.0
2025-09-05 10:10:59,485 [WARN] PackLoader:240 - Cannot read IP mode file for STMicroelectronics.X-CUBE-AZRTOS-G4.2.0.0
2025-09-05 10:10:59,489 [WARN] PackLoader:240 - Cannot read IP mode file for wolfSSL.I-CUBE-wolfSSH.1.4.20
2025-09-05 10:10:59,493 [WARN] PackLoader:240 - Cannot read IP mode file for STMicroelectronics.X-CUBE-NFC7.2.0.0
2025-09-05 10:10:59,506 [WARN] PackLoader:240 - Cannot read IP mode file for STMicroelectronics.X-CUBE-IPS.3.1.0
2025-09-05 10:10:59,531 [WARN] PackLoader:240 - Cannot read IP mode file for STMicroelectronics.X-CUBE-ALS.1.0.2
2025-09-05 10:10:59,543 [WARN] PackLoader:240 - Cannot read IP mode file for STMicroelectronics.X-CUBE-TOF1.3.4.3
2025-09-05 10:10:59,552 [INFO] ThirdParty:978 - Integrity check success = true
2025-09-05 10:10:59,552 [INFO] IntegrityCheckThread:100 - exiting critical section [integrity check]
2025-09-05 10:10:59,552 [INFO] IntegrityCheckThread:103 - End integrity checks thread
2025-09-05 10:11:24,987 [ERROR] LogOutputStream:75 - [STDERR_REDIRECT] Sep 05, 2025 10:11:24 AM java.util.prefs.FileSystemPreferences checkLockFile0ErrorCode
2025-09-05 10:11:24,988 [ERROR] LogOutputStream:75 - [STDERR_REDIRECT] WARNING: Could not lock System prefs. Unix error code 2.
2025-09-05 10:11:24,988 [ERROR] LogOutputStream:75 - [STDERR_REDIRECT] 
2025-09-05 10:11:24,989 [ERROR] LogOutputStream:75 - [STDERR_REDIRECT] Sep 05, 2025 10:11:24 AM java.util.prefs.FileSystemPreferences syncWorld
2025-09-05 10:11:24,989 [ERROR] LogOutputStream:75 - [STDERR_REDIRECT] WARNING: Couldn't flush system prefs: java.util.prefs.BackingStoreException: Couldn't get file lock.
2025-09-05 10:11:24,989 [ERROR] LogOutputStream:75 - [STDERR_REDIRECT] 
2025-09-05 10:11:54,982 [ERROR] LogOutputStream:75 - [STDERR_REDIRECT] Sep 05, 2025 10:11:54 AM java.util.prefs.FileSystemPreferences checkLockFile0ErrorCode
2025-09-05 10:11:54,983 [ERROR] LogOutputStream:75 - [STDERR_REDIRECT] WARNING: Could not lock System prefs. Unix error code 2.
2025-09-05 10:11:54,983 [ERROR] LogOutputStream:75 - [STDERR_REDIRECT] 
2025-09-05 10:11:54,984 [ERROR] LogOutputStream:75 - [STDERR_REDIRECT] Sep 05, 2025 10:11:54 AM java.util.prefs.FileSystemPreferences syncWorld
2025-09-05 10:11:54,985 [ERROR] LogOutputStream:75 - [STDERR_REDIRECT] WARNING: Couldn't flush system prefs: java.util.prefs.BackingStoreException: Couldn't get file lock.
2025-09-05 10:11:54,985 [ERROR] LogOutputStream:75 - [STDERR_REDIRECT] 
2025-09-05 10:12:24,983 [ERROR] LogOutputStream:75 - [STDERR_REDIRECT] Sep 05, 2025 10:12:24 AM java.util.prefs.FileSystemPreferences checkLockFile0ErrorCode
2025-09-05 10:12:24,984 [ERROR] LogOutputStream:75 - [STDERR_REDIRECT] WARNING: Could not lock System prefs. Unix error code 2.
2025-09-05 10:12:24,984 [ERROR] LogOutputStream:75 - [STDERR_REDIRECT] 
2025-09-05 10:12:24,985 [ERROR] LogOutputStream:75 - [STDERR_REDIRECT] Sep 05, 2025 10:12:24 AM java.util.prefs.FileSystemPreferences syncWorld
2025-09-05 10:12:24,986 [ERROR] LogOutputStream:75 - [STDERR_REDIRECT] WARNING: Couldn't flush system prefs: java.util.prefs.BackingStoreException: Couldn't get file lock.
2025-09-05 10:12:24,987 [ERROR] LogOutputStream:75 - [STDERR_REDIRECT] 
2025-09-05 10:12:54,982 [ERROR] LogOutputStream:75 - [STDERR_REDIRECT] Sep 05, 2025 10:12:54 AM java.util.prefs.FileSystemPreferences checkLockFile0ErrorCode
2025-09-05 10:12:54,983 [ERROR] LogOutputStream:75 - [STDERR_REDIRECT] WARNING: Could not lock System prefs. Unix error code 2.
2025-09-05 10:12:54,983 [ERROR] LogOutputStream:75 - [STDERR_REDIRECT] 
2025-09-05 10:12:54,984 [ERROR] LogOutputStream:75 - [STDERR_REDIRECT] Sep 05, 2025 10:12:54 AM java.util.prefs.FileSystemPreferences syncWorld
2025-09-05 10:12:54,985 [ERROR] LogOutputStream:75 - [STDERR_REDIRECT] WARNING: Couldn't flush system prefs: java.util.prefs.BackingStoreException: Couldn't get file lock.
2025-09-05 10:12:54,985 [ERROR] LogOutputStream:75 - [STDERR_REDIRECT] 
2025-09-05 10:13:24,981 [ERROR] LogOutputStream:75 - [STDERR_REDIRECT] Sep 05, 2025 10:13:24 AM java.util.prefs.FileSystemPreferences checkLockFile0ErrorCode
2025-09-05 10:13:24,981 [ERROR] LogOutputStream:75 - [STDERR_REDIRECT] WARNING: Could not lock System prefs. Unix error code 2.
2025-09-05 10:13:24,981 [ERROR] LogOutputStream:75 - [STDERR_REDIRECT] 
2025-09-05 10:13:24,982 [ERROR] LogOutputStream:75 - [STDERR_REDIRECT] Sep 05, 2025 10:13:24 AM java.util.prefs.FileSystemPreferences syncWorld
2025-09-05 10:13:24,983 [ERROR] LogOutputStream:75 - [STDERR_REDIRECT] WARNING: Couldn't flush system prefs: java.util.prefs.BackingStoreException: Couldn't get file lock.
2025-09-05 10:13:24,983 [ERROR] LogOutputStream:75 - [STDERR_REDIRECT] 
2025-09-05 10:13:54,983 [ERROR] LogOutputStream:75 - [STDERR_REDIRECT] Sep 05, 2025 10:13:54 AM java.util.prefs.FileSystemPreferences checkLockFile0ErrorCode
2025-09-05 10:13:54,983 [ERROR] LogOutputStream:75 - [STDERR_REDIRECT] WARNING: Could not lock System prefs. Unix error code 2.
2025-09-05 10:13:54,984 [ERROR] LogOutputStream:75 - [STDERR_REDIRECT] 
2025-09-05 10:13:54,984 [ERROR] LogOutputStream:75 - [STDERR_REDIRECT] Sep 05, 2025 10:13:54 AM java.util.prefs.FileSystemPreferences syncWorld
2025-09-05 10:13:54,985 [ERROR] LogOutputStream:75 - [STDERR_REDIRECT] WARNING: Couldn't flush system prefs: java.util.prefs.BackingStoreException: Couldn't get file lock.
2025-09-05 10:13:54,985 [ERROR] LogOutputStream:75 - [STDERR_REDIRECT] 
2025-09-05 10:14:24,983 [ERROR] LogOutputStream:75 - [STDERR_REDIRECT] Sep 05, 2025 10:14:24 AM java.util.prefs.FileSystemPreferences checkLockFile0ErrorCode
2025-09-05 10:14:24,983 [ERROR] LogOutputStream:75 - [STDERR_REDIRECT] WARNING: Could not lock System prefs. Unix error code 2.
2025-09-05 10:14:24,983 [ERROR] LogOutputStream:75 - [STDERR_REDIRECT] 
2025-09-05 10:14:24,984 [ERROR] LogOutputStream:75 - [STDERR_REDIRECT] Sep 05, 2025 10:14:24 AM java.util.prefs.FileSystemPreferences syncWorld
2025-09-05 10:14:24,985 [ERROR] LogOutputStream:75 - [STDERR_REDIRECT] WARNING: Couldn't flush system prefs: java.util.prefs.BackingStoreException: Couldn't get file lock.
2025-09-05 10:14:24,985 [ERROR] LogOutputStream:75 - [STDERR_REDIRECT] 
2025-09-05 10:14:54,981 [ERROR] LogOutputStream:75 - [STDERR_REDIRECT] Sep 05, 2025 10:14:54 AM java.util.prefs.FileSystemPreferences checkLockFile0ErrorCode
2025-09-05 10:14:54,982 [ERROR] LogOutputStream:75 - [STDERR_REDIRECT] WARNING: Could not lock System prefs. Unix error code 2.
2025-09-05 10:14:54,982 [ERROR] LogOutputStream:75 - [STDERR_REDIRECT] 
2025-09-05 10:14:54,983 [ERROR] LogOutputStream:75 - [STDERR_REDIRECT] Sep 05, 2025 10:14:54 AM java.util.prefs.FileSystemPreferences syncWorld
2025-09-05 10:14:54,983 [ERROR] LogOutputStream:75 - [STDERR_REDIRECT] WARNING: Couldn't flush system prefs: java.util.prefs.BackingStoreException: Couldn't get file lock.
2025-09-05 10:14:54,983 [ERROR] LogOutputStream:75 - [STDERR_REDIRECT] 
2025-09-05 10:15:24,983 [ERROR] LogOutputStream:75 - [STDERR_REDIRECT] Sep 05, 2025 10:15:24 AM java.util.prefs.FileSystemPreferences checkLockFile0ErrorCode
2025-09-05 10:15:24,984 [ERROR] LogOutputStream:75 - [STDERR_REDIRECT] WARNING: Could not lock System prefs. Unix error code 2.
2025-09-05 10:15:24,984 [ERROR] LogOutputStream:75 - [STDERR_REDIRECT] 
2025-09-05 10:15:24,985 [ERROR] LogOutputStream:75 - [STDERR_REDIRECT] Sep 05, 2025 10:15:24 AM java.util.prefs.FileSystemPreferences syncWorld
2025-09-05 10:15:24,986 [ERROR] LogOutputStream:75 - [STDERR_REDIRECT] WARNING: Couldn't flush system prefs: java.util.prefs.BackingStoreException: Couldn't get file lock.
2025-09-05 10:15:24,986 [ERROR] LogOutputStream:75 - [STDERR_REDIRECT] 
2025-09-05 10:15:54,984 [ERROR] LogOutputStream:75 - [STDERR_REDIRECT] Sep 05, 2025 10:15:54 AM java.util.prefs.FileSystemPreferences checkLockFile0ErrorCode
2025-09-05 10:15:54,985 [ERROR] LogOutputStream:75 - [STDERR_REDIRECT] WARNING: Could not lock System prefs. Unix error code 2.
2025-09-05 10:15:54,985 [ERROR] LogOutputStream:75 - [STDERR_REDIRECT] 
2025-09-05 10:15:54,986 [ERROR] LogOutputStream:75 - [STDERR_REDIRECT] Sep 05, 2025 10:15:54 AM java.util.prefs.FileSystemPreferences syncWorld
2025-09-05 10:15:54,988 [ERROR] LogOutputStream:75 - [STDERR_REDIRECT] WARNING: Couldn't flush system prefs: java.util.prefs.BackingStoreException: Couldn't get file lock.
2025-09-05 10:15:54,988 [ERROR] LogOutputStream:75 - [STDERR_REDIRECT] 
2025-09-05 10:16:24,984 [ERROR] LogOutputStream:75 - [STDERR_REDIRECT] Sep 05, 2025 10:16:24 AM java.util.prefs.FileSystemPreferences checkLockFile0ErrorCode
2025-09-05 10:16:24,985 [ERROR] LogOutputStream:75 - [STDERR_REDIRECT] WARNING: Could not lock System prefs. Unix error code 2.
2025-09-05 10:16:24,985 [ERROR] LogOutputStream:75 - [STDERR_REDIRECT] 
2025-09-05 10:16:24,986 [ERROR] LogOutputStream:75 - [STDERR_REDIRECT] Sep 05, 2025 10:16:24 AM java.util.prefs.FileSystemPreferences syncWorld
2025-09-05 10:16:24,987 [ERROR] LogOutputStream:75 - [STDERR_REDIRECT] WARNING: Couldn't flush system prefs: java.util.prefs.BackingStoreException: Couldn't get file lock.
2025-09-05 10:16:24,987 [ERROR] LogOutputStream:75 - [STDERR_REDIRECT] 
2025-09-05 10:16:54,984 [ERROR] LogOutputStream:75 - [STDERR_REDIRECT] Sep 05, 2025 10:16:54 AM java.util.prefs.FileSystemPreferences checkLockFile0ErrorCode
2025-09-05 10:16:54,984 [ERROR] LogOutputStream:75 - [STDERR_REDIRECT] WARNING: Could not lock System prefs. Unix error code 2.
2025-09-05 10:16:54,985 [ERROR] LogOutputStream:75 - [STDERR_REDIRECT] 
2025-09-05 10:16:54,986 [ERROR] LogOutputStream:75 - [STDERR_REDIRECT] Sep 05, 2025 10:16:54 AM java.util.prefs.FileSystemPreferences syncWorld
2025-09-05 10:16:54,987 [ERROR] LogOutputStream:75 - [STDERR_REDIRECT] WARNING: Couldn't flush system prefs: java.util.prefs.BackingStoreException: Couldn't get file lock.
2025-09-05 10:16:54,988 [ERROR] LogOutputStream:75 - [STDERR_REDIRECT] 
2025-09-05 10:17:24,985 [ERROR] LogOutputStream:75 - [STDERR_REDIRECT] Sep 05, 2025 10:17:24 AM java.util.prefs.FileSystemPreferences checkLockFile0ErrorCode
2025-09-05 10:17:24,986 [ERROR] LogOutputStream:75 - [STDERR_REDIRECT] WARNING: Could not lock System prefs. Unix error code 2.
2025-09-05 10:17:24,986 [ERROR] LogOutputStream:75 - [STDERR_REDIRECT] 
2025-09-05 10:17:24,987 [ERROR] LogOutputStream:75 - [STDERR_REDIRECT] Sep 05, 2025 10:17:24 AM java.util.prefs.FileSystemPreferences syncWorld
2025-09-05 10:17:24,987 [ERROR] LogOutputStream:75 - [STDERR_REDIRECT] WARNING: Couldn't flush system prefs: java.util.prefs.BackingStoreException: Couldn't get file lock.
2025-09-05 10:17:24,987 [ERROR] LogOutputStream:75 - [STDERR_REDIRECT] 
2025-09-05 10:17:54,983 [ERROR] LogOutputStream:75 - [STDERR_REDIRECT] Sep 05, 2025 10:17:54 AM java.util.prefs.FileSystemPreferences checkLockFile0ErrorCode
2025-09-05 10:17:54,983 [ERROR] LogOutputStream:75 - [STDERR_REDIRECT] WARNING: Could not lock System prefs. Unix error code 2.
2025-09-05 10:17:54,984 [ERROR] LogOutputStream:75 - [STDERR_REDIRECT] 
2025-09-05 10:17:54,984 [ERROR] LogOutputStream:75 - [STDERR_REDIRECT] Sep 05, 2025 10:17:54 AM java.util.prefs.FileSystemPreferences syncWorld
2025-09-05 10:17:54,985 [ERROR] LogOutputStream:75 - [STDERR_REDIRECT] WARNING: Couldn't flush system prefs: java.util.prefs.BackingStoreException: Couldn't get file lock.
2025-09-05 10:17:54,985 [ERROR] LogOutputStream:75 - [STDERR_REDIRECT] 
2025-09-05 10:18:24,983 [ERROR] LogOutputStream:75 - [STDERR_REDIRECT] Sep 05, 2025 10:18:24 AM java.util.prefs.FileSystemPreferences checkLockFile0ErrorCode
2025-09-05 10:18:24,984 [ERROR] LogOutputStream:75 - [STDERR_REDIRECT] WARNING: Could not lock System prefs. Unix error code 2.
2025-09-05 10:18:24,984 [ERROR] LogOutputStream:75 - [STDERR_REDIRECT] 
2025-09-05 10:18:24,985 [ERROR] LogOutputStream:75 - [STDERR_REDIRECT] Sep 05, 2025 10:18:24 AM java.util.prefs.FileSystemPreferences syncWorld
2025-09-05 10:18:24,986 [ERROR] LogOutputStream:75 - [STDERR_REDIRECT] WARNING: Couldn't flush system prefs: java.util.prefs.BackingStoreException: Couldn't get file lock.
2025-09-05 10:18:24,987 [ERROR] LogOutputStream:75 - [STDERR_REDIRECT] 
2025-09-05 10:18:54,984 [ERROR] LogOutputStream:75 - [STDERR_REDIRECT] Sep 05, 2025 10:18:54 AM java.util.prefs.FileSystemPreferences checkLockFile0ErrorCode
2025-09-05 10:18:54,985 [ERROR] LogOutputStream:75 - [STDERR_REDIRECT] WARNING: Could not lock System prefs. Unix error code 2.
2025-09-05 10:18:54,985 [ERROR] LogOutputStream:75 - [STDERR_REDIRECT] 
2025-09-05 10:18:54,986 [ERROR] LogOutputStream:75 - [STDERR_REDIRECT] Sep 05, 2025 10:18:54 AM java.util.prefs.FileSystemPreferences syncWorld
2025-09-05 10:18:54,987 [ERROR] LogOutputStream:75 - [STDERR_REDIRECT] WARNING: Couldn't flush system prefs: java.util.prefs.BackingStoreException: Couldn't get file lock.
2025-09-05 10:18:54,988 [ERROR] LogOutputStream:75 - [STDERR_REDIRECT] 
2025-09-05 10:19:24,983 [ERROR] LogOutputStream:75 - [STDERR_REDIRECT] Sep 05, 2025 10:19:24 AM java.util.prefs.FileSystemPreferences checkLockFile0ErrorCode
2025-09-05 10:19:24,983 [ERROR] LogOutputStream:75 - [STDERR_REDIRECT] WARNING: Could not lock System prefs. Unix error code 2.
2025-09-05 10:19:24,983 [ERROR] LogOutputStream:75 - [STDERR_REDIRECT] 
2025-09-05 10:19:24,984 [ERROR] LogOutputStream:75 - [STDERR_REDIRECT] Sep 05, 2025 10:19:24 AM java.util.prefs.FileSystemPreferences syncWorld
2025-09-05 10:19:24,984 [ERROR] LogOutputStream:75 - [STDERR_REDIRECT] WARNING: Couldn't flush system prefs: java.util.prefs.BackingStoreException: Couldn't get file lock.
2025-09-05 10:19:24,984 [ERROR] LogOutputStream:75 - [STDERR_REDIRECT] 
2025-09-05 10:19:54,983 [ERROR] LogOutputStream:75 - [STDERR_REDIRECT] Sep 05, 2025 10:19:54 AM java.util.prefs.FileSystemPreferences checkLockFile0ErrorCode
2025-09-05 10:19:54,984 [ERROR] LogOutputStream:75 - [STDERR_REDIRECT] WARNING: Could not lock System prefs. Unix error code 2.
2025-09-05 10:19:54,984 [ERROR] LogOutputStream:75 - [STDERR_REDIRECT] 
2025-09-05 10:19:54,985 [ERROR] LogOutputStream:75 - [STDERR_REDIRECT] Sep 05, 2025 10:19:54 AM java.util.prefs.FileSystemPreferences syncWorld
2025-09-05 10:19:54,985 [ERROR] LogOutputStream:75 - [STDERR_REDIRECT] WARNING: Couldn't flush system prefs: java.util.prefs.BackingStoreException: Couldn't get file lock.
2025-09-05 10:19:54,985 [ERROR] LogOutputStream:75 - [STDERR_REDIRECT] 
2025-09-05 10:20:24,984 [ERROR] LogOutputStream:75 - [STDERR_REDIRECT] Sep 05, 2025 10:20:24 AM java.util.prefs.FileSystemPreferences checkLockFile0ErrorCode
2025-09-05 10:20:24,985 [ERROR] LogOutputStream:75 - [STDERR_REDIRECT] WARNING: Could not lock System prefs. Unix error code 2.
2025-09-05 10:20:24,985 [ERROR] LogOutputStream:75 - [STDERR_REDIRECT] 
2025-09-05 10:20:24,985 [ERROR] LogOutputStream:75 - [STDERR_REDIRECT] Sep 05, 2025 10:20:24 AM java.util.prefs.FileSystemPreferences syncWorld
2025-09-05 10:20:24,986 [ERROR] LogOutputStream:75 - [STDERR_REDIRECT] WARNING: Couldn't flush system prefs: java.util.prefs.BackingStoreException: Couldn't get file lock.
2025-09-05 10:20:24,986 [ERROR] LogOutputStream:75 - [STDERR_REDIRECT] 
2025-09-05 10:20:54,985 [ERROR] LogOutputStream:75 - [STDERR_REDIRECT] Sep 05, 2025 10:20:54 AM java.util.prefs.FileSystemPreferences checkLockFile0ErrorCode
2025-09-05 10:20:54,985 [ERROR] LogOutputStream:75 - [STDERR_REDIRECT] WARNING: Could not lock System prefs. Unix error code 2.
2025-09-05 10:20:54,986 [ERROR] LogOutputStream:75 - [STDERR_REDIRECT] 
2025-09-05 10:20:54,986 [ERROR] LogOutputStream:75 - [STDERR_REDIRECT] Sep 05, 2025 10:20:54 AM java.util.prefs.FileSystemPreferences syncWorld
2025-09-05 10:20:54,987 [ERROR] LogOutputStream:75 - [STDERR_REDIRECT] WARNING: Couldn't flush system prefs: java.util.prefs.BackingStoreException: Couldn't get file lock.
2025-09-05 10:20:54,987 [ERROR] LogOutputStream:75 - [STDERR_REDIRECT] 
2025-09-05 10:21:24,985 [ERROR] LogOutputStream:75 - [STDERR_REDIRECT] Sep 05, 2025 10:21:24 AM java.util.prefs.FileSystemPreferences checkLockFile0ErrorCode
2025-09-05 10:21:24,985 [ERROR] LogOutputStream:75 - [STDERR_REDIRECT] WARNING: Could not lock System prefs. Unix error code 2.
2025-09-05 10:21:24,986 [ERROR] LogOutputStream:75 - [STDERR_REDIRECT] 
2025-09-05 10:21:24,986 [ERROR] LogOutputStream:75 - [STDERR_REDIRECT] Sep 05, 2025 10:21:24 AM java.util.prefs.FileSystemPreferences syncWorld
2025-09-05 10:21:24,986 [ERROR] LogOutputStream:75 - [STDERR_REDIRECT] WARNING: Couldn't flush system prefs: java.util.prefs.BackingStoreException: Couldn't get file lock.
2025-09-05 10:21:24,987 [ERROR] LogOutputStream:75 - [STDERR_REDIRECT] 
2025-09-05 10:21:54,984 [ERROR] LogOutputStream:75 - [STDERR_REDIRECT] Sep 05, 2025 10:21:54 AM java.util.prefs.FileSystemPreferences checkLockFile0ErrorCode
2025-09-05 10:21:54,984 [ERROR] LogOutputStream:75 - [STDERR_REDIRECT] WARNING: Could not lock System prefs. Unix error code 2.
2025-09-05 10:21:54,984 [ERROR] LogOutputStream:75 - [STDERR_REDIRECT] 
2025-09-05 10:21:54,985 [ERROR] LogOutputStream:75 - [STDERR_REDIRECT] Sep 05, 2025 10:21:54 AM java.util.prefs.FileSystemPreferences syncWorld
2025-09-05 10:21:54,985 [ERROR] LogOutputStream:75 - [STDERR_REDIRECT] WARNING: Couldn't flush system prefs: java.util.prefs.BackingStoreException: Couldn't get file lock.
2025-09-05 10:21:54,985 [ERROR] LogOutputStream:75 - [STDERR_REDIRECT] 
2025-09-05 10:22:24,987 [ERROR] LogOutputStream:75 - [STDERR_REDIRECT] Sep 05, 2025 10:22:24 AM java.util.prefs.FileSystemPreferences checkLockFile0ErrorCode
2025-09-05 10:22:24,988 [ERROR] LogOutputStream:75 - [STDERR_REDIRECT] WARNING: Could not lock System prefs. Unix error code 2.
2025-09-05 10:22:24,988 [ERROR] LogOutputStream:75 - [STDERR_REDIRECT] 
2025-09-05 10:22:24,988 [ERROR] LogOutputStream:75 - [STDERR_REDIRECT] Sep 05, 2025 10:22:24 AM java.util.prefs.FileSystemPreferences syncWorld
2025-09-05 10:22:24,989 [ERROR] LogOutputStream:75 - [STDERR_REDIRECT] WARNING: Couldn't flush system prefs: java.util.prefs.BackingStoreException: Couldn't get file lock.
2025-09-05 10:22:24,989 [ERROR] LogOutputStream:75 - [STDERR_REDIRECT] 
2025-09-05 10:22:54,985 [ERROR] LogOutputStream:75 - [STDERR_REDIRECT] Sep 05, 2025 10:22:54 AM java.util.prefs.FileSystemPreferences checkLockFile0ErrorCode
2025-09-05 10:22:54,986 [ERROR] LogOutputStream:75 - [STDERR_REDIRECT] WARNING: Could not lock System prefs. Unix error code 2.
2025-09-05 10:22:54,986 [ERROR] LogOutputStream:75 - [STDERR_REDIRECT] 
2025-09-05 10:22:54,987 [ERROR] LogOutputStream:75 - [STDERR_REDIRECT] Sep 05, 2025 10:22:54 AM java.util.prefs.FileSystemPreferences syncWorld
2025-09-05 10:22:54,987 [ERROR] LogOutputStream:75 - [STDERR_REDIRECT] WARNING: Couldn't flush system prefs: java.util.prefs.BackingStoreException: Couldn't get file lock.
2025-09-05 10:22:54,987 [ERROR] LogOutputStream:75 - [STDERR_REDIRECT] 
2025-09-05 10:23:24,986 [ERROR] LogOutputStream:75 - [STDERR_REDIRECT] Sep 05, 2025 10:23:24 AM java.util.prefs.FileSystemPreferences checkLockFile0ErrorCode
2025-09-05 10:23:24,987 [ERROR] LogOutputStream:75 - [STDERR_REDIRECT] WARNING: Could not lock System prefs. Unix error code 2.
2025-09-05 10:23:24,987 [ERROR] LogOutputStream:75 - [STDERR_REDIRECT] 
2025-09-05 10:23:24,988 [ERROR] LogOutputStream:75 - [STDERR_REDIRECT] Sep 05, 2025 10:23:24 AM java.util.prefs.FileSystemPreferences syncWorld
2025-09-05 10:23:24,989 [ERROR] LogOutputStream:75 - [STDERR_REDIRECT] WARNING: Couldn't flush system prefs: java.util.prefs.BackingStoreException: Couldn't get file lock.
2025-09-05 10:23:24,989 [ERROR] LogOutputStream:75 - [STDERR_REDIRECT] 
2025-09-05 10:23:54,986 [ERROR] LogOutputStream:75 - [STDERR_REDIRECT] Sep 05, 2025 10:23:54 AM java.util.prefs.FileSystemPreferences checkLockFile0ErrorCode
2025-09-05 10:23:54,987 [ERROR] LogOutputStream:75 - [STDERR_REDIRECT] WARNING: Could not lock System prefs. Unix error code 2.
2025-09-05 10:23:54,987 [ERROR] LogOutputStream:75 - [STDERR_REDIRECT] 
2025-09-05 10:23:54,988 [ERROR] LogOutputStream:75 - [STDERR_REDIRECT] Sep 05, 2025 10:23:54 AM java.util.prefs.FileSystemPreferences syncWorld
2025-09-05 10:23:54,989 [ERROR] LogOutputStream:75 - [STDERR_REDIRECT] WARNING: Couldn't flush system prefs: java.util.prefs.BackingStoreException: Couldn't get file lock.
2025-09-05 10:23:54,989 [ERROR] LogOutputStream:75 - [STDERR_REDIRECT] 
2025-09-05 10:24:24,986 [ERROR] LogOutputStream:75 - [STDERR_REDIRECT] Sep 05, 2025 10:24:24 AM java.util.prefs.FileSystemPreferences checkLockFile0ErrorCode
2025-09-05 10:24:24,987 [ERROR] LogOutputStream:75 - [STDERR_REDIRECT] WARNING: Could not lock System prefs. Unix error code 2.
2025-09-05 10:24:24,987 [ERROR] LogOutputStream:75 - [STDERR_REDIRECT] 
2025-09-05 10:24:24,988 [ERROR] LogOutputStream:75 - [STDERR_REDIRECT] Sep 05, 2025 10:24:24 AM java.util.prefs.FileSystemPreferences syncWorld
2025-09-05 10:24:24,989 [ERROR] LogOutputStream:75 - [STDERR_REDIRECT] WARNING: Couldn't flush system prefs: java.util.prefs.BackingStoreException: Couldn't get file lock.
2025-09-05 10:24:24,989 [ERROR] LogOutputStream:75 - [STDERR_REDIRECT] 
2025-09-05 10:24:54,987 [ERROR] LogOutputStream:75 - [STDERR_REDIRECT] Sep 05, 2025 10:24:54 AM java.util.prefs.FileSystemPreferences checkLockFile0ErrorCode
2025-09-05 10:24:54,987 [ERROR] LogOutputStream:75 - [STDERR_REDIRECT] WARNING: Could not lock System prefs. Unix error code 2.
2025-09-05 10:24:54,988 [ERROR] LogOutputStream:75 - [STDERR_REDIRECT] 
2025-09-05 10:24:54,988 [ERROR] LogOutputStream:75 - [STDERR_REDIRECT] Sep 05, 2025 10:24:54 AM java.util.prefs.FileSystemPreferences syncWorld
2025-09-05 10:24:54,989 [ERROR] LogOutputStream:75 - [STDERR_REDIRECT] WARNING: Couldn't flush system prefs: java.util.prefs.BackingStoreException: Couldn't get file lock.
2025-09-05 10:24:54,989 [ERROR] LogOutputStream:75 - [STDERR_REDIRECT] 
2025-09-05 10:25:24,987 [ERROR] LogOutputStream:75 - [STDERR_REDIRECT] Sep 05, 2025 10:25:24 AM java.util.prefs.FileSystemPreferences checkLockFile0ErrorCode
2025-09-05 10:25:24,988 [ERROR] LogOutputStream:75 - [STDERR_REDIRECT] WARNING: Could not lock System prefs. Unix error code 2.
2025-09-05 10:25:24,989 [ERROR] LogOutputStream:75 - [STDERR_REDIRECT] 
2025-09-05 10:25:24,990 [ERROR] LogOutputStream:75 - [STDERR_REDIRECT] Sep 05, 2025 10:25:24 AM java.util.prefs.FileSystemPreferences syncWorld
2025-09-05 10:25:24,991 [ERROR] LogOutputStream:75 - [STDERR_REDIRECT] WARNING: Couldn't flush system prefs: java.util.prefs.BackingStoreException: Couldn't get file lock.
2025-09-05 10:25:24,991 [ERROR] LogOutputStream:75 - [STDERR_REDIRECT] 
2025-09-05 10:25:54,988 [ERROR] LogOutputStream:75 - [STDERR_REDIRECT] Sep 05, 2025 10:25:54 AM java.util.prefs.FileSystemPreferences checkLockFile0ErrorCode
2025-09-05 10:25:54,989 [ERROR] LogOutputStream:75 - [STDERR_REDIRECT] WARNING: Could not lock System prefs. Unix error code 2.
2025-09-05 10:25:54,989 [ERROR] LogOutputStream:75 - [STDERR_REDIRECT] 
2025-09-05 10:25:54,990 [ERROR] LogOutputStream:75 - [STDERR_REDIRECT] Sep 05, 2025 10:25:54 AM java.util.prefs.FileSystemPreferences syncWorld
2025-09-05 10:25:54,991 [ERROR] LogOutputStream:75 - [STDERR_REDIRECT] WARNING: Couldn't flush system prefs: java.util.prefs.BackingStoreException: Couldn't get file lock.
2025-09-05 10:25:54,991 [ERROR] LogOutputStream:75 - [STDERR_REDIRECT] 
2025-09-05 10:26:24,988 [ERROR] LogOutputStream:75 - [STDERR_REDIRECT] Sep 05, 2025 10:26:24 AM java.util.prefs.FileSystemPreferences checkLockFile0ErrorCode
2025-09-05 10:26:24,988 [ERROR] LogOutputStream:75 - [STDERR_REDIRECT] WARNING: Could not lock System prefs. Unix error code 2.
2025-09-05 10:26:24,989 [ERROR] LogOutputStream:75 - [STDERR_REDIRECT] 
2025-09-05 10:26:24,989 [ERROR] LogOutputStream:75 - [STDERR_REDIRECT] Sep 05, 2025 10:26:24 AM java.util.prefs.FileSystemPreferences syncWorld
2025-09-05 10:26:24,990 [ERROR] LogOutputStream:75 - [STDERR_REDIRECT] WARNING: Couldn't flush system prefs: java.util.prefs.BackingStoreException: Couldn't get file lock.
2025-09-05 10:26:24,991 [ERROR] LogOutputStream:75 - [STDERR_REDIRECT] 
2025-09-05 10:26:54,987 [ERROR] LogOutputStream:75 - [STDERR_REDIRECT] Sep 05, 2025 10:26:54 AM java.util.prefs.FileSystemPreferences checkLockFile0ErrorCode
2025-09-05 10:26:54,988 [ERROR] LogOutputStream:75 - [STDERR_REDIRECT] WARNING: Could not lock System prefs. Unix error code 2.
2025-09-05 10:26:54,988 [ERROR] LogOutputStream:75 - [STDERR_REDIRECT] 
2025-09-05 10:26:54,989 [ERROR] LogOutputStream:75 - [STDERR_REDIRECT] Sep 05, 2025 10:26:54 AM java.util.prefs.FileSystemPreferences syncWorld
2025-09-05 10:26:54,990 [ERROR] LogOutputStream:75 - [STDERR_REDIRECT] WARNING: Couldn't flush system prefs: java.util.prefs.BackingStoreException: Couldn't get file lock.
2025-09-05 10:26:54,990 [ERROR] LogOutputStream:75 - [STDERR_REDIRECT] 
2025-09-05 10:27:24,987 [ERROR] LogOutputStream:75 - [STDERR_REDIRECT] Sep 05, 2025 10:27:24 AM java.util.prefs.FileSystemPreferences checkLockFile0ErrorCode
2025-09-05 10:27:24,989 [ERROR] LogOutputStream:75 - [STDERR_REDIRECT] WARNING: Could not lock System prefs. Unix error code 2.
2025-09-05 10:27:24,989 [ERROR] LogOutputStream:75 - [STDERR_REDIRECT] 
2025-09-05 10:27:24,990 [ERROR] LogOutputStream:75 - [STDERR_REDIRECT] Sep 05, 2025 10:27:24 AM java.util.prefs.FileSystemPreferences syncWorld
2025-09-05 10:27:24,991 [ERROR] LogOutputStream:75 - [STDERR_REDIRECT] WARNING: Couldn't flush system prefs: java.util.prefs.BackingStoreException: Couldn't get file lock.
2025-09-05 10:27:24,991 [ERROR] LogOutputStream:75 - [STDERR_REDIRECT] 
2025-09-05 10:27:54,987 [ERROR] LogOutputStream:75 - [STDERR_REDIRECT] Sep 05, 2025 10:27:54 AM java.util.prefs.FileSystemPreferences checkLockFile0ErrorCode
2025-09-05 10:27:54,988 [ERROR] LogOutputStream:75 - [STDERR_REDIRECT] WARNING: Could not lock System prefs. Unix error code 2.
2025-09-05 10:27:54,988 [ERROR] LogOutputStream:75 - [STDERR_REDIRECT] 
2025-09-05 10:27:54,989 [ERROR] LogOutputStream:75 - [STDERR_REDIRECT] Sep 05, 2025 10:27:54 AM java.util.prefs.FileSystemPreferences syncWorld
2025-09-05 10:27:54,990 [ERROR] LogOutputStream:75 - [STDERR_REDIRECT] WARNING: Couldn't flush system prefs: java.util.prefs.BackingStoreException: Couldn't get file lock.
2025-09-05 10:27:54,990 [ERROR] LogOutputStream:75 - [STDERR_REDIRECT] 
2025-09-05 10:28:24,988 [ERROR] LogOutputStream:75 - [STDERR_REDIRECT] Sep 05, 2025 10:28:24 AM java.util.prefs.FileSystemPreferences checkLockFile0ErrorCode
2025-09-05 10:28:24,989 [ERROR] LogOutputStream:75 - [STDERR_REDIRECT] WARNING: Could not lock System prefs. Unix error code 2.
2025-09-05 10:28:24,989 [ERROR] LogOutputStream:75 - [STDERR_REDIRECT] 
2025-09-05 10:28:24,990 [ERROR] LogOutputStream:75 - [STDERR_REDIRECT] Sep 05, 2025 10:28:24 AM java.util.prefs.FileSystemPreferences syncWorld
2025-09-05 10:28:24,991 [ERROR] LogOutputStream:75 - [STDERR_REDIRECT] WARNING: Couldn't flush system prefs: java.util.prefs.BackingStoreException: Couldn't get file lock.
2025-09-05 10:28:24,991 [ERROR] LogOutputStream:75 - [STDERR_REDIRECT] 
2025-09-05 10:50:47,825 [INFO] WebApp:194 - Connection lost
2025-09-05 10:51:08,985 [ERROR] LogOutputStream:75 - [STDERR_REDIRECT] Sep 05, 2025 10:51:08 AM java.util.prefs.FileSystemPreferences checkLockFile0ErrorCode
2025-09-05 10:51:08,986 [ERROR] LogOutputStream:75 - [STDERR_REDIRECT] WARNING: Could not lock System prefs. Unix error code 2.
2025-09-05 10:51:08,986 [ERROR] LogOutputStream:75 - [STDERR_REDIRECT] 
2025-09-05 10:51:08,987 [ERROR] LogOutputStream:75 - [STDERR_REDIRECT] Sep 05, 2025 10:51:08 AM java.util.prefs.FileSystemPreferences syncWorld
2025-09-05 10:51:08,988 [ERROR] LogOutputStream:75 - [STDERR_REDIRECT] WARNING: Couldn't flush system prefs: java.util.prefs.BackingStoreException: Couldn't get file lock.
2025-09-05 10:51:08,988 [ERROR] LogOutputStream:75 - [STDERR_REDIRECT] 
2025-09-05 10:51:38,986 [ERROR] LogOutputStream:75 - [STDERR_REDIRECT] Sep 05, 2025 10:51:38 AM java.util.prefs.FileSystemPreferences checkLockFile0ErrorCode
2025-09-05 10:51:38,987 [ERROR] LogOutputStream:75 - [STDERR_REDIRECT] WARNING: Could not lock System prefs. Unix error code 2.
2025-09-05 10:51:38,987 [ERROR] LogOutputStream:75 - [STDERR_REDIRECT] 
2025-09-05 10:51:38,988 [ERROR] LogOutputStream:75 - [STDERR_REDIRECT] Sep 05, 2025 10:51:38 AM java.util.prefs.FileSystemPreferences syncWorld
2025-09-05 10:51:38,989 [ERROR] LogOutputStream:75 - [STDERR_REDIRECT] WARNING: Couldn't flush system prefs: java.util.prefs.BackingStoreException: Couldn't get file lock.
2025-09-05 10:51:38,989 [ERROR] LogOutputStream:75 - [STDERR_REDIRECT] 
2025-09-05 10:52:08,985 [ERROR] LogOutputStream:75 - [STDERR_REDIRECT] Sep 05, 2025 10:52:08 AM java.util.prefs.FileSystemPreferences checkLockFile0ErrorCode
2025-09-05 10:52:08,986 [ERROR] LogOutputStream:75 - [STDERR_REDIRECT] WARNING: Could not lock System prefs. Unix error code 2.
2025-09-05 10:52:08,986 [ERROR] LogOutputStream:75 - [STDERR_REDIRECT] 
2025-09-05 10:52:08,987 [ERROR] LogOutputStream:75 - [STDERR_REDIRECT] Sep 05, 2025 10:52:08 AM java.util.prefs.FileSystemPreferences syncWorld
2025-09-05 10:52:08,988 [ERROR] LogOutputStream:75 - [STDERR_REDIRECT] WARNING: Couldn't flush system prefs: java.util.prefs.BackingStoreException: Couldn't get file lock.
2025-09-05 10:52:08,988 [ERROR] LogOutputStream:75 - [STDERR_REDIRECT] 
2025-09-05 10:52:18,045 [ERROR] ConfigurationRetriever:142 - IOException on connection: sw-center.st.com
2025-09-05 10:52:18,046 [ERROR] ConfigurationRetriever:142 - IOException on connection: sw-center.st.com
2025-09-05 10:52:18,047 [ERROR] ConfigurationRetriever:142 - IOException on connection: sw-center.st.com
2025-09-05 10:52:38,989 [ERROR] LogOutputStream:75 - [STDERR_REDIRECT] Sep 05, 2025 10:52:38 AM java.util.prefs.FileSystemPreferences checkLockFile0ErrorCode
2025-09-05 10:52:38,990 [ERROR] LogOutputStream:75 - [STDERR_REDIRECT] WARNING: Could not lock System prefs. Unix error code 2.
2025-09-05 10:52:38,990 [ERROR] LogOutputStream:75 - [STDERR_REDIRECT] 
2025-09-05 10:52:38,991 [ERROR] LogOutputStream:75 - [STDERR_REDIRECT] Sep 05, 2025 10:52:38 AM java.util.prefs.FileSystemPreferences syncWorld
2025-09-05 10:52:38,992 [ERROR] LogOutputStream:75 - [STDERR_REDIRECT] WARNING: Couldn't flush system prefs: java.util.prefs.BackingStoreException: Couldn't get file lock.
2025-09-05 10:52:38,992 [ERROR] LogOutputStream:75 - [STDERR_REDIRECT] 
2025-09-05 10:53:08,986 [ERROR] LogOutputStream:75 - [STDERR_REDIRECT] Sep 05, 2025 10:53:08 AM java.util.prefs.FileSystemPreferences checkLockFile0ErrorCode
2025-09-05 10:53:08,987 [ERROR] LogOutputStream:75 - [STDERR_REDIRECT] WARNING: Could not lock System prefs. Unix error code 2.
2025-09-05 10:53:08,987 [ERROR] LogOutputStream:75 - [STDERR_REDIRECT] 
2025-09-05 10:53:08,988 [ERROR] LogOutputStream:75 - [STDERR_REDIRECT] Sep 05, 2025 10:53:08 AM java.util.prefs.FileSystemPreferences syncWorld
2025-09-05 10:53:08,990 [ERROR] LogOutputStream:75 - [STDERR_REDIRECT] WARNING: Couldn't flush system prefs: java.util.prefs.BackingStoreException: Couldn't get file lock.
2025-09-05 10:53:08,990 [ERROR] LogOutputStream:75 - [STDERR_REDIRECT] 
2025-09-05 10:53:38,985 [ERROR] LogOutputStream:75 - [STDERR_REDIRECT] Sep 05, 2025 10:53:38 AM java.util.prefs.FileSystemPreferences checkLockFile0ErrorCode
2025-09-05 10:53:38,986 [ERROR] LogOutputStream:75 - [STDERR_REDIRECT] WARNING: Could not lock System prefs. Unix error code 2.
2025-09-05 10:53:38,986 [ERROR] LogOutputStream:75 - [STDERR_REDIRECT] 
2025-09-05 10:53:38,987 [ERROR] LogOutputStream:75 - [STDERR_REDIRECT] Sep 05, 2025 10:53:38 AM java.util.prefs.FileSystemPreferences syncWorld
2025-09-05 10:53:38,988 [ERROR] LogOutputStream:75 - [STDERR_REDIRECT] WARNING: Couldn't flush system prefs: java.util.prefs.BackingStoreException: Couldn't get file lock.
2025-09-05 10:53:38,989 [ERROR] LogOutputStream:75 - [STDERR_REDIRECT] 
2025-09-05 10:53:39,669 [ERROR] ConfigurationRetriever:142 - IOException on connection: sw-center.st.com
2025-09-05 10:53:39,669 [ERROR] ConfigurationRetriever:142 - IOException on connection: sw-center.st.com
2025-09-05 10:53:39,670 [ERROR] ConfigurationRetriever:142 - IOException on connection: sw-center.st.com
2025-09-05 10:53:40,224 [ERROR] LogOutputStream:75 - [STDERR_REDIRECT] 
2025-09-05 10:53:40,225 [ERROR] LogOutputStream:75 - [STDERR_REDIRECT] 
