2025-09-12 14:26:43,338 [INFO] Activator:176 - 


2025-09-12 14:26:43,341 [INFO] Activator:177 - !SESSION log4j initialized
2025-09-12 14:26:46,460 [INFO] LogOutputStream:77 - [STDOUT_REDIRECT] 
2025-09-12 14:26:47,134 [INFO] ApplicationProperties:184 - Using Application install path: /opt/st/stm32cubeide_1.19.0/plugins/com.st.stm32cube.common.mx_6.15.0.202507011659
2025-09-12 14:26:47,145 [INFO] DbMcusXml:78 - Set database path to: /opt/st/stm32cubeide_1.19.0/plugins/com.st.stm32cube.common.mx_6.15.0.202507011659//db//mcu/
2025-09-12 14:26:47,145 [INFO] ApiDb:274 - Set plugin database path to: /opt/st/stm32cubeide_1.19.0/plugins/com.st.stm32cube.common.mx_6.15.0.202507011659//db//plugins/boardmanager/
2025-09-12 14:26:47,145 [WARN] ApiDb:259 - Overriding images path with different value:  => /opt/st/stm32cubeide_1.19.0/plugins/com.st.stm32cube.common.mx_6.15.0.202507011659//db//plugins/mcufinder/images/
2025-09-12 14:26:47,149 [INFO] ApiDb:250 - Set database path to: /home/matijak/.stmcufinder/plugins/mcufinder//mcu/
2025-09-12 14:26:47,150 [INFO] DbMcusAds:125 - Set database path to: /home/matijak/.stmcufinder/plugins/mcufinder//mcu/
2025-09-12 14:26:47,151 [INFO] CrossReferenceDbSqlite:203 - Set database path to: /home/matijak/.stmcufinder/plugins/mcufinder//mcu/cs/
2025-09-12 14:26:47,218 [INFO] RulesReader:64 - Compatibility file has been processed (317 Rules)
2025-09-12 14:26:47,263 [INFO] DbMcusXml:78 - Set database path to: /opt/st/stm32cubeide_1.19.0/plugins/com.st.stm32cube.common.mx_6.15.0.202507011659//db//mcu/
2025-09-12 14:26:47,264 [INFO] ApiDb:274 - Set plugin database path to: /opt/st/stm32cubeide_1.19.0/plugins/com.st.stm32cube.common.mx_6.15.0.202507011659//db//plugins/boardmanager/
2025-09-12 14:26:47,264 [INFO] ApiDb:261 - Set plugin images path to: /opt/st/stm32cubeide_1.19.0/plugins/com.st.stm32cube.common.mx_6.15.0.202507011659//db//plugins/mcufinder/images/
2025-09-12 14:26:47,264 [WARN] DbFile:41 - Overriding database path with different value: /home/matijak/.stmcufinder/plugins/mcufinder/ => /home/matijak/.stmcufinder/plugins/mcufinder
2025-09-12 14:26:47,264 [INFO] ApiDb:250 - Set database path to: /home/matijak/.stmcufinder/plugins/mcufinder//mcu/
2025-09-12 14:26:47,264 [WARN] DbFile:41 - Overriding database path with different value: /home/matijak/.stmcufinder/plugins/mcufinder/ => /home/matijak/.stmcufinder/plugins/mcufinder
2025-09-12 14:26:47,264 [INFO] DbMcusAds:125 - Set database path to: /home/matijak/.stmcufinder/plugins/mcufinder//mcu/
2025-09-12 14:26:47,264 [WARN] DbFile:41 - Overriding database path with different value: /home/matijak/.stmcufinder/plugins/mcufinder/ => /home/matijak/.stmcufinder/plugins/mcufinder
2025-09-12 14:26:47,264 [WARN] DbFile:41 - Overriding database path with different value: /home/matijak/.stmcufinder/plugins/mcufinder/ => /home/matijak/.stmcufinder/plugins/mcufinder
2025-09-12 14:26:47,264 [INFO] CrossReferenceDbSqlite:203 - Set database path to: /home/matijak/.stmcufinder/plugins/mcufinder//mcu/cs/
2025-09-12 14:26:47,314 [INFO] MainPanel:274 - HeapMemory: 268435456
2025-09-12 14:26:47,402 [INFO] DbMcusXml:78 - Set database path to: /opt/st/stm32cubeide_1.19.0/plugins/com.st.stm32cube.common.mx_6.15.0.202507011659//db//mcu/
2025-09-12 14:26:47,402 [INFO] ApiDb:274 - Set plugin database path to: /opt/st/stm32cubeide_1.19.0/plugins/com.st.stm32cube.common.mx_6.15.0.202507011659//db//plugins/boardmanager/
2025-09-12 14:26:47,402 [INFO] ApiDb:261 - Set plugin images path to: /opt/st/stm32cubeide_1.19.0/plugins/com.st.stm32cube.common.mx_6.15.0.202507011659//db//plugins/mcufinder/images/
2025-09-12 14:26:47,402 [WARN] DbFile:41 - Overriding database path with different value: /home/matijak/.stmcufinder/plugins/mcufinder/ => /home/matijak/.stmcufinder/plugins/mcufinder
2025-09-12 14:26:47,402 [INFO] ApiDb:250 - Set database path to: /home/matijak/.stmcufinder/plugins/mcufinder//mcu/
2025-09-12 14:26:47,402 [WARN] DbFile:41 - Overriding database path with different value: /home/matijak/.stmcufinder/plugins/mcufinder/ => /home/matijak/.stmcufinder/plugins/mcufinder
2025-09-12 14:26:47,402 [INFO] DbMcusAds:125 - Set database path to: /home/matijak/.stmcufinder/plugins/mcufinder//mcu/
2025-09-12 14:26:47,402 [WARN] DbFile:41 - Overriding database path with different value: /home/matijak/.stmcufinder/plugins/mcufinder/ => /home/matijak/.stmcufinder/plugins/mcufinder
2025-09-12 14:26:47,403 [WARN] DbFile:41 - Overriding database path with different value: /home/matijak/.stmcufinder/plugins/mcufinder/ => /home/matijak/.stmcufinder/plugins/mcufinder
2025-09-12 14:26:47,403 [INFO] CrossReferenceDbSqlite:203 - Set database path to: /home/matijak/.stmcufinder/plugins/mcufinder//mcu/cs/
2025-09-12 14:26:47,413 [INFO] ApplicationProperties:184 - Using Application install path: /opt/st/stm32cubeide_1.19.0/plugins/com.st.stm32cube.common.mx_6.15.0.202507011659
2025-09-12 14:26:47,414 [INFO] PluginManage:196 - Search for loadable plugins [exclusion list=, ]
2025-09-12 14:26:47,415 [INFO] PluginManage:310 - Check plugin analytics
2025-09-12 14:26:47,506 [INFO] AnalyticsPlugin:253 - Accepted Software Licenses: 
2025-09-12 14:26:47,506 [INFO] AnalyticsPlugin:255 - Accepted CMSIS Pack Licenses: 
2025-09-12 14:26:47,506 [INFO] AnalyticsPlugin:257 - Accepted Firmware Licenses: FW.L4.1.18.0,FW.G4.1.6.0
2025-09-12 14:26:47,508 [INFO] PluginManage:359 - Loaded plugin analytics (category:tool,tabindex:-1)
2025-09-12 14:26:47,508 [INFO] PluginManage:310 - Check plugin cadmodel
2025-09-12 14:26:47,511 [INFO] CADModel:105 - Init CAD model plugin
2025-09-12 14:26:47,512 [INFO] PluginManage:359 - Loaded plugin cadmodel (category:power,tabindex:5)
2025-09-12 14:26:47,512 [INFO] PluginManage:310 - Check plugin clock
2025-09-12 14:26:47,517 [INFO] PluginManage:359 - Loaded plugin clock (category:base,tabindex:2)
2025-09-12 14:26:47,517 [INFO] PluginManage:310 - Check plugin ddr
2025-09-12 14:26:47,518 [INFO] PluginManage:359 - Loaded plugin ddr (category:tool,tabindex:6)
2025-09-12 14:26:47,518 [INFO] PluginManage:310 - Check plugin filemanager
2025-09-12 14:26:47,614 [INFO] PluginManage:359 - Loaded plugin filemanager (category:base,tabindex:10)
2025-09-12 14:26:47,615 [INFO] PluginManage:310 - Check plugin ipmanager
2025-09-12 14:26:47,618 [INFO] PluginManage:359 - Loaded plugin ipmanager (category:base,tabindex:5)
2025-09-12 14:26:47,618 [INFO] PluginManage:310 - Check plugin lpbam
2025-09-12 14:26:47,625 [INFO] PluginManage:359 - Loaded plugin lpbam (category:base,tabindex:0)
2025-09-12 14:26:47,625 [INFO] PluginManage:310 - Check plugin memorymap
2025-09-12 14:26:47,633 [INFO] PluginManage:359 - Loaded plugin memorymap (category:base,tabindex:4)
2025-09-12 14:26:47,633 [INFO] PluginManage:310 - Check plugin pinoutandconfiguration
2025-09-12 14:26:47,638 [INFO] PluginManage:359 - Loaded plugin pinoutandconfiguration (category:base,tabindex:1)
2025-09-12 14:26:47,638 [INFO] PluginManage:310 - Check plugin pinoutconfig
2025-09-12 14:26:47,694 [WARN] SupportedApi:132 - Cannot load RTOS API schema: s4s-elt-must-match.1: The content of 'definitions' must match (annotation?, (simpleType | complexType)?, (unique | key | keyref)*)). A problem was found starting at: attribute.
2025-09-12 14:26:47,782 [INFO] PluginManage:359 - Loaded plugin pinoutconfig (category:base,tabindex:0)
2025-09-12 14:26:47,782 [INFO] PluginManage:310 - Check plugin power
2025-09-12 14:26:47,790 [INFO] PluginManage:359 - Loaded plugin power (category:power,tabindex:4)
2025-09-12 14:26:47,790 [INFO] PluginManage:310 - Check plugin projectmanager
2025-09-12 14:26:47,801 [INFO] PluginManage:359 - Loaded plugin projectmanager (category:projectmanager,tabindex:4)
2025-09-12 14:26:47,801 [INFO] PluginManage:310 - Check plugin rif
2025-09-12 14:26:47,807 [INFO] PluginManage:359 - Loaded plugin rif (category:base,tabindex:3)
2025-09-12 14:26:47,807 [INFO] PluginManage:310 - Check plugin thirdparty
2025-09-12 14:26:47,894 [INFO] PluginManage:359 - Loaded plugin thirdparty (category:base,tabindex:-1)
2025-09-12 14:26:47,894 [WARN] IntegrityCheckThread:84 - waiting for thirdparty lock release [integrity check]
2025-09-12 14:26:47,894 [INFO] IntegrityCheckThread:86 - entering critical section [integrity check]
2025-09-12 14:26:47,894 [INFO] PluginManage:310 - Check plugin tools
2025-09-12 14:26:47,895 [INFO] ThirdPartyUpdaterWithRetryManager:70 - Updater plugin not ready yet. [1/15]
2025-09-12 14:26:47,897 [INFO] PluginManage:359 - Loaded plugin tools (category:base,tabindex:7)
2025-09-12 14:26:47,897 [INFO] PluginManage:310 - Check plugin tutovideos
2025-09-12 14:26:48,029 [INFO] PluginManage:359 - Loaded plugin tutovideos (category:base,tabindex:-1)
2025-09-12 14:26:48,030 [INFO] PluginManage:310 - Check plugin updater
2025-09-12 14:26:48,045 [INFO] PluginManage:359 - Loaded plugin updater (category:base,tabindex:12)
2025-09-12 14:26:48,045 [INFO] PluginManage:310 - Check plugin userauth
2025-09-12 14:26:48,048 [INFO] UserAuth:118 - Init User Auth plugin
2025-09-12 14:26:48,049 [INFO] PluginManage:359 - Loaded plugin userauth (category:base,tabindex:14)
2025-09-12 14:26:48,049 [INFO] PluginManage:283 - PluginManage : Loaded plugins [18]
2025-09-12 14:26:48,158 [INFO] PinOutPanel:1589 - setPackage(No Configuration,No Configuration)
2025-09-12 14:26:48,207 [INFO] CADModel:165 - CPN selected for project level
2025-09-12 14:26:48,208 [INFO] CADModel:114 - Register for checkConnection events
2025-09-12 14:26:48,220 [INFO] IPUIPlugin:80 - create IPUIPlugin
2025-09-12 14:26:48,220 [INFO] PluginManager:220 - loadIPPluginJar : add adc
2025-09-12 14:26:48,221 [INFO] IPUIPlugin:80 - create IPUIPlugin
2025-09-12 14:26:48,221 [INFO] PluginManager:220 - loadIPPluginJar : add aes
2025-09-12 14:26:48,223 [INFO] IPUIPlugin:80 - create IPUIPlugin
2025-09-12 14:26:48,223 [INFO] PluginManager:220 - loadIPPluginJar : add can
2025-09-12 14:26:48,224 [INFO] IPUIPlugin:80 - create IPUIPlugin
2025-09-12 14:26:48,224 [INFO] PluginManager:220 - loadIPPluginJar : add comp
2025-09-12 14:26:48,225 [INFO] IPUIPlugin:80 - create IPUIPlugin
2025-09-12 14:26:48,225 [INFO] PluginManager:220 - loadIPPluginJar : add cryp
2025-09-12 14:26:48,227 [INFO] IPUIPlugin:80 - create IPUIPlugin
2025-09-12 14:26:48,227 [INFO] PluginManager:220 - loadIPPluginJar : add ddr_ctrl_phy
2025-09-12 14:26:48,229 [INFO] IPUIPlugin:80 - create IPUIPlugin
2025-09-12 14:26:48,229 [INFO] PluginManager:220 - loadIPPluginJar : add dfsdm
2025-09-12 14:26:48,232 [INFO] IPUIPlugin:80 - create IPUIPlugin
2025-09-12 14:26:48,233 [INFO] PluginManager:220 - loadIPPluginJar : add dma
2025-09-12 14:26:48,234 [INFO] IPUIPlugin:80 - create IPUIPlugin
2025-09-12 14:26:48,234 [INFO] PluginManager:220 - loadIPPluginJar : add dma3
2025-09-12 14:26:48,236 [INFO] IPUIPlugin:80 - create IPUIPlugin
2025-09-12 14:26:48,236 [INFO] PluginManager:220 - loadIPPluginJar : add extmemmanager
2025-09-12 14:26:48,237 [INFO] IPUIPlugin:80 - create IPUIPlugin
2025-09-12 14:26:48,237 [INFO] PluginManager:220 - loadIPPluginJar : add fatfs
2025-09-12 14:26:48,240 [INFO] IPUIPlugin:80 - create IPUIPlugin
2025-09-12 14:26:48,240 [INFO] PluginManager:220 - loadIPPluginJar : add fmc
2025-09-12 14:26:48,245 [INFO] IPUIPlugin:80 - create IPUIPlugin
2025-09-12 14:26:48,245 [INFO] PluginManager:220 - loadIPPluginJar : add freertos
2025-09-12 14:26:48,246 [INFO] IPUIPlugin:80 - create IPUIPlugin
2025-09-12 14:26:48,246 [INFO] PluginManager:220 - loadIPPluginJar : add genericplugin
2025-09-12 14:26:48,247 [INFO] IPUIPlugin:80 - create IPUIPlugin
2025-09-12 14:26:48,247 [INFO] PluginManager:220 - loadIPPluginJar : add gfxmmu
2025-09-12 14:26:48,250 [INFO] IPUIPlugin:80 - create IPUIPlugin
2025-09-12 14:26:48,250 [INFO] PluginManager:220 - loadIPPluginJar : add gic
2025-09-12 14:26:48,254 [INFO] IPUIPlugin:80 - create IPUIPlugin
2025-09-12 14:26:48,254 [INFO] PluginManager:220 - loadIPPluginJar : add gpio
2025-09-12 14:26:48,256 [INFO] IPUIPlugin:80 - create IPUIPlugin
2025-09-12 14:26:48,256 [INFO] PluginManager:220 - loadIPPluginJar : add gtzc
2025-09-12 14:26:48,257 [INFO] IPUIPlugin:80 - create IPUIPlugin
2025-09-12 14:26:48,257 [INFO] PluginManager:220 - loadIPPluginJar : add hash
2025-09-12 14:26:48,258 [INFO] IPUIPlugin:80 - create IPUIPlugin
2025-09-12 14:26:48,259 [INFO] PluginManager:220 - loadIPPluginJar : add i2c
2025-09-12 14:26:48,260 [INFO] IPUIPlugin:80 - create IPUIPlugin
2025-09-12 14:26:48,260 [INFO] PluginManager:220 - loadIPPluginJar : add i2s
2025-09-12 14:26:48,261 [INFO] IPUIPlugin:80 - create IPUIPlugin
2025-09-12 14:26:48,261 [INFO] PluginManager:220 - loadIPPluginJar : add i3c
2025-09-12 14:26:48,264 [INFO] IPUIPlugin:80 - create IPUIPlugin
2025-09-12 14:26:48,264 [INFO] PluginManager:220 - loadIPPluginJar : add ipddr
2025-09-12 14:26:48,268 [INFO] IPUIPlugin:80 - create IPUIPlugin
2025-09-12 14:26:48,268 [INFO] PluginManager:220 - loadIPPluginJar : add linkedlist
2025-09-12 14:26:48,270 [INFO] IPUIPlugin:80 - create IPUIPlugin
2025-09-12 14:26:48,271 [INFO] PluginManager:220 - loadIPPluginJar : add lorawan
2025-09-12 14:26:48,271 [INFO] IPUIPlugin:80 - create IPUIPlugin
2025-09-12 14:26:48,271 [INFO] PluginManager:220 - loadIPPluginJar : add ltdc
2025-09-12 14:26:48,275 [INFO] IPUIPlugin:80 - create IPUIPlugin
2025-09-12 14:26:48,275 [INFO] PluginManager:220 - loadIPPluginJar : add mdma
2025-09-12 14:26:48,278 [INFO] IPUIPlugin:80 - create IPUIPlugin
2025-09-12 14:26:48,278 [INFO] PluginManager:220 - loadIPPluginJar : add nvic
2025-09-12 14:26:48,280 [INFO] IPUIPlugin:80 - create IPUIPlugin
2025-09-12 14:26:48,281 [INFO] PluginManager:220 - loadIPPluginJar : add opamp
2025-09-12 14:26:48,282 [INFO] IPUIPlugin:80 - create IPUIPlugin
2025-09-12 14:26:48,282 [INFO] PluginManager:220 - loadIPPluginJar : add openamp
2025-09-12 14:26:48,284 [INFO] IPUIPlugin:80 - create IPUIPlugin
2025-09-12 14:26:48,285 [INFO] PluginManager:220 - loadIPPluginJar : add pdm2pcm
2025-09-12 14:26:48,290 [INFO] IPUIPlugin:80 - create IPUIPlugin
2025-09-12 14:26:48,292 [INFO] PluginManager:220 - loadIPPluginJar : add plateformsettings
2025-09-12 14:26:48,292 [INFO] IPUIPlugin:80 - create IPUIPlugin
2025-09-12 14:26:48,293 [INFO] PluginManager:220 - loadIPPluginJar : add quadspi
2025-09-12 14:26:48,294 [INFO] IPUIPlugin:80 - create IPUIPlugin
2025-09-12 14:26:48,294 [INFO] PluginManager:220 - loadIPPluginJar : add radio
2025-09-12 14:26:48,297 [INFO] IPUIPlugin:80 - create IPUIPlugin
2025-09-12 14:26:48,297 [INFO] PluginManager:220 - loadIPPluginJar : add resmgrutility
2025-09-12 14:26:48,299 [INFO] IPUIPlugin:80 - create IPUIPlugin
2025-09-12 14:26:48,299 [INFO] PluginManager:220 - loadIPPluginJar : add sai
2025-09-12 14:26:48,300 [INFO] IPUIPlugin:80 - create IPUIPlugin
2025-09-12 14:26:48,301 [INFO] PluginManager:220 - loadIPPluginJar : add spi
2025-09-12 14:26:48,306 [INFO] IPUIPlugin:80 - create IPUIPlugin
2025-09-12 14:26:48,306 [INFO] PluginManager:220 - loadIPPluginJar : add stm32_wpan
2025-09-12 14:26:48,307 [INFO] IPUIPlugin:80 - create IPUIPlugin
2025-09-12 14:26:48,307 [INFO] PluginManager:220 - loadIPPluginJar : add tim
2025-09-12 14:26:48,309 [INFO] IPUIPlugin:80 - create IPUIPlugin
2025-09-12 14:26:48,309 [INFO] PluginManager:220 - loadIPPluginJar : add touchsensing
2025-09-12 14:26:48,310 [INFO] IPUIPlugin:80 - create IPUIPlugin
2025-09-12 14:26:48,310 [INFO] PluginManager:220 - loadIPPluginJar : add tracer_emb
2025-09-12 14:26:48,311 [INFO] IPUIPlugin:80 - create IPUIPlugin
2025-09-12 14:26:48,311 [INFO] PluginManager:220 - loadIPPluginJar : add ts
2025-09-12 14:26:48,312 [INFO] IPUIPlugin:80 - create IPUIPlugin
2025-09-12 14:26:48,312 [INFO] PluginManager:220 - loadIPPluginJar : add tsc
2025-09-12 14:26:48,313 [INFO] IPUIPlugin:80 - create IPUIPlugin
2025-09-12 14:26:48,313 [INFO] PluginManager:220 - loadIPPluginJar : add ucpd
2025-09-12 14:26:48,315 [INFO] IPUIPlugin:80 - create IPUIPlugin
2025-09-12 14:26:48,315 [INFO] PluginManager:220 - loadIPPluginJar : add usart
2025-09-12 14:26:48,316 [INFO] IPUIPlugin:80 - create IPUIPlugin
2025-09-12 14:26:48,316 [INFO] PluginManager:220 - loadIPPluginJar : add usbx
2025-09-12 14:26:48,407 [FATAL] Updater:351 - Updater called before beeing initialized
2025-09-12 14:26:48,425 [INFO] RulesReader:64 - Compatibility file has been processed (317 Rules)
2025-09-12 14:26:48,432 [INFO] RulesReader:64 - Compatibility file has been processed (317 Rules)
2025-09-12 14:26:48,439 [INFO] CADModel:165 - CPN selected for project level
2025-09-12 14:26:48,439 [INFO] CADModel:114 - Register for checkConnection events
2025-09-12 14:26:48,439 [FATAL] Updater:351 - Updater called before beeing initialized
2025-09-12 14:26:48,440 [ERROR] CADModel:125 - Updater not yet initialized, retry later 
2025-09-12 14:26:48,522 [FATAL] Updater:351 - Updater called before beeing initialized
2025-09-12 14:26:48,523 [INFO] CADModel:165 - CPN selected for project level
2025-09-12 14:26:48,523 [INFO] CADModel:114 - Register for checkConnection events
2025-09-12 14:26:48,523 [FATAL] Updater:351 - Updater called before beeing initialized
2025-09-12 14:26:48,523 [ERROR] CADModel:125 - Updater not yet initialized, retry later 
2025-09-12 14:26:48,525 [FATAL] Updater:351 - Updater called before beeing initialized
2025-09-12 14:26:48,576 [FATAL] Updater:351 - Updater called before beeing initialized
2025-09-12 14:26:48,579 [INFO] DbMcusAds:53 - JSON generation date=Tue Jul 08 10:14:23 CEST 2025 (1751962463582)
2025-09-12 14:26:48,579 [FATAL] Updater:351 - Updater called before beeing initialized
2025-09-12 14:26:48,601 [WARN] DetailPanel:346 - Failed to get advertising image, set to default
2025-09-12 14:26:48,646 [FATAL] Updater:351 - Updater called before beeing initialized
2025-09-12 14:26:48,648 [FATAL] Updater:351 - Updater called before beeing initialized
2025-09-12 14:26:48,648 [FATAL] Updater:351 - Updater called before beeing initialized
2025-09-12 14:26:48,648 [WARN] DetailPanel:346 - Failed to get advertising image, set to default
2025-09-12 14:26:48,648 [FATAL] Updater:351 - Updater called before beeing initialized
2025-09-12 14:26:48,668 [ERROR] Updater:1198 - MainUpdater not yet initialized. External WinMGr cannot be set.
2025-09-12 14:26:48,670 [INFO] Updater:1134 - Updater Version found : 6.15.0
2025-09-12 14:26:48,682 [INFO] ApplicationProperties:184 - Using Application install path: /opt/st/stm32cubeide_1.19.0/plugins/com.st.stm32cube.common.mx_6.15.0.202507011659
2025-09-12 14:26:48,692 [ERROR] LogOutputStream:75 - [STDERR_REDIRECT] Sep 12, 2025 2:26:48 PM java.util.prefs.FileSystemPreferences$2 run
2025-09-12 14:26:48,693 [ERROR] LogOutputStream:75 - [STDERR_REDIRECT] WARNING: Could not create system preferences directory. System preferences are unusable.
2025-09-12 14:26:48,693 [ERROR] LogOutputStream:75 - [STDERR_REDIRECT] 
2025-09-12 14:26:48,993 [INFO] MainUpdater:2872 - connection check result : 10
2025-09-12 14:26:48,994 [INFO] MainUpdater:289 - Updater Check For Update Now.
2025-09-12 14:26:48,994 [INFO] MicroXplorer:498 - Change Database Version : DB.6.0.150
2025-09-12 14:26:49,006 [INFO] McuFinderGlobals:63 - Set McuFinder mode to 2 (CubeIDE integrated)
2025-09-12 14:26:49,007 [INFO] UserAuth:487 - Internet connection configuration mode: 1
2025-09-12 14:26:49,028 [INFO] JxBrowserEngine:152 - Initiate JxBrowser Engine with user profile folder
2025-09-12 14:26:49,157 [INFO] CheckServerUpdateThread:120 - End of CheckServer Thread
2025-09-12 14:26:49,617 [INFO] WebApp:169 - Instantiating new browser for Auth
2025-09-12 14:26:50,017 [INFO] WebApp:463 - Apply proxy settings
2025-09-12 14:26:50,018 [INFO] WebApp:548 - Chromium requires no authentication
2025-09-12 14:26:50,023 [INFO] WebApp:491 - Direct internet connection detected
2025-09-12 14:26:50,034 [INFO] WebApp:900 - Register for checkConnection events
2025-09-12 14:26:50,034 [INFO] WebApp:463 - Apply proxy settings
2025-09-12 14:26:50,034 [INFO] WebApp:548 - Chromium requires no authentication
2025-09-12 14:26:50,035 [INFO] WebApp:491 - Direct internet connection detected
2025-09-12 14:26:50,109 [INFO] WebApp:225 - Starting web application
2025-09-12 14:26:50,109 [INFO] WebApp:593 - Web application path used /opt/st/stm32cubeide_1.19.0/plugins/com.st.stm32cube.common.mx_6.15.0.202507011659/db/plugins/mcufinder/reactClient1/index.html
2025-09-12 14:26:50,186 [INFO] UserAuth:487 - Internet connection configuration mode: 1
2025-09-12 14:26:50,523 [INFO] WebApp:191 - Connection restablished
2025-09-12 14:26:50,992 [WARN] PackLoader:240 - Cannot read IP mode file for STMicroelectronics.FP-SNS-MOTENVWB1.1.4.0
2025-09-12 14:26:50,997 [WARN] PackLoader:240 - Cannot read IP mode file for STMicroelectronics.FP-ATR-ASTRA1.2.0.2
2025-09-12 14:26:51,002 [WARN] PackLoader:240 - Cannot read IP mode file for STMicroelectronics.X-CUBE-SMBUS.2.1.0
2025-09-12 14:26:51,005 [WARN] PackLoader:240 - Cannot read IP mode file for STMicroelectronics.X-CUBE-ST60.1.0.0
2025-09-12 14:26:51,025 [WARN] PackLoader:240 - Cannot read IP mode file for STMicroelectronics.X-CUBE-AZRTOS-F7.1.1.0
2025-09-12 14:26:51,035 [WARN] PackLoader:240 - Cannot read IP mode file for WES.I-CUBE-Cesium.1.4.0
2025-09-12 14:26:51,050 [WARN] PackLoader:240 - Cannot read IP mode file for Infineon.AIROC-Wi-Fi-Bluetooth-STM32.1.7.1
2025-09-12 14:26:51,079 [WARN] PackLoader:240 - Cannot read IP mode file for STMicroelectronics.X-CUBE-AZRTOS-H7.3.4.0
2025-09-12 14:26:51,087 [WARN] PackLoader:240 - Cannot read IP mode file for STMicroelectronics.X-CUBE-DISPLAY.3.0.0
2025-09-12 14:26:51,095 [WARN] PackLoader:240 - Cannot read IP mode file for STMicroelectronics.X-CUBE-NFC10.1.0.0
2025-09-12 14:26:51,099 [WARN] PackLoader:240 - Cannot read IP mode file for emotas.I-CUBE-CANOPEN.1.3.0
2025-09-12 14:26:51,104 [WARN] PackLoader:240 - Cannot read IP mode file for STMicroelectronics.FP-SNS-STBOX1.2.1.0
2025-09-12 14:26:51,114 [WARN] PackLoader:240 - Cannot read IP mode file for STMicroelectronics.FP-SNS-SMARTAG2.1.2.0
2025-09-12 14:26:51,118 [WARN] PackLoader:240 - Cannot read IP mode file for STMicroelectronics.FP-SNS-FLIGHT1.5.1.0
2025-09-12 14:26:51,127 [INFO] LogOutputStream:77 - [STDOUT_REDIRECT] 1 : Invalid condition id : UX_CORESTACK_Condition cause : null
2025-09-12 14:26:51,127 [INFO] LogOutputStream:77 - [STDOUT_REDIRECT] 1 : Invalid condition id : UX_CORESTACK_Condition cause : null
2025-09-12 14:26:51,128 [INFO] LogOutputStream:77 - [STDOUT_REDIRECT] 1 : Invalid condition id : UX_CORESTACK_Condition cause : null
2025-09-12 14:26:51,129 [INFO] LogOutputStream:77 - [STDOUT_REDIRECT] 1 : Invalid condition id : UX_CORESTACK_Condition cause : null
2025-09-12 14:26:51,130 [INFO] LogOutputStream:77 - [STDOUT_REDIRECT] 1 : Invalid condition id : UX_CORESTACK_Condition cause : null
2025-09-12 14:26:51,131 [WARN] PackLoader:240 - Cannot read IP mode file for STMicroelectronics.X-CUBE-AZRTOS-WL.2.0.0
2025-09-12 14:26:51,134 [WARN] PackLoader:240 - Cannot read IP mode file for STMicroelectronics.FP-SNS-MOTENV1.5.0.0
2025-09-12 14:26:51,138 [WARN] PackLoader:240 - Cannot read IP mode file for STMicroelectronics.X-CUBE-BLE2.3.3.0
2025-09-12 14:26:51,143 [WARN] PackLoader:240 - Cannot read IP mode file for STMicroelectronics.X-CUBE-NFC9.1.0.0
2025-09-12 14:26:51,147 [WARN] PackLoader:240 - Cannot read IP mode file for wolfSSL.I-CUBE-wolfSSL.5.8.2
2025-09-12 14:26:51,150 [WARN] PackLoader:240 - Cannot read IP mode file for STMicroelectronics.X-CUBE-BLE1.7.1.0
2025-09-12 14:26:51,152 [WARN] PackLoader:240 - Cannot read IP mode file for wolfSSL.I-CUBE-wolfMQTT.1.19.2
2025-09-12 14:26:51,156 [WARN] PackLoader:240 - Cannot read IP mode file for STMicroelectronics.X-CUBE-EEPRMA1.5.2.0
2025-09-12 14:26:51,166 [WARN] PackLoader:240 - Cannot read IP mode file for STMicroelectronics.X-CUBE-AZRTOS-G0.1.1.0
2025-09-12 14:26:51,171 [WARN] PackLoader:240 - Cannot read IP mode file for STMicroelectronics.X-CUBE-SAFEA1.1.2.2
2025-09-12 14:26:51,174 [WARN] PackLoader:240 - Cannot read IP mode file for STMicroelectronics.X-CUBE-NFC4.3.0.0
2025-09-12 14:26:51,180 [WARN] PackLoader:240 - Cannot read IP mode file for EmbeddedOffice.I-CUBE-FS-RTOS.1.0.1
2025-09-12 14:26:51,183 [WARN] PackLoader:240 - Cannot read IP mode file for STMicroelectronics.X-CUBE-WB05N.2.0.0
2025-09-12 14:26:51,187 [WARN] PackLoader:240 - Cannot read IP mode file for wolfSSL.I-CUBE-wolfTPM.3.8.0
2025-09-12 14:26:51,190 [WARN] PackLoader:240 - Cannot read IP mode file for STMicroelectronics.X-CUBE-TCPP.4.2.0
2025-09-12 14:26:51,194 [WARN] PackLoader:240 - Cannot read IP mode file for RealThread.X-CUBE-RT-Thread_Nano.4.1.1
2025-09-12 14:26:51,196 [WARN] PackLoader:240 - Cannot read IP mode file for STMicroelectronics.FP-ATR-SIGFOX1.3.2.0
2025-09-12 14:26:51,199 [WARN] PackLoader:240 - Cannot read IP mode file for ITTIA_DB.I-CUBE-ITTIADB.8.9.0
2025-09-12 14:26:51,203 [WARN] PackLoader:240 - Cannot read IP mode file for STMicroelectronics.X-CUBE-ST67W61.1.0.0
2025-09-12 14:26:51,205 [WARN] PackLoader:240 - Cannot read IP mode file for STMicroelectronics.X-CUBE-AI.10.2.0
2025-09-12 14:26:51,220 [WARN] PackLoader:240 - Cannot read IP mode file for SEGGER.I-CUBE-embOS.1.3.1
2025-09-12 14:26:51,253 [WARN] PackLoader:240 - Cannot read IP mode file for STMicroelectronics.X-CUBE-ALGOBUILD.1.4.0
2025-09-12 14:26:51,280 [WARN] PackLoader:240 - Cannot read IP mode file for STMicroelectronics.X-CUBE-MEMS1.11.3.0
2025-09-12 14:26:51,402 [WARN] PackLoader:240 - Cannot read IP mode file for STMicroelectronics.X-CUBE-PM33A1.1.0.0
2025-09-12 14:26:51,419 [WARN] PackLoader:240 - Cannot read IP mode file for STMicroelectronics.X-CUBE-AZRTOS-F4.1.1.0
2025-09-12 14:26:51,424 [WARN] PackLoader:240 - Cannot read IP mode file for Avnet-IotConnect.X-CUBE-IoTC-DA16k-PMOD.1.0.0
2025-09-12 14:26:51,428 [WARN] PackLoader:240 - Cannot read IP mode file for STMicroelectronics.X-CUBE-ISPU.2.1.0
2025-09-12 14:26:51,434 [WARN] PackLoader:240 - Cannot read IP mode file for STMicroelectronics.X-CUBE-NFC12.1.0.0
2025-09-12 14:26:51,450 [WARN] PackLoader:240 - Cannot read IP mode file for STMicroelectronics.X-CUBE-AZRTOS-L5.2.0.0
2025-09-12 14:26:51,459 [WARN] PackLoader:240 - Cannot read IP mode file for STMicroelectronics.X-CUBE-NFC6.3.1.0
2025-09-12 14:26:51,482 [WARN] PackLoader:240 - Cannot read IP mode file for STMicroelectronics.X-CUBE-FREERTOS.1.3.1
2025-09-12 14:26:51,487 [WARN] PackLoader:240 - Cannot read IP mode file for STMicroelectronics.FP-SNS-STAIOTCFT.1.0.0
2025-09-12 14:26:51,492 [WARN] PackLoader:240 - Cannot read IP mode file for STMicroelectronics.X-CUBE-DPower.1.3.0
2025-09-12 14:26:51,505 [WARN] ConditionMgr:438 - getConditionDescription Invalid condition id : LAN8742 Phy interface Condition cause : null
2025-09-12 14:26:51,506 [WARN] PackLoader:240 - Cannot read IP mode file for STMicroelectronics.X-CUBE-AZRTOS-L4.2.0.0
2025-09-12 14:26:51,507 [WARN] ConditionMgr:1044 - genDependencies : Invalid condition id : LAN8742 Phy interface Condition cause : null
2025-09-12 14:26:51,508 [WARN] ConditionMgr:1044 - genDependencies : Invalid condition id : LAN8742 Phy interface Condition cause : null
2025-09-12 14:26:51,508 [WARN] ConditionMgr:1044 - genDependencies : Invalid condition id : LAN8742 Phy interface Condition cause : null
2025-09-12 14:26:51,515 [WARN] PackLoader:240 - Cannot read IP mode file for STMicroelectronics.X-CUBE-SFXS2LP1.4.0.0
2025-09-12 14:26:51,522 [WARN] PackLoader:240 - Cannot read IP mode file for STMicroelectronics.X-CUBE-BLEMGR.4.1.0
2025-09-12 14:26:51,531 [WARN] ConditionMgr:438 - getConditionDescription Invalid condition id : UX DEVICE CLASS RTOS Condition cause : null
2025-09-12 14:26:51,531 [WARN] ConditionMgr:438 - getConditionDescription Invalid condition id : UX DEVICE CLASS RTOS Condition cause : null
2025-09-12 14:26:51,532 [WARN] PackLoader:240 - Cannot read IP mode file for STMicroelectronics.X-CUBE-AZRTOS-WB.2.0.0
2025-09-12 14:26:51,533 [WARN] ConditionMgr:1044 - genDependencies : Invalid condition id : UX DEVICE CLASS RTOS Condition cause : null
2025-09-12 14:26:51,533 [WARN] ConditionMgr:1044 - genDependencies : Invalid condition id : UX DEVICE CLASS RTOS Condition cause : null
2025-09-12 14:26:51,533 [WARN] ConditionMgr:1044 - genDependencies : Invalid condition id : UX DEVICE CLASS RTOS Condition cause : null
2025-09-12 14:26:51,533 [WARN] ConditionMgr:1044 - genDependencies : Invalid condition id : UX DEVICE CLASS RTOS Condition cause : null
2025-09-12 14:26:51,533 [WARN] ConditionMgr:1044 - genDependencies : Invalid condition id : UX DEVICE CLASS RTOS Condition cause : null
2025-09-12 14:26:51,538 [WARN] PackLoader:240 - Cannot read IP mode file for STMicroelectronics.X-CUBE-GNSS1.7.0.1
2025-09-12 14:26:51,543 [WARN] PackLoader:240 - Cannot read IP mode file for STMicroelectronics.X-CUBE-TOUCHGFX.4.25.0
2025-09-12 14:26:51,546 [WARN] ConditionMgr:438 - getConditionDescription Invalid condition id : Cortex-A Device cause : null
2025-09-12 14:26:51,560 [WARN] ConditionMgr:1044 - genDependencies : Invalid condition id : Cortex-A Device cause : null
2025-09-12 14:26:51,561 [WARN] ConditionMgr:1044 - genDependencies : Invalid condition id : Cortex-A Device cause : null
2025-09-12 14:26:51,561 [WARN] ConditionMgr:1044 - genDependencies : Invalid condition id : Cortex-A Device cause : null
2025-09-12 14:26:51,570 [WARN] PackLoader:240 - Cannot read IP mode file for STMicroelectronics.X-CUBE-SUBG2.5.0.0
2025-09-12 14:26:51,594 [WARN] PackLoader:240 - Cannot read IP mode file for STMicroelectronics.X-CUBE-AZRTOS-H7RS.1.1.0
2025-09-12 14:26:51,599 [WARN] PackLoader:240 - Cannot read IP mode file for Cesanta.I-CUBE-Mongoose.7.13.0
2025-09-12 14:26:51,606 [WARN] PackLoader:240 - Cannot read IP mode file for STMicroelectronics.X-CUBE-AZRTOS-G4.2.0.0
2025-09-12 14:26:51,610 [WARN] PackLoader:240 - Cannot read IP mode file for wolfSSL.I-CUBE-wolfSSH.1.4.20
2025-09-12 14:26:51,613 [WARN] PackLoader:240 - Cannot read IP mode file for STMicroelectronics.X-CUBE-NFC7.2.0.0
2025-09-12 14:26:51,624 [WARN] PackLoader:240 - Cannot read IP mode file for STMicroelectronics.X-CUBE-IPS.3.1.0
2025-09-12 14:26:51,633 [WARN] PackLoader:240 - Cannot read IP mode file for STMicroelectronics.X-CUBE-ALS.1.0.2
2025-09-12 14:26:51,640 [WARN] PackLoader:240 - Cannot read IP mode file for STMicroelectronics.X-CUBE-STSE01.1.0.0
2025-09-12 14:26:51,650 [WARN] PackLoader:240 - Cannot read IP mode file for STMicroelectronics.X-CUBE-TOF1.3.4.3
2025-09-12 14:26:51,664 [INFO] ThirdParty:978 - Integrity check success = true
2025-09-12 14:26:51,664 [INFO] IntegrityCheckThread:100 - exiting critical section [integrity check]
2025-09-12 14:26:51,664 [INFO] IntegrityCheckThread:103 - End integrity checks thread
2025-09-12 14:27:18,141 [ERROR] LogOutputStream:75 - [STDERR_REDIRECT] Sep 12, 2025 2:27:18 PM java.util.prefs.FileSystemPreferences checkLockFile0ErrorCode
2025-09-12 14:27:18,142 [ERROR] LogOutputStream:75 - [STDERR_REDIRECT] WARNING: Could not lock System prefs. Unix error code 2.
2025-09-12 14:27:18,142 [ERROR] LogOutputStream:75 - [STDERR_REDIRECT] 
2025-09-12 14:27:18,143 [ERROR] LogOutputStream:75 - [STDERR_REDIRECT] Sep 12, 2025 2:27:18 PM java.util.prefs.FileSystemPreferences syncWorld
2025-09-12 14:27:18,144 [ERROR] LogOutputStream:75 - [STDERR_REDIRECT] WARNING: Couldn't flush system prefs: java.util.prefs.BackingStoreException: Couldn't get file lock.
2025-09-12 14:27:18,144 [ERROR] LogOutputStream:75 - [STDERR_REDIRECT] 
2025-09-12 14:27:48,126 [ERROR] LogOutputStream:75 - [STDERR_REDIRECT] Sep 12, 2025 2:27:48 PM java.util.prefs.FileSystemPreferences checkLockFile0ErrorCode
2025-09-12 14:27:48,127 [ERROR] LogOutputStream:75 - [STDERR_REDIRECT] WARNING: Could not lock System prefs. Unix error code 2.
2025-09-12 14:27:48,127 [ERROR] LogOutputStream:75 - [STDERR_REDIRECT] 
2025-09-12 14:27:48,127 [ERROR] LogOutputStream:75 - [STDERR_REDIRECT] Sep 12, 2025 2:27:48 PM java.util.prefs.FileSystemPreferences syncWorld
2025-09-12 14:27:48,128 [ERROR] LogOutputStream:75 - [STDERR_REDIRECT] WARNING: Couldn't flush system prefs: java.util.prefs.BackingStoreException: Couldn't get file lock.
2025-09-12 14:27:48,128 [ERROR] LogOutputStream:75 - [STDERR_REDIRECT] 
2025-09-12 14:28:18,125 [ERROR] LogOutputStream:75 - [STDERR_REDIRECT] Sep 12, 2025 2:28:18 PM java.util.prefs.FileSystemPreferences checkLockFile0ErrorCode
2025-09-12 14:28:18,126 [ERROR] LogOutputStream:75 - [STDERR_REDIRECT] WARNING: Could not lock System prefs. Unix error code 2.
2025-09-12 14:28:18,126 [ERROR] LogOutputStream:75 - [STDERR_REDIRECT] 
2025-09-12 14:28:18,127 [ERROR] LogOutputStream:75 - [STDERR_REDIRECT] Sep 12, 2025 2:28:18 PM java.util.prefs.FileSystemPreferences syncWorld
2025-09-12 14:28:18,129 [ERROR] LogOutputStream:75 - [STDERR_REDIRECT] WARNING: Couldn't flush system prefs: java.util.prefs.BackingStoreException: Couldn't get file lock.
2025-09-12 14:28:18,129 [ERROR] LogOutputStream:75 - [STDERR_REDIRECT] 
2025-09-12 14:28:48,125 [ERROR] LogOutputStream:75 - [STDERR_REDIRECT] Sep 12, 2025 2:28:48 PM java.util.prefs.FileSystemPreferences checkLockFile0ErrorCode
2025-09-12 14:28:48,125 [ERROR] LogOutputStream:75 - [STDERR_REDIRECT] WARNING: Could not lock System prefs. Unix error code 2.
2025-09-12 14:28:48,125 [ERROR] LogOutputStream:75 - [STDERR_REDIRECT] 
2025-09-12 14:28:48,126 [ERROR] LogOutputStream:75 - [STDERR_REDIRECT] Sep 12, 2025 2:28:48 PM java.util.prefs.FileSystemPreferences syncWorld
2025-09-12 14:28:48,127 [ERROR] LogOutputStream:75 - [STDERR_REDIRECT] WARNING: Couldn't flush system prefs: java.util.prefs.BackingStoreException: Couldn't get file lock.
2025-09-12 14:28:48,127 [ERROR] LogOutputStream:75 - [STDERR_REDIRECT] 
2025-09-12 14:29:06,669 [INFO] WebApp:194 - Connection lost
2025-09-12 14:29:11,064 [INFO] WebApp:191 - Connection restablished
2025-09-12 14:29:18,127 [ERROR] LogOutputStream:75 - [STDERR_REDIRECT] Sep 12, 2025 2:29:18 PM java.util.prefs.FileSystemPreferences checkLockFile0ErrorCode
2025-09-12 14:29:18,127 [ERROR] LogOutputStream:75 - [STDERR_REDIRECT] WARNING: Could not lock System prefs. Unix error code 2.
2025-09-12 14:29:18,127 [ERROR] LogOutputStream:75 - [STDERR_REDIRECT] 
2025-09-12 14:29:18,128 [ERROR] LogOutputStream:75 - [STDERR_REDIRECT] Sep 12, 2025 2:29:18 PM java.util.prefs.FileSystemPreferences syncWorld
2025-09-12 14:29:18,129 [ERROR] LogOutputStream:75 - [STDERR_REDIRECT] WARNING: Couldn't flush system prefs: java.util.prefs.BackingStoreException: Couldn't get file lock.
2025-09-12 14:29:18,129 [ERROR] LogOutputStream:75 - [STDERR_REDIRECT] 
2025-09-12 14:29:23,763 [INFO] WebApp:194 - Connection lost
2025-09-12 14:29:23,925 [INFO] WebApp:191 - Connection restablished
2025-09-12 14:29:26,385 [INFO] WebApp:194 - Connection lost
2025-09-12 14:29:26,562 [INFO] WebApp:191 - Connection restablished
2025-09-12 14:29:48,125 [ERROR] LogOutputStream:75 - [STDERR_REDIRECT] Sep 12, 2025 2:29:48 PM java.util.prefs.FileSystemPreferences checkLockFile0ErrorCode
2025-09-12 14:29:48,126 [ERROR] LogOutputStream:75 - [STDERR_REDIRECT] WARNING: Could not lock System prefs. Unix error code 2.
2025-09-12 14:29:48,126 [ERROR] LogOutputStream:75 - [STDERR_REDIRECT] 
2025-09-12 14:29:48,126 [ERROR] LogOutputStream:75 - [STDERR_REDIRECT] Sep 12, 2025 2:29:48 PM java.util.prefs.FileSystemPreferences syncWorld
2025-09-12 14:29:48,127 [ERROR] LogOutputStream:75 - [STDERR_REDIRECT] WARNING: Couldn't flush system prefs: java.util.prefs.BackingStoreException: Couldn't get file lock.
2025-09-12 14:29:48,127 [ERROR] LogOutputStream:75 - [STDERR_REDIRECT] 
2025-09-12 14:30:18,125 [ERROR] LogOutputStream:75 - [STDERR_REDIRECT] Sep 12, 2025 2:30:18 PM java.util.prefs.FileSystemPreferences checkLockFile0ErrorCode
2025-09-12 14:30:18,125 [ERROR] LogOutputStream:75 - [STDERR_REDIRECT] WARNING: Could not lock System prefs. Unix error code 2.
2025-09-12 14:30:18,126 [ERROR] LogOutputStream:75 - [STDERR_REDIRECT] 
2025-09-12 14:30:18,126 [ERROR] LogOutputStream:75 - [STDERR_REDIRECT] Sep 12, 2025 2:30:18 PM java.util.prefs.FileSystemPreferences syncWorld
2025-09-12 14:30:18,128 [ERROR] LogOutputStream:75 - [STDERR_REDIRECT] WARNING: Couldn't flush system prefs: java.util.prefs.BackingStoreException: Couldn't get file lock.
2025-09-12 14:30:18,128 [ERROR] LogOutputStream:75 - [STDERR_REDIRECT] 
2025-09-12 14:30:48,125 [ERROR] LogOutputStream:75 - [STDERR_REDIRECT] Sep 12, 2025 2:30:48 PM java.util.prefs.FileSystemPreferences checkLockFile0ErrorCode
2025-09-12 14:30:48,126 [ERROR] LogOutputStream:75 - [STDERR_REDIRECT] WARNING: Could not lock System prefs. Unix error code 2.
2025-09-12 14:30:48,126 [ERROR] LogOutputStream:75 - [STDERR_REDIRECT] 
2025-09-12 14:30:48,127 [ERROR] LogOutputStream:75 - [STDERR_REDIRECT] Sep 12, 2025 2:30:48 PM java.util.prefs.FileSystemPreferences syncWorld
2025-09-12 14:30:48,127 [ERROR] LogOutputStream:75 - [STDERR_REDIRECT] WARNING: Couldn't flush system prefs: java.util.prefs.BackingStoreException: Couldn't get file lock.
2025-09-12 14:30:48,128 [ERROR] LogOutputStream:75 - [STDERR_REDIRECT] 
2025-09-12 14:31:18,125 [ERROR] LogOutputStream:75 - [STDERR_REDIRECT] Sep 12, 2025 2:31:18 PM java.util.prefs.FileSystemPreferences checkLockFile0ErrorCode
2025-09-12 14:31:18,125 [ERROR] LogOutputStream:75 - [STDERR_REDIRECT] WARNING: Could not lock System prefs. Unix error code 2.
2025-09-12 14:31:18,125 [ERROR] LogOutputStream:75 - [STDERR_REDIRECT] 
2025-09-12 14:31:18,126 [ERROR] LogOutputStream:75 - [STDERR_REDIRECT] Sep 12, 2025 2:31:18 PM java.util.prefs.FileSystemPreferences syncWorld
2025-09-12 14:31:18,127 [ERROR] LogOutputStream:75 - [STDERR_REDIRECT] WARNING: Couldn't flush system prefs: java.util.prefs.BackingStoreException: Couldn't get file lock.
2025-09-12 14:31:18,127 [ERROR] LogOutputStream:75 - [STDERR_REDIRECT] 
2025-09-12 14:31:48,125 [ERROR] LogOutputStream:75 - [STDERR_REDIRECT] Sep 12, 2025 2:31:48 PM java.util.prefs.FileSystemPreferences checkLockFile0ErrorCode
2025-09-12 14:31:48,126 [ERROR] LogOutputStream:75 - [STDERR_REDIRECT] WARNING: Could not lock System prefs. Unix error code 2.
2025-09-12 14:31:48,126 [ERROR] LogOutputStream:75 - [STDERR_REDIRECT] 
2025-09-12 14:31:48,127 [ERROR] LogOutputStream:75 - [STDERR_REDIRECT] Sep 12, 2025 2:31:48 PM java.util.prefs.FileSystemPreferences syncWorld
2025-09-12 14:31:48,128 [ERROR] LogOutputStream:75 - [STDERR_REDIRECT] WARNING: Couldn't flush system prefs: java.util.prefs.BackingStoreException: Couldn't get file lock.
2025-09-12 14:31:48,128 [ERROR] LogOutputStream:75 - [STDERR_REDIRECT] 
2025-09-12 14:31:59,628 [INFO] WebApp:194 - Connection lost
2025-09-12 14:31:59,982 [INFO] WebApp:191 - Connection restablished
2025-09-12 14:32:18,124 [ERROR] LogOutputStream:75 - [STDERR_REDIRECT] Sep 12, 2025 2:32:18 PM java.util.prefs.FileSystemPreferences checkLockFile0ErrorCode
2025-09-12 14:32:18,125 [ERROR] LogOutputStream:75 - [STDERR_REDIRECT] WARNING: Could not lock System prefs. Unix error code 2.
2025-09-12 14:32:18,125 [ERROR] LogOutputStream:75 - [STDERR_REDIRECT] 
2025-09-12 14:32:18,125 [ERROR] LogOutputStream:75 - [STDERR_REDIRECT] Sep 12, 2025 2:32:18 PM java.util.prefs.FileSystemPreferences syncWorld
2025-09-12 14:32:18,126 [ERROR] LogOutputStream:75 - [STDERR_REDIRECT] WARNING: Couldn't flush system prefs: java.util.prefs.BackingStoreException: Couldn't get file lock.
2025-09-12 14:32:18,126 [ERROR] LogOutputStream:75 - [STDERR_REDIRECT] 
2025-09-12 14:32:48,125 [ERROR] LogOutputStream:75 - [STDERR_REDIRECT] Sep 12, 2025 2:32:48 PM java.util.prefs.FileSystemPreferences checkLockFile0ErrorCode
2025-09-12 14:32:48,125 [ERROR] LogOutputStream:75 - [STDERR_REDIRECT] WARNING: Could not lock System prefs. Unix error code 2.
2025-09-12 14:32:48,125 [ERROR] LogOutputStream:75 - [STDERR_REDIRECT] 
2025-09-12 14:32:48,126 [ERROR] LogOutputStream:75 - [STDERR_REDIRECT] Sep 12, 2025 2:32:48 PM java.util.prefs.FileSystemPreferences syncWorld
2025-09-12 14:32:48,127 [ERROR] LogOutputStream:75 - [STDERR_REDIRECT] WARNING: Couldn't flush system prefs: java.util.prefs.BackingStoreException: Couldn't get file lock.
2025-09-12 14:32:48,127 [ERROR] LogOutputStream:75 - [STDERR_REDIRECT] 
2025-09-12 14:33:18,125 [ERROR] LogOutputStream:75 - [STDERR_REDIRECT] Sep 12, 2025 2:33:18 PM java.util.prefs.FileSystemPreferences checkLockFile0ErrorCode
2025-09-12 14:33:18,126 [ERROR] LogOutputStream:75 - [STDERR_REDIRECT] WARNING: Could not lock System prefs. Unix error code 2.
2025-09-12 14:33:18,126 [ERROR] LogOutputStream:75 - [STDERR_REDIRECT] 
2025-09-12 14:33:18,127 [ERROR] LogOutputStream:75 - [STDERR_REDIRECT] Sep 12, 2025 2:33:18 PM java.util.prefs.FileSystemPreferences syncWorld
2025-09-12 14:33:18,128 [ERROR] LogOutputStream:75 - [STDERR_REDIRECT] WARNING: Couldn't flush system prefs: java.util.prefs.BackingStoreException: Couldn't get file lock.
2025-09-12 14:33:18,128 [ERROR] LogOutputStream:75 - [STDERR_REDIRECT] 
2025-09-12 14:33:48,124 [ERROR] LogOutputStream:75 - [STDERR_REDIRECT] Sep 12, 2025 2:33:48 PM java.util.prefs.FileSystemPreferences checkLockFile0ErrorCode
2025-09-12 14:33:48,124 [ERROR] LogOutputStream:75 - [STDERR_REDIRECT] WARNING: Could not lock System prefs. Unix error code 2.
2025-09-12 14:33:48,124 [ERROR] LogOutputStream:75 - [STDERR_REDIRECT] 
2025-09-12 14:33:48,125 [ERROR] LogOutputStream:75 - [STDERR_REDIRECT] Sep 12, 2025 2:33:48 PM java.util.prefs.FileSystemPreferences syncWorld
2025-09-12 14:33:48,126 [ERROR] LogOutputStream:75 - [STDERR_REDIRECT] WARNING: Couldn't flush system prefs: java.util.prefs.BackingStoreException: Couldn't get file lock.
2025-09-12 14:33:48,126 [ERROR] LogOutputStream:75 - [STDERR_REDIRECT] 
2025-09-12 14:34:18,125 [ERROR] LogOutputStream:75 - [STDERR_REDIRECT] Sep 12, 2025 2:34:18 PM java.util.prefs.FileSystemPreferences checkLockFile0ErrorCode
2025-09-12 14:34:18,125 [ERROR] LogOutputStream:75 - [STDERR_REDIRECT] WARNING: Could not lock System prefs. Unix error code 2.
2025-09-12 14:34:18,125 [ERROR] LogOutputStream:75 - [STDERR_REDIRECT] 
2025-09-12 14:34:18,126 [ERROR] LogOutputStream:75 - [STDERR_REDIRECT] Sep 12, 2025 2:34:18 PM java.util.prefs.FileSystemPreferences syncWorld
2025-09-12 14:34:18,126 [ERROR] LogOutputStream:75 - [STDERR_REDIRECT] WARNING: Couldn't flush system prefs: java.util.prefs.BackingStoreException: Couldn't get file lock.
2025-09-12 14:34:18,126 [ERROR] LogOutputStream:75 - [STDERR_REDIRECT] 
2025-09-12 14:34:48,125 [ERROR] LogOutputStream:75 - [STDERR_REDIRECT] Sep 12, 2025 2:34:48 PM java.util.prefs.FileSystemPreferences checkLockFile0ErrorCode
2025-09-12 14:34:48,125 [ERROR] LogOutputStream:75 - [STDERR_REDIRECT] WARNING: Could not lock System prefs. Unix error code 2.
2025-09-12 14:34:48,126 [ERROR] LogOutputStream:75 - [STDERR_REDIRECT] 
2025-09-12 14:34:48,126 [ERROR] LogOutputStream:75 - [STDERR_REDIRECT] Sep 12, 2025 2:34:48 PM java.util.prefs.FileSystemPreferences syncWorld
2025-09-12 14:34:48,127 [ERROR] LogOutputStream:75 - [STDERR_REDIRECT] WARNING: Couldn't flush system prefs: java.util.prefs.BackingStoreException: Couldn't get file lock.
2025-09-12 14:34:48,127 [ERROR] LogOutputStream:75 - [STDERR_REDIRECT] 
2025-09-12 14:35:18,125 [ERROR] LogOutputStream:75 - [STDERR_REDIRECT] Sep 12, 2025 2:35:18 PM java.util.prefs.FileSystemPreferences checkLockFile0ErrorCode
2025-09-12 14:35:18,126 [ERROR] LogOutputStream:75 - [STDERR_REDIRECT] WARNING: Could not lock System prefs. Unix error code 2.
2025-09-12 14:35:18,126 [ERROR] LogOutputStream:75 - [STDERR_REDIRECT] 
2025-09-12 14:35:18,127 [ERROR] LogOutputStream:75 - [STDERR_REDIRECT] Sep 12, 2025 2:35:18 PM java.util.prefs.FileSystemPreferences syncWorld
2025-09-12 14:35:18,128 [ERROR] LogOutputStream:75 - [STDERR_REDIRECT] WARNING: Couldn't flush system prefs: java.util.prefs.BackingStoreException: Couldn't get file lock.
2025-09-12 14:35:18,128 [ERROR] LogOutputStream:75 - [STDERR_REDIRECT] 
2025-09-12 14:35:48,125 [ERROR] LogOutputStream:75 - [STDERR_REDIRECT] Sep 12, 2025 2:35:48 PM java.util.prefs.FileSystemPreferences checkLockFile0ErrorCode
2025-09-12 14:35:48,125 [ERROR] LogOutputStream:75 - [STDERR_REDIRECT] WARNING: Could not lock System prefs. Unix error code 2.
2025-09-12 14:35:48,126 [ERROR] LogOutputStream:75 - [STDERR_REDIRECT] 
2025-09-12 14:35:48,126 [ERROR] LogOutputStream:75 - [STDERR_REDIRECT] Sep 12, 2025 2:35:48 PM java.util.prefs.FileSystemPreferences syncWorld
2025-09-12 14:35:48,127 [ERROR] LogOutputStream:75 - [STDERR_REDIRECT] WARNING: Couldn't flush system prefs: java.util.prefs.BackingStoreException: Couldn't get file lock.
2025-09-12 14:35:48,127 [ERROR] LogOutputStream:75 - [STDERR_REDIRECT] 
2025-09-12 14:36:18,125 [ERROR] LogOutputStream:75 - [STDERR_REDIRECT] Sep 12, 2025 2:36:18 PM java.util.prefs.FileSystemPreferences checkLockFile0ErrorCode
2025-09-12 14:36:18,125 [ERROR] LogOutputStream:75 - [STDERR_REDIRECT] WARNING: Could not lock System prefs. Unix error code 2.
2025-09-12 14:36:18,125 [ERROR] LogOutputStream:75 - [STDERR_REDIRECT] 
2025-09-12 14:36:18,126 [ERROR] LogOutputStream:75 - [STDERR_REDIRECT] Sep 12, 2025 2:36:18 PM java.util.prefs.FileSystemPreferences syncWorld
2025-09-12 14:36:18,127 [ERROR] LogOutputStream:75 - [STDERR_REDIRECT] WARNING: Couldn't flush system prefs: java.util.prefs.BackingStoreException: Couldn't get file lock.
2025-09-12 14:36:18,128 [ERROR] LogOutputStream:75 - [STDERR_REDIRECT] 
2025-09-12 14:36:48,125 [ERROR] LogOutputStream:75 - [STDERR_REDIRECT] Sep 12, 2025 2:36:48 PM java.util.prefs.FileSystemPreferences checkLockFile0ErrorCode
2025-09-12 14:36:48,125 [ERROR] LogOutputStream:75 - [STDERR_REDIRECT] WARNING: Could not lock System prefs. Unix error code 2.
2025-09-12 14:36:48,125 [ERROR] LogOutputStream:75 - [STDERR_REDIRECT] 
2025-09-12 14:36:48,126 [ERROR] LogOutputStream:75 - [STDERR_REDIRECT] Sep 12, 2025 2:36:48 PM java.util.prefs.FileSystemPreferences syncWorld
2025-09-12 14:36:48,126 [ERROR] LogOutputStream:75 - [STDERR_REDIRECT] WARNING: Couldn't flush system prefs: java.util.prefs.BackingStoreException: Couldn't get file lock.
2025-09-12 14:36:48,126 [ERROR] LogOutputStream:75 - [STDERR_REDIRECT] 
2025-09-12 14:37:18,125 [ERROR] LogOutputStream:75 - [STDERR_REDIRECT] Sep 12, 2025 2:37:18 PM java.util.prefs.FileSystemPreferences checkLockFile0ErrorCode
2025-09-12 14:37:18,126 [ERROR] LogOutputStream:75 - [STDERR_REDIRECT] WARNING: Could not lock System prefs. Unix error code 2.
2025-09-12 14:37:18,126 [ERROR] LogOutputStream:75 - [STDERR_REDIRECT] 
2025-09-12 14:37:18,126 [ERROR] LogOutputStream:75 - [STDERR_REDIRECT] Sep 12, 2025 2:37:18 PM java.util.prefs.FileSystemPreferences syncWorld
2025-09-12 14:37:18,127 [ERROR] LogOutputStream:75 - [STDERR_REDIRECT] WARNING: Couldn't flush system prefs: java.util.prefs.BackingStoreException: Couldn't get file lock.
2025-09-12 14:37:18,127 [ERROR] LogOutputStream:75 - [STDERR_REDIRECT] 
2025-09-12 14:37:48,125 [ERROR] LogOutputStream:75 - [STDERR_REDIRECT] Sep 12, 2025 2:37:48 PM java.util.prefs.FileSystemPreferences checkLockFile0ErrorCode
2025-09-12 14:37:48,125 [ERROR] LogOutputStream:75 - [STDERR_REDIRECT] WARNING: Could not lock System prefs. Unix error code 2.
2025-09-12 14:37:48,125 [ERROR] LogOutputStream:75 - [STDERR_REDIRECT] 
2025-09-12 14:37:48,126 [ERROR] LogOutputStream:75 - [STDERR_REDIRECT] Sep 12, 2025 2:37:48 PM java.util.prefs.FileSystemPreferences syncWorld
2025-09-12 14:37:48,126 [ERROR] LogOutputStream:75 - [STDERR_REDIRECT] WARNING: Couldn't flush system prefs: java.util.prefs.BackingStoreException: Couldn't get file lock.
2025-09-12 14:37:48,127 [ERROR] LogOutputStream:75 - [STDERR_REDIRECT] 
2025-09-12 14:38:18,124 [ERROR] LogOutputStream:75 - [STDERR_REDIRECT] Sep 12, 2025 2:38:18 PM java.util.prefs.FileSystemPreferences checkLockFile0ErrorCode
2025-09-12 14:38:18,124 [ERROR] LogOutputStream:75 - [STDERR_REDIRECT] WARNING: Could not lock System prefs. Unix error code 2.
2025-09-12 14:38:18,125 [ERROR] LogOutputStream:75 - [STDERR_REDIRECT] 
2025-09-12 14:38:18,125 [ERROR] LogOutputStream:75 - [STDERR_REDIRECT] Sep 12, 2025 2:38:18 PM java.util.prefs.FileSystemPreferences syncWorld
2025-09-12 14:38:18,126 [ERROR] LogOutputStream:75 - [STDERR_REDIRECT] WARNING: Couldn't flush system prefs: java.util.prefs.BackingStoreException: Couldn't get file lock.
2025-09-12 14:38:18,126 [ERROR] LogOutputStream:75 - [STDERR_REDIRECT] 
2025-09-12 14:38:48,125 [ERROR] LogOutputStream:75 - [STDERR_REDIRECT] Sep 12, 2025 2:38:48 PM java.util.prefs.FileSystemPreferences checkLockFile0ErrorCode
2025-09-12 14:38:48,126 [ERROR] LogOutputStream:75 - [STDERR_REDIRECT] WARNING: Could not lock System prefs. Unix error code 2.
2025-09-12 14:38:48,126 [ERROR] LogOutputStream:75 - [STDERR_REDIRECT] 
2025-09-12 14:38:48,126 [ERROR] LogOutputStream:75 - [STDERR_REDIRECT] Sep 12, 2025 2:38:48 PM java.util.prefs.FileSystemPreferences syncWorld
2025-09-12 14:38:48,127 [ERROR] LogOutputStream:75 - [STDERR_REDIRECT] WARNING: Couldn't flush system prefs: java.util.prefs.BackingStoreException: Couldn't get file lock.
2025-09-12 14:38:48,127 [ERROR] LogOutputStream:75 - [STDERR_REDIRECT] 
2025-09-12 14:39:18,124 [ERROR] LogOutputStream:75 - [STDERR_REDIRECT] Sep 12, 2025 2:39:18 PM java.util.prefs.FileSystemPreferences checkLockFile0ErrorCode
2025-09-12 14:39:18,125 [ERROR] LogOutputStream:75 - [STDERR_REDIRECT] WARNING: Could not lock System prefs. Unix error code 2.
2025-09-12 14:39:18,125 [ERROR] LogOutputStream:75 - [STDERR_REDIRECT] 
2025-09-12 14:39:18,126 [ERROR] LogOutputStream:75 - [STDERR_REDIRECT] Sep 12, 2025 2:39:18 PM java.util.prefs.FileSystemPreferences syncWorld
2025-09-12 14:39:18,126 [ERROR] LogOutputStream:75 - [STDERR_REDIRECT] WARNING: Couldn't flush system prefs: java.util.prefs.BackingStoreException: Couldn't get file lock.
2025-09-12 14:39:18,126 [ERROR] LogOutputStream:75 - [STDERR_REDIRECT] 
2025-09-12 14:39:48,125 [ERROR] LogOutputStream:75 - [STDERR_REDIRECT] Sep 12, 2025 2:39:48 PM java.util.prefs.FileSystemPreferences checkLockFile0ErrorCode
2025-09-12 14:39:48,126 [ERROR] LogOutputStream:75 - [STDERR_REDIRECT] WARNING: Could not lock System prefs. Unix error code 2.
2025-09-12 14:39:48,126 [ERROR] LogOutputStream:75 - [STDERR_REDIRECT] 
2025-09-12 14:39:48,127 [ERROR] LogOutputStream:75 - [STDERR_REDIRECT] Sep 12, 2025 2:39:48 PM java.util.prefs.FileSystemPreferences syncWorld
2025-09-12 14:39:48,127 [ERROR] LogOutputStream:75 - [STDERR_REDIRECT] WARNING: Couldn't flush system prefs: java.util.prefs.BackingStoreException: Couldn't get file lock.
2025-09-12 14:39:48,127 [ERROR] LogOutputStream:75 - [STDERR_REDIRECT] 
2025-09-12 14:40:18,126 [ERROR] LogOutputStream:75 - [STDERR_REDIRECT] Sep 12, 2025 2:40:18 PM java.util.prefs.FileSystemPreferences checkLockFile0ErrorCode
2025-09-12 14:40:18,127 [ERROR] LogOutputStream:75 - [STDERR_REDIRECT] WARNING: Could not lock System prefs. Unix error code 2.
2025-09-12 14:40:18,127 [ERROR] LogOutputStream:75 - [STDERR_REDIRECT] 
2025-09-12 14:40:18,127 [ERROR] LogOutputStream:75 - [STDERR_REDIRECT] Sep 12, 2025 2:40:18 PM java.util.prefs.FileSystemPreferences syncWorld
2025-09-12 14:40:18,128 [ERROR] LogOutputStream:75 - [STDERR_REDIRECT] WARNING: Couldn't flush system prefs: java.util.prefs.BackingStoreException: Couldn't get file lock.
2025-09-12 14:40:18,128 [ERROR] LogOutputStream:75 - [STDERR_REDIRECT] 
2025-09-12 14:40:48,125 [ERROR] LogOutputStream:75 - [STDERR_REDIRECT] Sep 12, 2025 2:40:48 PM java.util.prefs.FileSystemPreferences checkLockFile0ErrorCode
2025-09-12 14:40:48,126 [ERROR] LogOutputStream:75 - [STDERR_REDIRECT] WARNING: Could not lock System prefs. Unix error code 2.
2025-09-12 14:40:48,126 [ERROR] LogOutputStream:75 - [STDERR_REDIRECT] 
2025-09-12 14:40:48,127 [ERROR] LogOutputStream:75 - [STDERR_REDIRECT] Sep 12, 2025 2:40:48 PM java.util.prefs.FileSystemPreferences syncWorld
2025-09-12 14:40:48,128 [ERROR] LogOutputStream:75 - [STDERR_REDIRECT] WARNING: Couldn't flush system prefs: java.util.prefs.BackingStoreException: Couldn't get file lock.
2025-09-12 14:40:48,128 [ERROR] LogOutputStream:75 - [STDERR_REDIRECT] 
2025-09-12 14:41:18,125 [ERROR] LogOutputStream:75 - [STDERR_REDIRECT] Sep 12, 2025 2:41:18 PM java.util.prefs.FileSystemPreferences checkLockFile0ErrorCode
2025-09-12 14:41:18,125 [ERROR] LogOutputStream:75 - [STDERR_REDIRECT] WARNING: Could not lock System prefs. Unix error code 2.
2025-09-12 14:41:18,126 [ERROR] LogOutputStream:75 - [STDERR_REDIRECT] 
2025-09-12 14:41:18,126 [ERROR] LogOutputStream:75 - [STDERR_REDIRECT] Sep 12, 2025 2:41:18 PM java.util.prefs.FileSystemPreferences syncWorld
2025-09-12 14:41:18,127 [ERROR] LogOutputStream:75 - [STDERR_REDIRECT] WARNING: Couldn't flush system prefs: java.util.prefs.BackingStoreException: Couldn't get file lock.
2025-09-12 14:41:18,127 [ERROR] LogOutputStream:75 - [STDERR_REDIRECT] 
2025-09-12 14:41:48,126 [ERROR] LogOutputStream:75 - [STDERR_REDIRECT] Sep 12, 2025 2:41:48 PM java.util.prefs.FileSystemPreferences checkLockFile0ErrorCode
2025-09-12 14:41:48,127 [ERROR] LogOutputStream:75 - [STDERR_REDIRECT] WARNING: Could not lock System prefs. Unix error code 2.
2025-09-12 14:41:48,127 [ERROR] LogOutputStream:75 - [STDERR_REDIRECT] 
2025-09-12 14:41:48,128 [ERROR] LogOutputStream:75 - [STDERR_REDIRECT] Sep 12, 2025 2:41:48 PM java.util.prefs.FileSystemPreferences syncWorld
2025-09-12 14:41:48,128 [ERROR] LogOutputStream:75 - [STDERR_REDIRECT] WARNING: Couldn't flush system prefs: java.util.prefs.BackingStoreException: Couldn't get file lock.
2025-09-12 14:41:48,128 [ERROR] LogOutputStream:75 - [STDERR_REDIRECT] 
2025-09-12 14:42:18,126 [ERROR] LogOutputStream:75 - [STDERR_REDIRECT] Sep 12, 2025 2:42:18 PM java.util.prefs.FileSystemPreferences checkLockFile0ErrorCode
2025-09-12 14:42:18,127 [ERROR] LogOutputStream:75 - [STDERR_REDIRECT] WARNING: Could not lock System prefs. Unix error code 2.
2025-09-12 14:42:18,127 [ERROR] LogOutputStream:75 - [STDERR_REDIRECT] 
2025-09-12 14:42:18,128 [ERROR] LogOutputStream:75 - [STDERR_REDIRECT] Sep 12, 2025 2:42:18 PM java.util.prefs.FileSystemPreferences syncWorld
2025-09-12 14:42:18,129 [ERROR] LogOutputStream:75 - [STDERR_REDIRECT] WARNING: Couldn't flush system prefs: java.util.prefs.BackingStoreException: Couldn't get file lock.
2025-09-12 14:42:18,129 [ERROR] LogOutputStream:75 - [STDERR_REDIRECT] 
2025-09-12 14:42:48,127 [ERROR] LogOutputStream:75 - [STDERR_REDIRECT] Sep 12, 2025 2:42:48 PM java.util.prefs.FileSystemPreferences checkLockFile0ErrorCode
2025-09-12 14:42:48,127 [ERROR] LogOutputStream:75 - [STDERR_REDIRECT] WARNING: Could not lock System prefs. Unix error code 2.
2025-09-12 14:42:48,127 [ERROR] LogOutputStream:75 - [STDERR_REDIRECT] 
2025-09-12 14:42:48,128 [ERROR] LogOutputStream:75 - [STDERR_REDIRECT] Sep 12, 2025 2:42:48 PM java.util.prefs.FileSystemPreferences syncWorld
2025-09-12 14:42:48,129 [ERROR] LogOutputStream:75 - [STDERR_REDIRECT] WARNING: Couldn't flush system prefs: java.util.prefs.BackingStoreException: Couldn't get file lock.
2025-09-12 14:42:48,129 [ERROR] LogOutputStream:75 - [STDERR_REDIRECT] 
2025-09-12 14:43:18,126 [ERROR] LogOutputStream:75 - [STDERR_REDIRECT] Sep 12, 2025 2:43:18 PM java.util.prefs.FileSystemPreferences checkLockFile0ErrorCode
2025-09-12 14:43:18,127 [ERROR] LogOutputStream:75 - [STDERR_REDIRECT] WARNING: Could not lock System prefs. Unix error code 2.
2025-09-12 14:43:18,127 [ERROR] LogOutputStream:75 - [STDERR_REDIRECT] 
2025-09-12 14:43:18,128 [ERROR] LogOutputStream:75 - [STDERR_REDIRECT] Sep 12, 2025 2:43:18 PM java.util.prefs.FileSystemPreferences syncWorld
2025-09-12 14:43:18,128 [ERROR] LogOutputStream:75 - [STDERR_REDIRECT] WARNING: Couldn't flush system prefs: java.util.prefs.BackingStoreException: Couldn't get file lock.
2025-09-12 14:43:18,128 [ERROR] LogOutputStream:75 - [STDERR_REDIRECT] 
2025-09-12 14:43:48,126 [ERROR] LogOutputStream:75 - [STDERR_REDIRECT] Sep 12, 2025 2:43:48 PM java.util.prefs.FileSystemPreferences checkLockFile0ErrorCode
2025-09-12 14:43:48,127 [ERROR] LogOutputStream:75 - [STDERR_REDIRECT] WARNING: Could not lock System prefs. Unix error code 2.
2025-09-12 14:43:48,127 [ERROR] LogOutputStream:75 - [STDERR_REDIRECT] 
2025-09-12 14:43:48,128 [ERROR] LogOutputStream:75 - [STDERR_REDIRECT] Sep 12, 2025 2:43:48 PM java.util.prefs.FileSystemPreferences syncWorld
2025-09-12 14:43:48,128 [ERROR] LogOutputStream:75 - [STDERR_REDIRECT] WARNING: Couldn't flush system prefs: java.util.prefs.BackingStoreException: Couldn't get file lock.
2025-09-12 14:43:48,128 [ERROR] LogOutputStream:75 - [STDERR_REDIRECT] 
2025-09-12 14:44:18,127 [ERROR] LogOutputStream:75 - [STDERR_REDIRECT] Sep 12, 2025 2:44:18 PM java.util.prefs.FileSystemPreferences checkLockFile0ErrorCode
2025-09-12 14:44:18,128 [ERROR] LogOutputStream:75 - [STDERR_REDIRECT] WARNING: Could not lock System prefs. Unix error code 2.
2025-09-12 14:44:18,128 [ERROR] LogOutputStream:75 - [STDERR_REDIRECT] 
2025-09-12 14:44:18,128 [ERROR] LogOutputStream:75 - [STDERR_REDIRECT] Sep 12, 2025 2:44:18 PM java.util.prefs.FileSystemPreferences syncWorld
2025-09-12 14:44:18,129 [ERROR] LogOutputStream:75 - [STDERR_REDIRECT] WARNING: Couldn't flush system prefs: java.util.prefs.BackingStoreException: Couldn't get file lock.
2025-09-12 14:44:18,129 [ERROR] LogOutputStream:75 - [STDERR_REDIRECT] 
2025-09-12 14:44:48,127 [ERROR] LogOutputStream:75 - [STDERR_REDIRECT] Sep 12, 2025 2:44:48 PM java.util.prefs.FileSystemPreferences checkLockFile0ErrorCode
2025-09-12 14:44:48,127 [ERROR] LogOutputStream:75 - [STDERR_REDIRECT] WARNING: Could not lock System prefs. Unix error code 2.
2025-09-12 14:44:48,127 [ERROR] LogOutputStream:75 - [STDERR_REDIRECT] 
2025-09-12 14:44:48,128 [ERROR] LogOutputStream:75 - [STDERR_REDIRECT] Sep 12, 2025 2:44:48 PM java.util.prefs.FileSystemPreferences syncWorld
2025-09-12 14:44:48,129 [ERROR] LogOutputStream:75 - [STDERR_REDIRECT] WARNING: Couldn't flush system prefs: java.util.prefs.BackingStoreException: Couldn't get file lock.
2025-09-12 14:44:48,129 [ERROR] LogOutputStream:75 - [STDERR_REDIRECT] 
2025-09-12 14:45:18,126 [ERROR] LogOutputStream:75 - [STDERR_REDIRECT] Sep 12, 2025 2:45:18 PM java.util.prefs.FileSystemPreferences checkLockFile0ErrorCode
2025-09-12 14:45:18,127 [ERROR] LogOutputStream:75 - [STDERR_REDIRECT] WARNING: Could not lock System prefs. Unix error code 2.
2025-09-12 14:45:18,127 [ERROR] LogOutputStream:75 - [STDERR_REDIRECT] 
2025-09-12 14:45:18,128 [ERROR] LogOutputStream:75 - [STDERR_REDIRECT] Sep 12, 2025 2:45:18 PM java.util.prefs.FileSystemPreferences syncWorld
2025-09-12 14:45:18,128 [ERROR] LogOutputStream:75 - [STDERR_REDIRECT] WARNING: Couldn't flush system prefs: java.util.prefs.BackingStoreException: Couldn't get file lock.
2025-09-12 14:45:18,128 [ERROR] LogOutputStream:75 - [STDERR_REDIRECT] 
2025-09-12 14:45:48,127 [ERROR] LogOutputStream:75 - [STDERR_REDIRECT] Sep 12, 2025 2:45:48 PM java.util.prefs.FileSystemPreferences checkLockFile0ErrorCode
2025-09-12 14:45:48,127 [ERROR] LogOutputStream:75 - [STDERR_REDIRECT] WARNING: Could not lock System prefs. Unix error code 2.
2025-09-12 14:45:48,127 [ERROR] LogOutputStream:75 - [STDERR_REDIRECT] 
2025-09-12 14:45:48,128 [ERROR] LogOutputStream:75 - [STDERR_REDIRECT] Sep 12, 2025 2:45:48 PM java.util.prefs.FileSystemPreferences syncWorld
2025-09-12 14:45:48,129 [ERROR] LogOutputStream:75 - [STDERR_REDIRECT] WARNING: Couldn't flush system prefs: java.util.prefs.BackingStoreException: Couldn't get file lock.
2025-09-12 14:45:48,129 [ERROR] LogOutputStream:75 - [STDERR_REDIRECT] 
2025-09-12 14:46:18,126 [ERROR] LogOutputStream:75 - [STDERR_REDIRECT] Sep 12, 2025 2:46:18 PM java.util.prefs.FileSystemPreferences checkLockFile0ErrorCode
2025-09-12 14:46:18,126 [ERROR] LogOutputStream:75 - [STDERR_REDIRECT] WARNING: Could not lock System prefs. Unix error code 2.
2025-09-12 14:46:18,126 [ERROR] LogOutputStream:75 - [STDERR_REDIRECT] 
2025-09-12 14:46:18,127 [ERROR] LogOutputStream:75 - [STDERR_REDIRECT] Sep 12, 2025 2:46:18 PM java.util.prefs.FileSystemPreferences syncWorld
2025-09-12 14:46:18,128 [ERROR] LogOutputStream:75 - [STDERR_REDIRECT] WARNING: Couldn't flush system prefs: java.util.prefs.BackingStoreException: Couldn't get file lock.
2025-09-12 14:46:18,128 [ERROR] LogOutputStream:75 - [STDERR_REDIRECT] 
2025-09-12 14:46:48,126 [ERROR] LogOutputStream:75 - [STDERR_REDIRECT] Sep 12, 2025 2:46:48 PM java.util.prefs.FileSystemPreferences checkLockFile0ErrorCode
2025-09-12 14:46:48,126 [ERROR] LogOutputStream:75 - [STDERR_REDIRECT] WARNING: Could not lock System prefs. Unix error code 2.
2025-09-12 14:46:48,127 [ERROR] LogOutputStream:75 - [STDERR_REDIRECT] 
2025-09-12 14:46:48,127 [ERROR] LogOutputStream:75 - [STDERR_REDIRECT] Sep 12, 2025 2:46:48 PM java.util.prefs.FileSystemPreferences syncWorld
2025-09-12 14:46:48,128 [ERROR] LogOutputStream:75 - [STDERR_REDIRECT] WARNING: Couldn't flush system prefs: java.util.prefs.BackingStoreException: Couldn't get file lock.
2025-09-12 14:46:48,128 [ERROR] LogOutputStream:75 - [STDERR_REDIRECT] 
2025-09-12 14:47:18,127 [ERROR] LogOutputStream:75 - [STDERR_REDIRECT] Sep 12, 2025 2:47:18 PM java.util.prefs.FileSystemPreferences checkLockFile0ErrorCode
2025-09-12 14:47:18,128 [ERROR] LogOutputStream:75 - [STDERR_REDIRECT] WARNING: Could not lock System prefs. Unix error code 2.
2025-09-12 14:47:18,128 [ERROR] LogOutputStream:75 - [STDERR_REDIRECT] 
2025-09-12 14:47:18,129 [ERROR] LogOutputStream:75 - [STDERR_REDIRECT] Sep 12, 2025 2:47:18 PM java.util.prefs.FileSystemPreferences syncWorld
2025-09-12 14:47:18,129 [ERROR] LogOutputStream:75 - [STDERR_REDIRECT] WARNING: Couldn't flush system prefs: java.util.prefs.BackingStoreException: Couldn't get file lock.
2025-09-12 14:47:18,129 [ERROR] LogOutputStream:75 - [STDERR_REDIRECT] 
2025-09-12 14:47:48,126 [ERROR] LogOutputStream:75 - [STDERR_REDIRECT] Sep 12, 2025 2:47:48 PM java.util.prefs.FileSystemPreferences checkLockFile0ErrorCode
2025-09-12 14:47:48,127 [ERROR] LogOutputStream:75 - [STDERR_REDIRECT] WARNING: Could not lock System prefs. Unix error code 2.
2025-09-12 14:47:48,127 [ERROR] LogOutputStream:75 - [STDERR_REDIRECT] 
2025-09-12 14:47:48,128 [ERROR] LogOutputStream:75 - [STDERR_REDIRECT] Sep 12, 2025 2:47:48 PM java.util.prefs.FileSystemPreferences syncWorld
2025-09-12 14:47:48,128 [ERROR] LogOutputStream:75 - [STDERR_REDIRECT] WARNING: Couldn't flush system prefs: java.util.prefs.BackingStoreException: Couldn't get file lock.
2025-09-12 14:47:48,128 [ERROR] LogOutputStream:75 - [STDERR_REDIRECT] 
2025-09-12 14:48:18,128 [ERROR] LogOutputStream:75 - [STDERR_REDIRECT] Sep 12, 2025 2:48:18 PM java.util.prefs.FileSystemPreferences checkLockFile0ErrorCode
2025-09-12 14:48:18,129 [ERROR] LogOutputStream:75 - [STDERR_REDIRECT] WARNING: Could not lock System prefs. Unix error code 2.
2025-09-12 14:48:18,129 [ERROR] LogOutputStream:75 - [STDERR_REDIRECT] 
2025-09-12 14:48:18,129 [ERROR] LogOutputStream:75 - [STDERR_REDIRECT] Sep 12, 2025 2:48:18 PM java.util.prefs.FileSystemPreferences syncWorld
2025-09-12 14:48:18,130 [ERROR] LogOutputStream:75 - [STDERR_REDIRECT] WARNING: Couldn't flush system prefs: java.util.prefs.BackingStoreException: Couldn't get file lock.
2025-09-12 14:48:18,130 [ERROR] LogOutputStream:75 - [STDERR_REDIRECT] 
2025-09-12 14:48:48,126 [ERROR] LogOutputStream:75 - [STDERR_REDIRECT] Sep 12, 2025 2:48:48 PM java.util.prefs.FileSystemPreferences checkLockFile0ErrorCode
2025-09-12 14:48:48,127 [ERROR] LogOutputStream:75 - [STDERR_REDIRECT] WARNING: Could not lock System prefs. Unix error code 2.
2025-09-12 14:48:48,127 [ERROR] LogOutputStream:75 - [STDERR_REDIRECT] 
2025-09-12 14:48:48,128 [ERROR] LogOutputStream:75 - [STDERR_REDIRECT] Sep 12, 2025 2:48:48 PM java.util.prefs.FileSystemPreferences syncWorld
2025-09-12 14:48:48,128 [ERROR] LogOutputStream:75 - [STDERR_REDIRECT] WARNING: Couldn't flush system prefs: java.util.prefs.BackingStoreException: Couldn't get file lock.
2025-09-12 14:48:48,128 [ERROR] LogOutputStream:75 - [STDERR_REDIRECT] 
2025-09-12 14:49:18,131 [ERROR] LogOutputStream:75 - [STDERR_REDIRECT] Sep 12, 2025 2:49:18 PM java.util.prefs.FileSystemPreferences checkLockFile0ErrorCode
2025-09-12 14:49:18,131 [ERROR] LogOutputStream:75 - [STDERR_REDIRECT] WARNING: Could not lock System prefs. Unix error code 2.
2025-09-12 14:49:18,131 [ERROR] LogOutputStream:75 - [STDERR_REDIRECT] 
2025-09-12 14:49:18,132 [ERROR] LogOutputStream:75 - [STDERR_REDIRECT] Sep 12, 2025 2:49:18 PM java.util.prefs.FileSystemPreferences syncWorld
2025-09-12 14:49:18,133 [ERROR] LogOutputStream:75 - [STDERR_REDIRECT] WARNING: Couldn't flush system prefs: java.util.prefs.BackingStoreException: Couldn't get file lock.
2025-09-12 14:49:18,133 [ERROR] LogOutputStream:75 - [STDERR_REDIRECT] 
2025-09-12 14:49:48,126 [ERROR] LogOutputStream:75 - [STDERR_REDIRECT] Sep 12, 2025 2:49:48 PM java.util.prefs.FileSystemPreferences checkLockFile0ErrorCode
2025-09-12 14:49:48,127 [ERROR] LogOutputStream:75 - [STDERR_REDIRECT] WARNING: Could not lock System prefs. Unix error code 2.
2025-09-12 14:49:48,127 [ERROR] LogOutputStream:75 - [STDERR_REDIRECT] 
2025-09-12 14:49:48,127 [ERROR] LogOutputStream:75 - [STDERR_REDIRECT] Sep 12, 2025 2:49:48 PM java.util.prefs.FileSystemPreferences syncWorld
2025-09-12 14:49:48,128 [ERROR] LogOutputStream:75 - [STDERR_REDIRECT] WARNING: Couldn't flush system prefs: java.util.prefs.BackingStoreException: Couldn't get file lock.
2025-09-12 14:49:48,128 [ERROR] LogOutputStream:75 - [STDERR_REDIRECT] 
2025-09-12 14:50:18,126 [ERROR] LogOutputStream:75 - [STDERR_REDIRECT] Sep 12, 2025 2:50:18 PM java.util.prefs.FileSystemPreferences checkLockFile0ErrorCode
2025-09-12 14:50:18,127 [ERROR] LogOutputStream:75 - [STDERR_REDIRECT] WARNING: Could not lock System prefs. Unix error code 2.
2025-09-12 14:50:18,127 [ERROR] LogOutputStream:75 - [STDERR_REDIRECT] 
2025-09-12 14:50:18,127 [ERROR] LogOutputStream:75 - [STDERR_REDIRECT] Sep 12, 2025 2:50:18 PM java.util.prefs.FileSystemPreferences syncWorld
2025-09-12 14:50:18,128 [ERROR] LogOutputStream:75 - [STDERR_REDIRECT] WARNING: Couldn't flush system prefs: java.util.prefs.BackingStoreException: Couldn't get file lock.
2025-09-12 14:50:18,128 [ERROR] LogOutputStream:75 - [STDERR_REDIRECT] 
2025-09-12 14:50:48,129 [ERROR] LogOutputStream:75 - [STDERR_REDIRECT] Sep 12, 2025 2:50:48 PM java.util.prefs.FileSystemPreferences checkLockFile0ErrorCode
2025-09-12 14:50:48,130 [ERROR] LogOutputStream:75 - [STDERR_REDIRECT] WARNING: Could not lock System prefs. Unix error code 2.
2025-09-12 14:50:48,130 [ERROR] LogOutputStream:75 - [STDERR_REDIRECT] 
2025-09-12 14:50:48,131 [ERROR] LogOutputStream:75 - [STDERR_REDIRECT] Sep 12, 2025 2:50:48 PM java.util.prefs.FileSystemPreferences syncWorld
2025-09-12 14:50:48,131 [ERROR] LogOutputStream:75 - [STDERR_REDIRECT] WARNING: Couldn't flush system prefs: java.util.prefs.BackingStoreException: Couldn't get file lock.
2025-09-12 14:50:48,131 [ERROR] LogOutputStream:75 - [STDERR_REDIRECT] 
2025-09-12 14:51:18,129 [ERROR] LogOutputStream:75 - [STDERR_REDIRECT] Sep 12, 2025 2:51:18 PM java.util.prefs.FileSystemPreferences checkLockFile0ErrorCode
2025-09-12 14:51:18,130 [ERROR] LogOutputStream:75 - [STDERR_REDIRECT] WARNING: Could not lock System prefs. Unix error code 2.
2025-09-12 14:51:18,130 [ERROR] LogOutputStream:75 - [STDERR_REDIRECT] 
2025-09-12 14:51:18,130 [ERROR] LogOutputStream:75 - [STDERR_REDIRECT] Sep 12, 2025 2:51:18 PM java.util.prefs.FileSystemPreferences syncWorld
2025-09-12 14:51:18,131 [ERROR] LogOutputStream:75 - [STDERR_REDIRECT] WARNING: Couldn't flush system prefs: java.util.prefs.BackingStoreException: Couldn't get file lock.
2025-09-12 14:51:18,131 [ERROR] LogOutputStream:75 - [STDERR_REDIRECT] 
2025-09-12 14:51:48,126 [ERROR] LogOutputStream:75 - [STDERR_REDIRECT] Sep 12, 2025 2:51:48 PM java.util.prefs.FileSystemPreferences checkLockFile0ErrorCode
2025-09-12 14:51:48,127 [ERROR] LogOutputStream:75 - [STDERR_REDIRECT] WARNING: Could not lock System prefs. Unix error code 2.
2025-09-12 14:51:48,127 [ERROR] LogOutputStream:75 - [STDERR_REDIRECT] 
2025-09-12 14:51:48,128 [ERROR] LogOutputStream:75 - [STDERR_REDIRECT] Sep 12, 2025 2:51:48 PM java.util.prefs.FileSystemPreferences syncWorld
2025-09-12 14:51:48,128 [ERROR] LogOutputStream:75 - [STDERR_REDIRECT] WARNING: Couldn't flush system prefs: java.util.prefs.BackingStoreException: Couldn't get file lock.
2025-09-12 14:51:48,128 [ERROR] LogOutputStream:75 - [STDERR_REDIRECT] 
2025-09-12 14:52:18,127 [ERROR] LogOutputStream:75 - [STDERR_REDIRECT] Sep 12, 2025 2:52:18 PM java.util.prefs.FileSystemPreferences checkLockFile0ErrorCode
2025-09-12 14:52:18,127 [ERROR] LogOutputStream:75 - [STDERR_REDIRECT] WARNING: Could not lock System prefs. Unix error code 2.
2025-09-12 14:52:18,127 [ERROR] LogOutputStream:75 - [STDERR_REDIRECT] 
2025-09-12 14:52:18,128 [ERROR] LogOutputStream:75 - [STDERR_REDIRECT] Sep 12, 2025 2:52:18 PM java.util.prefs.FileSystemPreferences syncWorld
2025-09-12 14:52:18,128 [ERROR] LogOutputStream:75 - [STDERR_REDIRECT] WARNING: Couldn't flush system prefs: java.util.prefs.BackingStoreException: Couldn't get file lock.
2025-09-12 14:52:18,128 [ERROR] LogOutputStream:75 - [STDERR_REDIRECT] 
2025-09-12 14:52:48,126 [ERROR] LogOutputStream:75 - [STDERR_REDIRECT] Sep 12, 2025 2:52:48 PM java.util.prefs.FileSystemPreferences checkLockFile0ErrorCode
2025-09-12 14:52:48,127 [ERROR] LogOutputStream:75 - [STDERR_REDIRECT] WARNING: Could not lock System prefs. Unix error code 2.
2025-09-12 14:52:48,127 [ERROR] LogOutputStream:75 - [STDERR_REDIRECT] 
2025-09-12 14:52:48,128 [ERROR] LogOutputStream:75 - [STDERR_REDIRECT] Sep 12, 2025 2:52:48 PM java.util.prefs.FileSystemPreferences syncWorld
2025-09-12 14:52:48,128 [ERROR] LogOutputStream:75 - [STDERR_REDIRECT] WARNING: Couldn't flush system prefs: java.util.prefs.BackingStoreException: Couldn't get file lock.
2025-09-12 14:52:48,128 [ERROR] LogOutputStream:75 - [STDERR_REDIRECT] 
2025-09-12 14:53:18,127 [ERROR] LogOutputStream:75 - [STDERR_REDIRECT] Sep 12, 2025 2:53:18 PM java.util.prefs.FileSystemPreferences checkLockFile0ErrorCode
2025-09-12 14:53:18,128 [ERROR] LogOutputStream:75 - [STDERR_REDIRECT] WARNING: Could not lock System prefs. Unix error code 2.
2025-09-12 14:53:18,128 [ERROR] LogOutputStream:75 - [STDERR_REDIRECT] 
2025-09-12 14:53:18,128 [ERROR] LogOutputStream:75 - [STDERR_REDIRECT] Sep 12, 2025 2:53:18 PM java.util.prefs.FileSystemPreferences syncWorld
2025-09-12 14:53:18,129 [ERROR] LogOutputStream:75 - [STDERR_REDIRECT] WARNING: Couldn't flush system prefs: java.util.prefs.BackingStoreException: Couldn't get file lock.
2025-09-12 14:53:18,129 [ERROR] LogOutputStream:75 - [STDERR_REDIRECT] 
2025-09-12 14:53:48,126 [ERROR] LogOutputStream:75 - [STDERR_REDIRECT] Sep 12, 2025 2:53:48 PM java.util.prefs.FileSystemPreferences checkLockFile0ErrorCode
2025-09-12 14:53:48,127 [ERROR] LogOutputStream:75 - [STDERR_REDIRECT] WARNING: Could not lock System prefs. Unix error code 2.
2025-09-12 14:53:48,127 [ERROR] LogOutputStream:75 - [STDERR_REDIRECT] 
2025-09-12 14:53:48,127 [ERROR] LogOutputStream:75 - [STDERR_REDIRECT] Sep 12, 2025 2:53:48 PM java.util.prefs.FileSystemPreferences syncWorld
2025-09-12 14:53:48,128 [ERROR] LogOutputStream:75 - [STDERR_REDIRECT] WARNING: Couldn't flush system prefs: java.util.prefs.BackingStoreException: Couldn't get file lock.
2025-09-12 14:53:48,128 [ERROR] LogOutputStream:75 - [STDERR_REDIRECT] 
2025-09-12 14:54:18,127 [ERROR] LogOutputStream:75 - [STDERR_REDIRECT] Sep 12, 2025 2:54:18 PM java.util.prefs.FileSystemPreferences checkLockFile0ErrorCode
2025-09-12 14:54:18,128 [ERROR] LogOutputStream:75 - [STDERR_REDIRECT] WARNING: Could not lock System prefs. Unix error code 2.
2025-09-12 14:54:18,128 [ERROR] LogOutputStream:75 - [STDERR_REDIRECT] 
2025-09-12 14:54:18,128 [ERROR] LogOutputStream:75 - [STDERR_REDIRECT] Sep 12, 2025 2:54:18 PM java.util.prefs.FileSystemPreferences syncWorld
2025-09-12 14:54:18,129 [ERROR] LogOutputStream:75 - [STDERR_REDIRECT] WARNING: Couldn't flush system prefs: java.util.prefs.BackingStoreException: Couldn't get file lock.
2025-09-12 14:54:18,129 [ERROR] LogOutputStream:75 - [STDERR_REDIRECT] 
2025-09-12 14:54:48,126 [ERROR] LogOutputStream:75 - [STDERR_REDIRECT] Sep 12, 2025 2:54:48 PM java.util.prefs.FileSystemPreferences checkLockFile0ErrorCode
2025-09-12 14:54:48,127 [ERROR] LogOutputStream:75 - [STDERR_REDIRECT] WARNING: Could not lock System prefs. Unix error code 2.
2025-09-12 14:54:48,127 [ERROR] LogOutputStream:75 - [STDERR_REDIRECT] 
2025-09-12 14:54:48,128 [ERROR] LogOutputStream:75 - [STDERR_REDIRECT] Sep 12, 2025 2:54:48 PM java.util.prefs.FileSystemPreferences syncWorld
2025-09-12 14:54:48,128 [ERROR] LogOutputStream:75 - [STDERR_REDIRECT] WARNING: Couldn't flush system prefs: java.util.prefs.BackingStoreException: Couldn't get file lock.
2025-09-12 14:54:48,128 [ERROR] LogOutputStream:75 - [STDERR_REDIRECT] 
2025-09-12 14:55:18,127 [ERROR] LogOutputStream:75 - [STDERR_REDIRECT] Sep 12, 2025 2:55:18 PM java.util.prefs.FileSystemPreferences checkLockFile0ErrorCode
2025-09-12 14:55:18,127 [ERROR] LogOutputStream:75 - [STDERR_REDIRECT] WARNING: Could not lock System prefs. Unix error code 2.
2025-09-12 14:55:18,127 [ERROR] LogOutputStream:75 - [STDERR_REDIRECT] 
2025-09-12 14:55:18,128 [ERROR] LogOutputStream:75 - [STDERR_REDIRECT] Sep 12, 2025 2:55:18 PM java.util.prefs.FileSystemPreferences syncWorld
2025-09-12 14:55:18,128 [ERROR] LogOutputStream:75 - [STDERR_REDIRECT] WARNING: Couldn't flush system prefs: java.util.prefs.BackingStoreException: Couldn't get file lock.
2025-09-12 14:55:18,129 [ERROR] LogOutputStream:75 - [STDERR_REDIRECT] 
2025-09-12 14:55:48,126 [ERROR] LogOutputStream:75 - [STDERR_REDIRECT] Sep 12, 2025 2:55:48 PM java.util.prefs.FileSystemPreferences checkLockFile0ErrorCode
2025-09-12 14:55:48,126 [ERROR] LogOutputStream:75 - [STDERR_REDIRECT] WARNING: Could not lock System prefs. Unix error code 2.
2025-09-12 14:55:48,126 [ERROR] LogOutputStream:75 - [STDERR_REDIRECT] 
2025-09-12 14:55:48,127 [ERROR] LogOutputStream:75 - [STDERR_REDIRECT] Sep 12, 2025 2:55:48 PM java.util.prefs.FileSystemPreferences syncWorld
2025-09-12 14:55:48,127 [ERROR] LogOutputStream:75 - [STDERR_REDIRECT] WARNING: Couldn't flush system prefs: java.util.prefs.BackingStoreException: Couldn't get file lock.
2025-09-12 14:55:48,128 [ERROR] LogOutputStream:75 - [STDERR_REDIRECT] 
2025-09-12 14:56:18,126 [ERROR] LogOutputStream:75 - [STDERR_REDIRECT] Sep 12, 2025 2:56:18 PM java.util.prefs.FileSystemPreferences checkLockFile0ErrorCode
2025-09-12 14:56:18,127 [ERROR] LogOutputStream:75 - [STDERR_REDIRECT] WARNING: Could not lock System prefs. Unix error code 2.
2025-09-12 14:56:18,127 [ERROR] LogOutputStream:75 - [STDERR_REDIRECT] 
2025-09-12 14:56:18,128 [ERROR] LogOutputStream:75 - [STDERR_REDIRECT] Sep 12, 2025 2:56:18 PM java.util.prefs.FileSystemPreferences syncWorld
2025-09-12 14:56:18,128 [ERROR] LogOutputStream:75 - [STDERR_REDIRECT] WARNING: Couldn't flush system prefs: java.util.prefs.BackingStoreException: Couldn't get file lock.
2025-09-12 14:56:18,128 [ERROR] LogOutputStream:75 - [STDERR_REDIRECT] 
2025-09-12 14:56:48,126 [ERROR] LogOutputStream:75 - [STDERR_REDIRECT] Sep 12, 2025 2:56:48 PM java.util.prefs.FileSystemPreferences checkLockFile0ErrorCode
2025-09-12 14:56:48,127 [ERROR] LogOutputStream:75 - [STDERR_REDIRECT] WARNING: Could not lock System prefs. Unix error code 2.
2025-09-12 14:56:48,127 [ERROR] LogOutputStream:75 - [STDERR_REDIRECT] 
2025-09-12 14:56:48,127 [ERROR] LogOutputStream:75 - [STDERR_REDIRECT] Sep 12, 2025 2:56:48 PM java.util.prefs.FileSystemPreferences syncWorld
2025-09-12 14:56:48,128 [ERROR] LogOutputStream:75 - [STDERR_REDIRECT] WARNING: Couldn't flush system prefs: java.util.prefs.BackingStoreException: Couldn't get file lock.
2025-09-12 14:56:48,128 [ERROR] LogOutputStream:75 - [STDERR_REDIRECT] 
2025-09-12 14:57:18,128 [ERROR] LogOutputStream:75 - [STDERR_REDIRECT] Sep 12, 2025 2:57:18 PM java.util.prefs.FileSystemPreferences checkLockFile0ErrorCode
2025-09-12 14:57:18,128 [ERROR] LogOutputStream:75 - [STDERR_REDIRECT] WARNING: Could not lock System prefs. Unix error code 2.
2025-09-12 14:57:18,128 [ERROR] LogOutputStream:75 - [STDERR_REDIRECT] 
2025-09-12 14:57:18,128 [ERROR] LogOutputStream:75 - [STDERR_REDIRECT] Sep 12, 2025 2:57:18 PM java.util.prefs.FileSystemPreferences syncWorld
2025-09-12 14:57:18,129 [ERROR] LogOutputStream:75 - [STDERR_REDIRECT] WARNING: Couldn't flush system prefs: java.util.prefs.BackingStoreException: Couldn't get file lock.
2025-09-12 14:57:18,129 [ERROR] LogOutputStream:75 - [STDERR_REDIRECT] 
2025-09-12 14:57:48,127 [ERROR] LogOutputStream:75 - [STDERR_REDIRECT] Sep 12, 2025 2:57:48 PM java.util.prefs.FileSystemPreferences checkLockFile0ErrorCode
2025-09-12 14:57:48,127 [ERROR] LogOutputStream:75 - [STDERR_REDIRECT] WARNING: Could not lock System prefs. Unix error code 2.
2025-09-12 14:57:48,127 [ERROR] LogOutputStream:75 - [STDERR_REDIRECT] 
2025-09-12 14:57:48,128 [ERROR] LogOutputStream:75 - [STDERR_REDIRECT] Sep 12, 2025 2:57:48 PM java.util.prefs.FileSystemPreferences syncWorld
2025-09-12 14:57:48,128 [ERROR] LogOutputStream:75 - [STDERR_REDIRECT] WARNING: Couldn't flush system prefs: java.util.prefs.BackingStoreException: Couldn't get file lock.
2025-09-12 14:57:48,128 [ERROR] LogOutputStream:75 - [STDERR_REDIRECT] 
2025-09-12 14:58:18,129 [ERROR] LogOutputStream:75 - [STDERR_REDIRECT] Sep 12, 2025 2:58:18 PM java.util.prefs.FileSystemPreferences checkLockFile0ErrorCode
2025-09-12 14:58:18,130 [ERROR] LogOutputStream:75 - [STDERR_REDIRECT] WARNING: Could not lock System prefs. Unix error code 2.
2025-09-12 14:58:18,130 [ERROR] LogOutputStream:75 - [STDERR_REDIRECT] 
2025-09-12 14:58:18,131 [ERROR] LogOutputStream:75 - [STDERR_REDIRECT] Sep 12, 2025 2:58:18 PM java.util.prefs.FileSystemPreferences syncWorld
2025-09-12 14:58:18,132 [ERROR] LogOutputStream:75 - [STDERR_REDIRECT] WARNING: Couldn't flush system prefs: java.util.prefs.BackingStoreException: Couldn't get file lock.
2025-09-12 14:58:18,132 [ERROR] LogOutputStream:75 - [STDERR_REDIRECT] 
2025-09-12 14:58:48,126 [ERROR] LogOutputStream:75 - [STDERR_REDIRECT] Sep 12, 2025 2:58:48 PM java.util.prefs.FileSystemPreferences checkLockFile0ErrorCode
2025-09-12 14:58:48,127 [ERROR] LogOutputStream:75 - [STDERR_REDIRECT] WARNING: Could not lock System prefs. Unix error code 2.
2025-09-12 14:58:48,127 [ERROR] LogOutputStream:75 - [STDERR_REDIRECT] 
2025-09-12 14:58:48,128 [ERROR] LogOutputStream:75 - [STDERR_REDIRECT] Sep 12, 2025 2:58:48 PM java.util.prefs.FileSystemPreferences syncWorld
2025-09-12 14:58:48,128 [ERROR] LogOutputStream:75 - [STDERR_REDIRECT] WARNING: Couldn't flush system prefs: java.util.prefs.BackingStoreException: Couldn't get file lock.
2025-09-12 14:58:48,128 [ERROR] LogOutputStream:75 - [STDERR_REDIRECT] 
2025-09-12 14:59:18,127 [ERROR] LogOutputStream:75 - [STDERR_REDIRECT] Sep 12, 2025 2:59:18 PM java.util.prefs.FileSystemPreferences checkLockFile0ErrorCode
2025-09-12 14:59:18,127 [ERROR] LogOutputStream:75 - [STDERR_REDIRECT] WARNING: Could not lock System prefs. Unix error code 2.
2025-09-12 14:59:18,127 [ERROR] LogOutputStream:75 - [STDERR_REDIRECT] 
2025-09-12 14:59:18,128 [ERROR] LogOutputStream:75 - [STDERR_REDIRECT] Sep 12, 2025 2:59:18 PM java.util.prefs.FileSystemPreferences syncWorld
2025-09-12 14:59:18,129 [ERROR] LogOutputStream:75 - [STDERR_REDIRECT] WARNING: Couldn't flush system prefs: java.util.prefs.BackingStoreException: Couldn't get file lock.
2025-09-12 14:59:18,129 [ERROR] LogOutputStream:75 - [STDERR_REDIRECT] 
2025-09-12 14:59:48,126 [ERROR] LogOutputStream:75 - [STDERR_REDIRECT] Sep 12, 2025 2:59:48 PM java.util.prefs.FileSystemPreferences checkLockFile0ErrorCode
2025-09-12 14:59:48,127 [ERROR] LogOutputStream:75 - [STDERR_REDIRECT] WARNING: Could not lock System prefs. Unix error code 2.
2025-09-12 14:59:48,127 [ERROR] LogOutputStream:75 - [STDERR_REDIRECT] 
2025-09-12 14:59:48,128 [ERROR] LogOutputStream:75 - [STDERR_REDIRECT] Sep 12, 2025 2:59:48 PM java.util.prefs.FileSystemPreferences syncWorld
2025-09-12 14:59:48,129 [ERROR] LogOutputStream:75 - [STDERR_REDIRECT] WARNING: Couldn't flush system prefs: java.util.prefs.BackingStoreException: Couldn't get file lock.
2025-09-12 14:59:48,129 [ERROR] LogOutputStream:75 - [STDERR_REDIRECT] 
2025-09-12 15:00:18,126 [ERROR] LogOutputStream:75 - [STDERR_REDIRECT] Sep 12, 2025 3:00:18 PM java.util.prefs.FileSystemPreferences checkLockFile0ErrorCode
2025-09-12 15:00:18,127 [ERROR] LogOutputStream:75 - [STDERR_REDIRECT] WARNING: Could not lock System prefs. Unix error code 2.
2025-09-12 15:00:18,127 [ERROR] LogOutputStream:75 - [STDERR_REDIRECT] 
2025-09-12 15:00:18,128 [ERROR] LogOutputStream:75 - [STDERR_REDIRECT] Sep 12, 2025 3:00:18 PM java.util.prefs.FileSystemPreferences syncWorld
2025-09-12 15:00:18,128 [ERROR] LogOutputStream:75 - [STDERR_REDIRECT] WARNING: Couldn't flush system prefs: java.util.prefs.BackingStoreException: Couldn't get file lock.
2025-09-12 15:00:18,129 [ERROR] LogOutputStream:75 - [STDERR_REDIRECT] 
2025-09-12 15:00:48,125 [ERROR] LogOutputStream:75 - [STDERR_REDIRECT] Sep 12, 2025 3:00:48 PM java.util.prefs.FileSystemPreferences checkLockFile0ErrorCode
2025-09-12 15:00:48,126 [ERROR] LogOutputStream:75 - [STDERR_REDIRECT] WARNING: Could not lock System prefs. Unix error code 2.
2025-09-12 15:00:48,126 [ERROR] LogOutputStream:75 - [STDERR_REDIRECT] 
2025-09-12 15:00:48,127 [ERROR] LogOutputStream:75 - [STDERR_REDIRECT] Sep 12, 2025 3:00:48 PM java.util.prefs.FileSystemPreferences syncWorld
2025-09-12 15:00:48,127 [ERROR] LogOutputStream:75 - [STDERR_REDIRECT] WARNING: Couldn't flush system prefs: java.util.prefs.BackingStoreException: Couldn't get file lock.
2025-09-12 15:00:48,127 [ERROR] LogOutputStream:75 - [STDERR_REDIRECT] 
2025-09-12 15:01:18,125 [ERROR] LogOutputStream:75 - [STDERR_REDIRECT] Sep 12, 2025 3:01:18 PM java.util.prefs.FileSystemPreferences checkLockFile0ErrorCode
2025-09-12 15:01:18,126 [ERROR] LogOutputStream:75 - [STDERR_REDIRECT] WARNING: Could not lock System prefs. Unix error code 2.
2025-09-12 15:01:18,126 [ERROR] LogOutputStream:75 - [STDERR_REDIRECT] 
2025-09-12 15:01:18,126 [ERROR] LogOutputStream:75 - [STDERR_REDIRECT] Sep 12, 2025 3:01:18 PM java.util.prefs.FileSystemPreferences syncWorld
2025-09-12 15:01:18,127 [ERROR] LogOutputStream:75 - [STDERR_REDIRECT] WARNING: Couldn't flush system prefs: java.util.prefs.BackingStoreException: Couldn't get file lock.
2025-09-12 15:01:18,127 [ERROR] LogOutputStream:75 - [STDERR_REDIRECT] 
2025-09-12 15:01:48,125 [ERROR] LogOutputStream:75 - [STDERR_REDIRECT] Sep 12, 2025 3:01:48 PM java.util.prefs.FileSystemPreferences checkLockFile0ErrorCode
2025-09-12 15:01:48,126 [ERROR] LogOutputStream:75 - [STDERR_REDIRECT] WARNING: Could not lock System prefs. Unix error code 2.
2025-09-12 15:01:48,126 [ERROR] LogOutputStream:75 - [STDERR_REDIRECT] 
2025-09-12 15:01:48,127 [ERROR] LogOutputStream:75 - [STDERR_REDIRECT] Sep 12, 2025 3:01:48 PM java.util.prefs.FileSystemPreferences syncWorld
2025-09-12 15:01:48,127 [ERROR] LogOutputStream:75 - [STDERR_REDIRECT] WARNING: Couldn't flush system prefs: java.util.prefs.BackingStoreException: Couldn't get file lock.
2025-09-12 15:01:48,127 [ERROR] LogOutputStream:75 - [STDERR_REDIRECT] 
2025-09-12 15:02:18,126 [ERROR] LogOutputStream:75 - [STDERR_REDIRECT] Sep 12, 2025 3:02:18 PM java.util.prefs.FileSystemPreferences checkLockFile0ErrorCode
2025-09-12 15:02:18,127 [ERROR] LogOutputStream:75 - [STDERR_REDIRECT] WARNING: Could not lock System prefs. Unix error code 2.
2025-09-12 15:02:18,127 [ERROR] LogOutputStream:75 - [STDERR_REDIRECT] 
2025-09-12 15:02:18,127 [ERROR] LogOutputStream:75 - [STDERR_REDIRECT] Sep 12, 2025 3:02:18 PM java.util.prefs.FileSystemPreferences syncWorld
2025-09-12 15:02:18,128 [ERROR] LogOutputStream:75 - [STDERR_REDIRECT] WARNING: Couldn't flush system prefs: java.util.prefs.BackingStoreException: Couldn't get file lock.
2025-09-12 15:02:18,128 [ERROR] LogOutputStream:75 - [STDERR_REDIRECT] 
2025-09-12 15:02:48,127 [ERROR] LogOutputStream:75 - [STDERR_REDIRECT] Sep 12, 2025 3:02:48 PM java.util.prefs.FileSystemPreferences checkLockFile0ErrorCode
2025-09-12 15:02:48,127 [ERROR] LogOutputStream:75 - [STDERR_REDIRECT] WARNING: Could not lock System prefs. Unix error code 2.
2025-09-12 15:02:48,127 [ERROR] LogOutputStream:75 - [STDERR_REDIRECT] 
2025-09-12 15:02:48,128 [ERROR] LogOutputStream:75 - [STDERR_REDIRECT] Sep 12, 2025 3:02:48 PM java.util.prefs.FileSystemPreferences syncWorld
2025-09-12 15:02:48,128 [ERROR] LogOutputStream:75 - [STDERR_REDIRECT] WARNING: Couldn't flush system prefs: java.util.prefs.BackingStoreException: Couldn't get file lock.
2025-09-12 15:02:48,128 [ERROR] LogOutputStream:75 - [STDERR_REDIRECT] 
2025-09-12 15:03:18,126 [ERROR] LogOutputStream:75 - [STDERR_REDIRECT] Sep 12, 2025 3:03:18 PM java.util.prefs.FileSystemPreferences checkLockFile0ErrorCode
2025-09-12 15:03:18,127 [ERROR] LogOutputStream:75 - [STDERR_REDIRECT] WARNING: Could not lock System prefs. Unix error code 2.
2025-09-12 15:03:18,127 [ERROR] LogOutputStream:75 - [STDERR_REDIRECT] 
2025-09-12 15:03:18,127 [ERROR] LogOutputStream:75 - [STDERR_REDIRECT] Sep 12, 2025 3:03:18 PM java.util.prefs.FileSystemPreferences syncWorld
2025-09-12 15:03:18,128 [ERROR] LogOutputStream:75 - [STDERR_REDIRECT] WARNING: Couldn't flush system prefs: java.util.prefs.BackingStoreException: Couldn't get file lock.
2025-09-12 15:03:18,128 [ERROR] LogOutputStream:75 - [STDERR_REDIRECT] 
2025-09-12 15:03:48,126 [ERROR] LogOutputStream:75 - [STDERR_REDIRECT] Sep 12, 2025 3:03:48 PM java.util.prefs.FileSystemPreferences checkLockFile0ErrorCode
2025-09-12 15:03:48,127 [ERROR] LogOutputStream:75 - [STDERR_REDIRECT] WARNING: Could not lock System prefs. Unix error code 2.
2025-09-12 15:03:48,127 [ERROR] LogOutputStream:75 - [STDERR_REDIRECT] 
2025-09-12 15:03:48,127 [ERROR] LogOutputStream:75 - [STDERR_REDIRECT] Sep 12, 2025 3:03:48 PM java.util.prefs.FileSystemPreferences syncWorld
2025-09-12 15:03:48,128 [ERROR] LogOutputStream:75 - [STDERR_REDIRECT] WARNING: Couldn't flush system prefs: java.util.prefs.BackingStoreException: Couldn't get file lock.
2025-09-12 15:03:48,128 [ERROR] LogOutputStream:75 - [STDERR_REDIRECT] 
2025-09-12 15:04:18,126 [ERROR] LogOutputStream:75 - [STDERR_REDIRECT] Sep 12, 2025 3:04:18 PM java.util.prefs.FileSystemPreferences checkLockFile0ErrorCode
2025-09-12 15:04:18,127 [ERROR] LogOutputStream:75 - [STDERR_REDIRECT] WARNING: Could not lock System prefs. Unix error code 2.
2025-09-12 15:04:18,127 [ERROR] LogOutputStream:75 - [STDERR_REDIRECT] 
2025-09-12 15:04:18,127 [ERROR] LogOutputStream:75 - [STDERR_REDIRECT] Sep 12, 2025 3:04:18 PM java.util.prefs.FileSystemPreferences syncWorld
2025-09-12 15:04:18,128 [ERROR] LogOutputStream:75 - [STDERR_REDIRECT] WARNING: Couldn't flush system prefs: java.util.prefs.BackingStoreException: Couldn't get file lock.
2025-09-12 15:04:18,128 [ERROR] LogOutputStream:75 - [STDERR_REDIRECT] 
2025-09-12 15:04:48,126 [ERROR] LogOutputStream:75 - [STDERR_REDIRECT] Sep 12, 2025 3:04:48 PM java.util.prefs.FileSystemPreferences checkLockFile0ErrorCode
2025-09-12 15:04:48,127 [ERROR] LogOutputStream:75 - [STDERR_REDIRECT] WARNING: Could not lock System prefs. Unix error code 2.
2025-09-12 15:04:48,127 [ERROR] LogOutputStream:75 - [STDERR_REDIRECT] 
2025-09-12 15:04:48,127 [ERROR] LogOutputStream:75 - [STDERR_REDIRECT] Sep 12, 2025 3:04:48 PM java.util.prefs.FileSystemPreferences syncWorld
2025-09-12 15:04:48,127 [ERROR] LogOutputStream:75 - [STDERR_REDIRECT] WARNING: Couldn't flush system prefs: java.util.prefs.BackingStoreException: Couldn't get file lock.
2025-09-12 15:04:48,127 [ERROR] LogOutputStream:75 - [STDERR_REDIRECT] 
2025-09-12 15:05:18,127 [ERROR] LogOutputStream:75 - [STDERR_REDIRECT] Sep 12, 2025 3:05:18 PM java.util.prefs.FileSystemPreferences checkLockFile0ErrorCode
2025-09-12 15:05:18,127 [ERROR] LogOutputStream:75 - [STDERR_REDIRECT] WARNING: Could not lock System prefs. Unix error code 2.
2025-09-12 15:05:18,127 [ERROR] LogOutputStream:75 - [STDERR_REDIRECT] 
2025-09-12 15:05:18,128 [ERROR] LogOutputStream:75 - [STDERR_REDIRECT] Sep 12, 2025 3:05:18 PM java.util.prefs.FileSystemPreferences syncWorld
2025-09-12 15:05:18,128 [ERROR] LogOutputStream:75 - [STDERR_REDIRECT] WARNING: Couldn't flush system prefs: java.util.prefs.BackingStoreException: Couldn't get file lock.
2025-09-12 15:05:18,128 [ERROR] LogOutputStream:75 - [STDERR_REDIRECT] 
2025-09-12 15:05:48,128 [ERROR] LogOutputStream:75 - [STDERR_REDIRECT] Sep 12, 2025 3:05:48 PM java.util.prefs.FileSystemPreferences checkLockFile0ErrorCode
2025-09-12 15:05:48,128 [ERROR] LogOutputStream:75 - [STDERR_REDIRECT] WARNING: Could not lock System prefs. Unix error code 2.
2025-09-12 15:05:48,128 [ERROR] LogOutputStream:75 - [STDERR_REDIRECT] 
2025-09-12 15:05:48,129 [ERROR] LogOutputStream:75 - [STDERR_REDIRECT] Sep 12, 2025 3:05:48 PM java.util.prefs.FileSystemPreferences syncWorld
2025-09-12 15:05:48,129 [ERROR] LogOutputStream:75 - [STDERR_REDIRECT] WARNING: Couldn't flush system prefs: java.util.prefs.BackingStoreException: Couldn't get file lock.
2025-09-12 15:05:48,129 [ERROR] LogOutputStream:75 - [STDERR_REDIRECT] 
2025-09-12 15:06:18,129 [ERROR] LogOutputStream:75 - [STDERR_REDIRECT] Sep 12, 2025 3:06:18 PM java.util.prefs.FileSystemPreferences checkLockFile0ErrorCode
2025-09-12 15:06:18,130 [ERROR] LogOutputStream:75 - [STDERR_REDIRECT] WARNING: Could not lock System prefs. Unix error code 2.
2025-09-12 15:06:18,130 [ERROR] LogOutputStream:75 - [STDERR_REDIRECT] 
2025-09-12 15:06:18,130 [ERROR] LogOutputStream:75 - [STDERR_REDIRECT] Sep 12, 2025 3:06:18 PM java.util.prefs.FileSystemPreferences syncWorld
2025-09-12 15:06:18,131 [ERROR] LogOutputStream:75 - [STDERR_REDIRECT] WARNING: Couldn't flush system prefs: java.util.prefs.BackingStoreException: Couldn't get file lock.
2025-09-12 15:06:18,131 [ERROR] LogOutputStream:75 - [STDERR_REDIRECT] 
2025-09-12 15:06:48,128 [ERROR] LogOutputStream:75 - [STDERR_REDIRECT] Sep 12, 2025 3:06:48 PM java.util.prefs.FileSystemPreferences checkLockFile0ErrorCode
2025-09-12 15:06:48,129 [ERROR] LogOutputStream:75 - [STDERR_REDIRECT] WARNING: Could not lock System prefs. Unix error code 2.
2025-09-12 15:06:48,129 [ERROR] LogOutputStream:75 - [STDERR_REDIRECT] 
2025-09-12 15:06:48,130 [ERROR] LogOutputStream:75 - [STDERR_REDIRECT] Sep 12, 2025 3:06:48 PM java.util.prefs.FileSystemPreferences syncWorld
2025-09-12 15:06:48,130 [ERROR] LogOutputStream:75 - [STDERR_REDIRECT] WARNING: Couldn't flush system prefs: java.util.prefs.BackingStoreException: Couldn't get file lock.
2025-09-12 15:06:48,130 [ERROR] LogOutputStream:75 - [STDERR_REDIRECT] 
2025-09-12 15:07:18,129 [ERROR] LogOutputStream:75 - [STDERR_REDIRECT] Sep 12, 2025 3:07:18 PM java.util.prefs.FileSystemPreferences checkLockFile0ErrorCode
2025-09-12 15:07:18,129 [ERROR] LogOutputStream:75 - [STDERR_REDIRECT] WARNING: Could not lock System prefs. Unix error code 2.
2025-09-12 15:07:18,129 [ERROR] LogOutputStream:75 - [STDERR_REDIRECT] 
2025-09-12 15:07:18,130 [ERROR] LogOutputStream:75 - [STDERR_REDIRECT] Sep 12, 2025 3:07:18 PM java.util.prefs.FileSystemPreferences syncWorld
2025-09-12 15:07:18,130 [ERROR] LogOutputStream:75 - [STDERR_REDIRECT] WARNING: Couldn't flush system prefs: java.util.prefs.BackingStoreException: Couldn't get file lock.
2025-09-12 15:07:18,131 [ERROR] LogOutputStream:75 - [STDERR_REDIRECT] 
2025-09-12 15:07:48,128 [ERROR] LogOutputStream:75 - [STDERR_REDIRECT] Sep 12, 2025 3:07:48 PM java.util.prefs.FileSystemPreferences checkLockFile0ErrorCode
2025-09-12 15:07:48,129 [ERROR] LogOutputStream:75 - [STDERR_REDIRECT] WARNING: Could not lock System prefs. Unix error code 2.
2025-09-12 15:07:48,129 [ERROR] LogOutputStream:75 - [STDERR_REDIRECT] 
2025-09-12 15:07:48,130 [ERROR] LogOutputStream:75 - [STDERR_REDIRECT] Sep 12, 2025 3:07:48 PM java.util.prefs.FileSystemPreferences syncWorld
2025-09-12 15:07:48,130 [ERROR] LogOutputStream:75 - [STDERR_REDIRECT] WARNING: Couldn't flush system prefs: java.util.prefs.BackingStoreException: Couldn't get file lock.
2025-09-12 15:07:48,130 [ERROR] LogOutputStream:75 - [STDERR_REDIRECT] 
2025-09-12 15:07:58,802 [ERROR] LogOutputStream:75 - [STDERR_REDIRECT] 
2025-09-12 15:07:58,803 [ERROR] LogOutputStream:75 - [STDERR_REDIRECT] 
