13:51:12 **** Incremental Build of configuration Debug for project blinky_linked ****
make -j16 all 
arm-none-eabi-gcc "../Core/Src/system_stm32l4xx.c" -mcpu=cortex-m4 -std=gnu11 -g3 -DDEBUG -DUSE_HAL_DRIVER -DSTM32L475xx -c -I../Core/Inc -I../Drivers/STM32L4xx_HAL_Driver/Inc -I../Drivers/STM32L4xx_HAL_Driver/Inc/Legacy -I../Drivers/CMSIS/Device/ST/STM32L4xx/Include -I../Drivers/CMSIS/Include -O0 -ffunction-sections -fdata-sections -Wall -fstack-usage -fcyclomatic-complexity -MMD -MP -MF"Core/Src/system_stm32l4xx.d" -MT"Core/Src/system_stm32l4xx.o" --specs=nano.specs -mfpu=fpv4-sp-d16 -mfloat-abi=hard -mthumb -o "Core/Src/system_stm32l4xx.o"
arm-none-eabi-gcc -o "blinky_linked.elf" @"objects.list"   -mcpu=cortex-m4 -T"/home/matijak/programiranje/spyrosoft/STM32CubeIDE/blinky_linked/STM32L475VGTX_FLASH.ld" --specs=nosys.specs -Wl,-Map="blinky_linked.map" -Wl,--gc-sections -static --specs=nano.specs -mfpu=fpv4-sp-d16 -mfloat-abi=hard -mthumb -Wl,--start-group -lc -lm -Wl,--end-group
Finished building target: blinky_linked.elf
 
arm-none-eabi-size  blinky_linked.elf 
arm-none-eabi-objdump -h -S blinky_linked.elf  > "blinky_linked.list"
arm-none-eabi-objcopy  -O binary blinky_linked.elf  "blinky_linked.bin"
   text	   data	    bss	    dec	    hex	filename
   3768	     12	   1572	   5352	   14e8	blinky_linked.elf
Finished building: default.size.stdout
 
Finished building: blinky_linked.bin
 
Finished building: blinky_linked.list
 

13:51:13 Build Finished. 0 errors, 0 warnings. (took 291ms)

