Archive member included to satisfy reference by file (symbol)

/opt/st/stm32cubeide_1.19.0/plugins/com.st.stm32cube.ide.mcu.externaltools.gnu-tools-for-stm32.13.3.rel1.linux64_1.0.0.202410170706/tools/bin/../lib/gcc/arm-none-eabi/13.3.1/../../../../arm-none-eabi/lib/thumb/v7e-m+fp/hard/libc_nano.a(libc_a-exit.o)
                              /opt/st/stm32cubeide_1.19.0/plugins/com.st.stm32cube.ide.mcu.externaltools.gnu-tools-for-stm32.13.3.rel1.linux64_1.0.0.202410170706/tools/bin/../lib/gcc/arm-none-eabi/13.3.1/../../../../arm-none-eabi/lib/thumb/v7e-m+fp/hard/crt0.o (exit)
/opt/st/stm32cubeide_1.19.0/plugins/com.st.stm32cube.ide.mcu.externaltools.gnu-tools-for-stm32.13.3.rel1.linux64_1.0.0.202410170706/tools/bin/../lib/gcc/arm-none-eabi/13.3.1/../../../../arm-none-eabi/lib/thumb/v7e-m+fp/hard/libc_nano.a(libc_a-findfp.o)
                              /opt/st/stm32cubeide_1.19.0/plugins/com.st.stm32cube.ide.mcu.externaltools.gnu-tools-for-stm32.13.3.rel1.linux64_1.0.0.202410170706/tools/bin/../lib/gcc/arm-none-eabi/13.3.1/../../../../arm-none-eabi/lib/thumb/v7e-m+fp/hard/libc_nano.a(libc_a-exit.o) (__stdio_exit_handler)
/opt/st/stm32cubeide_1.19.0/plugins/com.st.stm32cube.ide.mcu.externaltools.gnu-tools-for-stm32.13.3.rel1.linux64_1.0.0.202410170706/tools/bin/../lib/gcc/arm-none-eabi/13.3.1/../../../../arm-none-eabi/lib/thumb/v7e-m+fp/hard/libc_nano.a(libc_a-fwalk.o)
                              /opt/st/stm32cubeide_1.19.0/plugins/com.st.stm32cube.ide.mcu.externaltools.gnu-tools-for-stm32.13.3.rel1.linux64_1.0.0.202410170706/tools/bin/../lib/gcc/arm-none-eabi/13.3.1/../../../../arm-none-eabi/lib/thumb/v7e-m+fp/hard/libc_nano.a(libc_a-findfp.o) (_fwalk_sglue)
/opt/st/stm32cubeide_1.19.0/plugins/com.st.stm32cube.ide.mcu.externaltools.gnu-tools-for-stm32.13.3.rel1.linux64_1.0.0.202410170706/tools/bin/../lib/gcc/arm-none-eabi/13.3.1/../../../../arm-none-eabi/lib/thumb/v7e-m+fp/hard/libc_nano.a(libc_a-stdio.o)
                              /opt/st/stm32cubeide_1.19.0/plugins/com.st.stm32cube.ide.mcu.externaltools.gnu-tools-for-stm32.13.3.rel1.linux64_1.0.0.202410170706/tools/bin/../lib/gcc/arm-none-eabi/13.3.1/../../../../arm-none-eabi/lib/thumb/v7e-m+fp/hard/libc_nano.a(libc_a-findfp.o) (__sread)
/opt/st/stm32cubeide_1.19.0/plugins/com.st.stm32cube.ide.mcu.externaltools.gnu-tools-for-stm32.13.3.rel1.linux64_1.0.0.202410170706/tools/bin/../lib/gcc/arm-none-eabi/13.3.1/../../../../arm-none-eabi/lib/thumb/v7e-m+fp/hard/libc_nano.a(libc_a-memset.o)
                              /opt/st/stm32cubeide_1.19.0/plugins/com.st.stm32cube.ide.mcu.externaltools.gnu-tools-for-stm32.13.3.rel1.linux64_1.0.0.202410170706/tools/bin/../lib/gcc/arm-none-eabi/13.3.1/../../../../arm-none-eabi/lib/thumb/v7e-m+fp/hard/crt0.o (memset)
/opt/st/stm32cubeide_1.19.0/plugins/com.st.stm32cube.ide.mcu.externaltools.gnu-tools-for-stm32.13.3.rel1.linux64_1.0.0.202410170706/tools/bin/../lib/gcc/arm-none-eabi/13.3.1/../../../../arm-none-eabi/lib/thumb/v7e-m+fp/hard/libc_nano.a(libc_a-closer.o)
                              /opt/st/stm32cubeide_1.19.0/plugins/com.st.stm32cube.ide.mcu.externaltools.gnu-tools-for-stm32.13.3.rel1.linux64_1.0.0.202410170706/tools/bin/../lib/gcc/arm-none-eabi/13.3.1/../../../../arm-none-eabi/lib/thumb/v7e-m+fp/hard/libc_nano.a(libc_a-stdio.o) (_close_r)
/opt/st/stm32cubeide_1.19.0/plugins/com.st.stm32cube.ide.mcu.externaltools.gnu-tools-for-stm32.13.3.rel1.linux64_1.0.0.202410170706/tools/bin/../lib/gcc/arm-none-eabi/13.3.1/../../../../arm-none-eabi/lib/thumb/v7e-m+fp/hard/libc_nano.a(libc_a-reent.o)
                              /opt/st/stm32cubeide_1.19.0/plugins/com.st.stm32cube.ide.mcu.externaltools.gnu-tools-for-stm32.13.3.rel1.linux64_1.0.0.202410170706/tools/bin/../lib/gcc/arm-none-eabi/13.3.1/../../../../arm-none-eabi/lib/thumb/v7e-m+fp/hard/libc_nano.a(libc_a-closer.o) (errno)
/opt/st/stm32cubeide_1.19.0/plugins/com.st.stm32cube.ide.mcu.externaltools.gnu-tools-for-stm32.13.3.rel1.linux64_1.0.0.202410170706/tools/bin/../lib/gcc/arm-none-eabi/13.3.1/../../../../arm-none-eabi/lib/thumb/v7e-m+fp/hard/libc_nano.a(libc_a-impure.o)
                              /opt/st/stm32cubeide_1.19.0/plugins/com.st.stm32cube.ide.mcu.externaltools.gnu-tools-for-stm32.13.3.rel1.linux64_1.0.0.202410170706/tools/bin/../lib/gcc/arm-none-eabi/13.3.1/../../../../arm-none-eabi/lib/thumb/v7e-m+fp/hard/libc_nano.a(libc_a-reent.o) (_impure_ptr)
/opt/st/stm32cubeide_1.19.0/plugins/com.st.stm32cube.ide.mcu.externaltools.gnu-tools-for-stm32.13.3.rel1.linux64_1.0.0.202410170706/tools/bin/../lib/gcc/arm-none-eabi/13.3.1/../../../../arm-none-eabi/lib/thumb/v7e-m+fp/hard/libc_nano.a(libc_a-lseekr.o)
                              /opt/st/stm32cubeide_1.19.0/plugins/com.st.stm32cube.ide.mcu.externaltools.gnu-tools-for-stm32.13.3.rel1.linux64_1.0.0.202410170706/tools/bin/../lib/gcc/arm-none-eabi/13.3.1/../../../../arm-none-eabi/lib/thumb/v7e-m+fp/hard/libc_nano.a(libc_a-stdio.o) (_lseek_r)
[...]
Memory Configuration

Name             Origin             Length             Attributes
RAM              0x20000000         0x00018000         xrw
RAM2             0x10000000         0x00008000         xrw
FLASH            0x080c0000         0x00080000         xr
*default*        0x00000000         0xffffffff

Linker script and memory map

LOAD /opt/st/stm32cubeide_1.19.0/plugins/com.st.stm32cube.ide.mcu.externaltools.gnu-tools-for-stm32.13.3.rel1.linux64_1.0.0.202410170706/tools/bin/../lib/gcc/arm-none-eabi/13.3.1/thumb/v7e-m+fp/hard/crti.o
LOAD /opt/st/stm32cubeide_1.19.0/plugins/com.st.stm32cube.ide.mcu.externaltools.gnu-tools-for-stm32.13.3.rel1.linux64_1.0.0.202410170706/tools/bin/../lib/gcc/arm-none-eabi/13.3.1/thumb/v7e-m+fp/hard/crtbegin.o
LOAD /opt/st/stm32cubeide_1.19.0/plugins/com.st.stm32cube.ide.mcu.externaltools.gnu-tools-for-stm32.13.3.rel1.linux64_1.0.0.202410170706/tools/bin/../lib/gcc/arm-none-eabi/13.3.1/../../../../arm-none-eabi/lib/thumb/v7e-m+fp/hard/crt0.o
LOAD ./Core/Src/main.o
LOAD ./Core/Src/stm32l4xx_hal_msp.o
LOAD ./Core/Src/stm32l4xx_it.o
LOAD ./Core/Src/syscalls.o
LOAD ./Core/Src/sysmem.o
LOAD ./Core/Src/system_stm32l4xx.o
LOAD ./Core/Startup/startup_stm32l475vgtx.o
LOAD ./Drivers/STM32L4xx_HAL_Driver/Src/stm32l4xx_hal.o
LOAD ./Drivers/STM32L4xx_HAL_Driver/Src/stm32l4xx_hal_cortex.o
LOAD ./Drivers/STM32L4xx_HAL_Driver/Src/stm32l4xx_hal_dfsdm.o
LOAD ./Drivers/STM32L4xx_HAL_Driver/Src/stm32l4xx_hal_dma.o
LOAD ./Drivers/STM32L4xx_HAL_Driver/Src/stm32l4xx_hal_dma_ex.o
LOAD ./Drivers/STM32L4xx_HAL_Driver/Src/stm32l4xx_hal_exti.o
LOAD ./Drivers/STM32L4xx_HAL_Driver/Src/stm32l4xx_hal_flash.o
LOAD ./Drivers/STM32L4xx_HAL_Driver/Src/stm32l4xx_hal_flash_ex.o
LOAD ./Drivers/STM32L4xx_HAL_Driver/Src/stm32l4xx_hal_flash_ramfunc.o
LOAD ./Drivers/STM32L4xx_HAL_Driver/Src/stm32l4xx_hal_gpio.o
LOAD ./Drivers/STM32L4xx_HAL_Driver/Src/stm32l4xx_hal_i2c.o
LOAD ./Drivers/STM32L4xx_HAL_Driver/Src/stm32l4xx_hal_i2c_ex.o
LOAD ./Drivers/STM32L4xx_HAL_Driver/Src/stm32l4xx_hal_pcd.o
LOAD ./Drivers/STM32L4xx_HAL_Driver/Src/stm32l4xx_hal_pcd_ex.o
LOAD ./Drivers/STM32L4xx_HAL_Driver/Src/stm32l4xx_hal_pwr.o
LOAD ./Drivers/STM32L4xx_HAL_Driver/Src/stm32l4xx_hal_pwr_ex.o
LOAD ./Drivers/STM32L4xx_HAL_Driver/Src/stm32l4xx_hal_qspi.o
LOAD ./Drivers/STM32L4xx_HAL_Driver/Src/stm32l4xx_hal_rcc.o
LOAD ./Drivers/STM32L4xx_HAL_Driver/Src/stm32l4xx_hal_rcc_ex.o
LOAD ./Drivers/STM32L4xx_HAL_Driver/Src/stm32l4xx_hal_spi.o
LOAD ./Drivers/STM32L4xx_HAL_Driver/Src/stm32l4xx_hal_spi_ex.o
LOAD ./Drivers/STM32L4xx_HAL_Driver/Src/stm32l4xx_hal_uart.o
LOAD ./Drivers/STM32L4xx_HAL_Driver/Src/stm32l4xx_hal_uart_ex.o
LOAD ./Drivers/STM32L4xx_HAL_Driver/Src/stm32l4xx_ll_usb.o
START GROUP
LOAD /opt/st/stm32cubeide_1.19.0/plugins/com.st.stm32cube.ide.mcu.externaltools.gnu-tools-for-stm32.13.3.rel1.linux64_1.0.0.202410170706/tools/bin/../lib/gcc/arm-none-eabi/13.3.1/../../../../arm-none-eabi/lib/thumb/v7e-m+fp/hard/libc_nano.a
LOAD /opt/st/stm32cubeide_1.19.0/plugins/com.st.stm32cube.ide.mcu.externaltools.gnu-tools-for-stm32.13.3.rel1.linux64_1.0.0.202410170706/tools/bin/../lib/gcc/arm-none-eabi/13.3.1/../../../../arm-none-eabi/lib/thumb/v7e-m+fp/hard/libm.a
END GROUP
START GROUP
LOAD /opt/st/stm32cubeide_1.19.0/plugins/com.st.stm32cube.ide.mcu.externaltools.gnu-tools-for-stm32.13.3.rel1.linux64_1.0.0.202410170706/tools/bin/../lib/gcc/arm-none-eabi/13.3.1/thumb/v7e-m+fp/hard/libgcc.a
LOAD /opt/st/stm32cubeide_1.19.0/plugins/com.st.stm32cube.ide.mcu.externaltools.gnu-tools-for-stm32.13.3.rel1.linux64_1.0.0.202410170706/tools/bin/../lib/gcc/arm-none-eabi/13.3.1/../../../../arm-none-eabi/lib/thumb/v7e-m+fp/hard/libc_nano.a
END GROUP
START GROUP
LOAD /opt/st/stm32cubeide_1.19.0/plugins/com.st.stm32cube.ide.mcu.externaltools.gnu-tools-for-stm32.13.3.rel1.linux64_1.0.0.202410170706/tools/bin/../lib/gcc/arm-none-eabi/13.3.1/thumb/v7e-m+fp/hard/libgcc.a
LOAD /opt/st/stm32cubeide_1.19.0/plugins/com.st.stm32cube.ide.mcu.externaltools.gnu-tools-for-stm32.13.3.rel1.linux64_1.0.0.202410170706/tools/bin/../lib/gcc/arm-none-eabi/13.3.1/../../../../arm-none-eabi/lib/thumb/v7e-m+fp/hard/libc_nano.a
LOAD /opt/st/stm32cubeide_1.19.0/plugins/com.st.stm32cube.ide.mcu.externaltools.gnu-tools-for-stm32.13.3.rel1.linux64_1.0.0.202410170706/tools/bin/../lib/gcc/arm-none-eabi/13.3.1/../../../../arm-none-eabi/lib/thumb/v7e-m+fp/hard/libnosys.a
END GROUP
START GROUP
LOAD /opt/st/stm32cubeide_1.19.0/plugins/com.st.stm32cube.ide.mcu.externaltools.gnu-tools-for-stm32.13.3.rel1.linux64_1.0.0.202410170706/tools/bin/../lib/gcc/arm-none-eabi/13.3.1/thumb/v7e-m+fp/hard/libgcc.a
LOAD /opt/st/stm32cubeide_1.19.0/plugins/com.st.stm32cube.ide.mcu.externaltools.gnu-tools-for-stm32.13.3.rel1.linux64_1.0.0.202410170706/tools/bin/../lib/gcc/arm-none-eabi/13.3.1/../../../../arm-none-eabi/lib/thumb/v7e-m+fp/hard/libc_nano.a
LOAD /opt/st/stm32cubeide_1.19.0/plugins/com.st.stm32cube.ide.mcu.externaltools.gnu-tools-for-stm32.13.3.rel1.linux64_1.0.0.202410170706/tools/bin/../lib/gcc/arm-none-eabi/13.3.1/../../../../arm-none-eabi/lib/thumb/v7e-m+fp/hard/libnosys.a
END GROUP
LOAD /opt/st/stm32cubeide_1.19.0/plugins/com.st.stm32cube.ide.mcu.externaltools.gnu-tools-for-stm32.13.3.rel1.linux64_1.0.0.202410170706/tools/bin/../lib/gcc/arm-none-eabi/13.3.1/thumb/v7e-m+fp/hard/crtend.o
LOAD /opt/st/stm32cubeide_1.19.0/plugins/com.st.stm32cube.ide.mcu.externaltools.gnu-tools-for-stm32.13.3.rel1.linux64_1.0.0.202410170706/tools/bin/../lib/gcc/arm-none-eabi/13.3.1/thumb/v7e-m+fp/hard/crtn.o
                0x20018000                        _estack = (ORIGIN (RAM) + LENGTH (RAM))
                0x00000200                        _Min_Heap_Size = 0x200
                0x00000400                        _Min_Stack_Size = 0x400

.isr_vector     0x080c0000      0x188
                0x080c0000                        . = ALIGN (0x4)
 *(.isr_vector)
 .isr_vector    0x080c0000      0x188 ./Core/Startup/startup_stm32l475vgtx.o
                0x080c0000                g_pfnVectors
                0x080c0188                        . = ALIGN (0x4)

.text           0x080c0188      0xd28
                0x080c0188                        . = ALIGN (0x4)
 *(.text)
 .text          0x080c0188       0x40 /opt/st/stm32cubeide_1.19.0/plugins/com.st.stm32cube.ide.mcu.externaltools.gnu-tools-for-stm32.13.3.rel1.linux64_1.0.0.202410170706/tools/bin/../lib/gcc/arm-none-eabi/13.3.1/thumb/v7e-m+fp/hard/crtbegin.o
 *(.text*)
 .text.main     0x080c01c8       0x64 ./Core/Src/main.o
                0x080c01c8                main
 .text.MX_GPIO_Init
                0x080c022c      0x364 ./Core/Src/main.o
 .text.HAL_MspInit
                0x080c0590       0x48 ./Core/Src/stm32l4xx_hal_msp.o
                0x080c0590                HAL_MspInit
 .text.NMI_Handler
                0x080c05d8        0x8 ./Core/Src/stm32l4xx_it.o
                0x080c05d8                NMI_Handler
 .text.HardFault_Handler
                0x080c05e0        0x8 ./Core/Src/stm32l4xx_it.o
                0x080c05e0                HardFault_Handler
 .text.MemManage_Handler
                0x080c05e8        0x8 ./Core/Src/stm32l4xx_it.o
                0x080c05e8                MemManage_Handler
 .text.BusFault_Handler
                0x080c05f0        0x8 ./Core/Src/stm32l4xx_it.o
                0x080c05f0                BusFault_Handler
 .text.UsageFault_Handler
                0x080c05f8        0x8 ./Core/Src/stm32l4xx_it.o
                0x080c05f8                UsageFault_Handler
 .text.SVC_Handler
                0x080c0600        0xe ./Core/Src/stm32l4xx_it.o
                0x080c0600                SVC_Handler
 .text.DebugMon_Handler
                0x080c060e        0xe ./Core/Src/stm32l4xx_it.o
                0x080c060e                DebugMon_Handler
 .text.PendSV_Handler
                0x080c061c        0xe ./Core/Src/stm32l4xx_it.o
                0x080c061c                PendSV_Handler
 .text.SysTick_Handler
                0x080c062a        0xc ./Core/Src/stm32l4xx_it.o
                0x080c062a                SysTick_Handler
 .text.EXTI9_5_IRQHandler
                0x080c0636       0x22 ./Core/Src/stm32l4xx_it.o
                0x080c0636                EXTI9_5_IRQHandler
 .text.EXTI15_10_IRQHandler
                0x080c0658       0x30 ./Core/Src/stm32l4xx_it.o
                0x080c0658                EXTI15_10_IRQHandler
 .text.SystemInit
                0x080c0688       0x24 ./Core/Src/system_stm32l4xx.o
                0x080c0688                SystemInit
 .text.Reset_Handler
                0x080c06ac       0x50 ./Core/Startup/startup_stm32l475vgtx.o
                0x080c06ac                Reset_Handler
 .text.Default_Handler
                0x080c06fc        0x2 ./Core/Startup/startup_stm32l475vgtx.o
                0x080c06fc                RTC_Alarm_IRQHandler
                0x080c06fc                EXTI2_IRQHandler
                0x080c06fc                TIM8_TRG_COM_IRQHandler
                0x080c06fc                TIM8_CC_IRQHandler
                0x080c06fc                TIM1_CC_IRQHandler
                0x080c06fc                TSC_IRQHandler
                0x080c06fc                TAMP_STAMP_IRQHandler
                0x080c06fc                EXTI3_IRQHandler
                0x080c06fc                LPTIM2_IRQHandler
                0x080c06fc                DFSDM1_FLT1_IRQHandler
                0x080c06fc                I2C3_ER_IRQHandler
                0x080c06fc                DFSDM1_FLT2_IRQHandler
                0x080c06fc                EXTI0_IRQHandler
                0x080c06fc                I2C2_EV_IRQHandler
                0x080c06fc                CAN1_RX0_IRQHandler
                0x080c06fc                FPU_IRQHandler
                0x080c06fc                TIM1_UP_TIM16_IRQHandler
                0x080c06fc                ADC1_2_IRQHandler
                0x080c06fc                SPI1_IRQHandler
                0x080c06fc                TIM6_DAC_IRQHandler
                0x080c06fc                TIM8_UP_IRQHandler
                0x080c06fc                DMA2_Channel2_IRQHandler
                0x080c06fc                DMA1_Channel4_IRQHandler
                0x080c06fc                SAI2_IRQHandler
                0x080c06fc                DFSDM1_FLT3_IRQHandler
                0x080c06fc                USART3_IRQHandler
                0x080c06fc                DMA1_Channel7_IRQHandler
                0x080c06fc                CAN1_RX1_IRQHandler
                0x080c06fc                UART5_IRQHandler
                0x080c06fc                ADC3_IRQHandler
                0x080c06fc                TIM4_IRQHandler
                0x080c06fc                DMA2_Channel1_IRQHandler
                0x080c06fc                QUADSPI_IRQHandler
                0x080c06fc                I2C1_EV_IRQHandler
                0x080c06fc                DMA1_Channel6_IRQHandler
                0x080c06fc                UART4_IRQHandler
                0x080c06fc                DMA2_Channel4_IRQHandler
                0x080c06fc                TIM3_IRQHandler
                0x080c06fc                RCC_IRQHandler
                0x080c06fc                DMA1_Channel1_IRQHandler
                0x080c06fc                Default_Handler
                0x080c06fc                DMA2_Channel7_IRQHandler
                0x080c06fc                TIM7_IRQHandler
                0x080c06fc                SDMMC1_IRQHandler
                0x080c06fc                TIM5_IRQHandler
                0x080c06fc                I2C3_EV_IRQHandler
                0x080c06fc                RTC_WKUP_IRQHandler
                0x080c06fc                PVD_PVM_IRQHandler
                0x080c06fc                SPI2_IRQHandler
                0x080c06fc                CAN1_TX_IRQHandler
                0x080c06fc                DMA2_Channel5_IRQHandler
                0x080c06fc                DMA1_Channel5_IRQHandler
                0x080c06fc                EXTI4_IRQHandler
                0x080c06fc                RNG_IRQHandler
                0x080c06fc                TIM1_TRG_COM_TIM17_IRQHandler
                0x080c06fc                DMA1_Channel3_IRQHandler
                0x080c06fc                COMP_IRQHandler
                0x080c06fc                WWDG_IRQHandler
                0x080c06fc                LPUART1_IRQHandler
                0x080c06fc                DMA2_Channel6_IRQHandler
                0x080c06fc                TIM2_IRQHandler
                0x080c06fc                EXTI1_IRQHandler
                0x080c06fc                USART2_IRQHandler
                0x080c06fc                DFSDM1_FLT0_IRQHandler
                0x080c06fc                I2C2_ER_IRQHandler
                0x080c06fc                DMA1_Channel2_IRQHandler
                0x080c06fc                TIM8_BRK_IRQHandler
                0x080c06fc                CAN1_SCE_IRQHandler
                0x080c06fc                FLASH_IRQHandler
                0x080c06fc                USART1_IRQHandler
                0x080c06fc                OTG_FS_IRQHandler
                0x080c06fc                SPI3_IRQHandler
                0x080c06fc                I2C1_ER_IRQHandler
                0x080c06fc                FMC_IRQHandler
                0x080c06fc                SWPMI1_IRQHandler
                0x080c06fc                LPTIM1_IRQHandler
                0x080c06fc                SAI1_IRQHandler
                0x080c06fc                DMA2_Channel3_IRQHandler
                0x080c06fc                TIM1_BRK_TIM15_IRQHandler
 .text.HAL_Init
                0x080c06fe       0x30 ./Drivers/STM32L4xx_HAL_Driver/Src/stm32l4xx_hal.o
                0x080c06fe                HAL_Init
 *fill*         0x080c072e        0x2 
 .text.HAL_InitTick
                0x080c0730       0x78 ./Drivers/STM32L4xx_HAL_Driver/Src/stm32l4xx_hal.o
                0x080c0730                HAL_InitTick
 .text.HAL_IncTick
                0x080c07a8       0x28 ./Drivers/STM32L4xx_HAL_Driver/Src/stm32l4xx_hal.o
                0x080c07a8                HAL_IncTick
 .text.HAL_GetTick
                0x080c07d0       0x18 ./Drivers/STM32L4xx_HAL_Driver/Src/stm32l4xx_hal.o
                0x080c07d0                HAL_GetTick
 .text.HAL_Delay
                0x080c07e8       0x48 ./Drivers/STM32L4xx_HAL_Driver/Src/stm32l4xx_hal.o
                0x080c07e8                HAL_Delay
 .text.__NVIC_SetPriorityGrouping
                0x080c0830       0x48 ./Drivers/STM32L4xx_HAL_Driver/Src/stm32l4xx_hal_cortex.o
 .text.__NVIC_GetPriorityGrouping
                0x080c0878       0x1c ./Drivers/STM32L4xx_HAL_Driver/Src/stm32l4xx_hal_cortex.o
 .text.__NVIC_EnableIRQ
                0x080c0894       0x3c ./Drivers/STM32L4xx_HAL_Driver/Src/stm32l4xx_hal_cortex.o
 .text.__NVIC_SetPriority
                0x080c08d0       0x54 ./Drivers/STM32L4xx_HAL_Driver/Src/stm32l4xx_hal_cortex.o
 .text.NVIC_EncodePriority
                0x080c0924       0x66 ./Drivers/STM32L4xx_HAL_Driver/Src/stm32l4xx_hal_cortex.o
 *fill*         0x080c098a        0x2 
 .text.SysTick_Config
                0x080c098c       0x44 ./Drivers/STM32L4xx_HAL_Driver/Src/stm32l4xx_hal_cortex.o
 .text.HAL_NVIC_SetPriorityGrouping
                0x080c09d0       0x16 ./Drivers/STM32L4xx_HAL_Driver/Src/stm32l4xx_hal_cortex.o
                0x080c09d0                HAL_NVIC_SetPriorityGrouping
 .text.HAL_NVIC_SetPriority
                0x080c09e6       0x38 ./Drivers/STM32L4xx_HAL_Driver/Src/stm32l4xx_hal_cortex.o
                0x080c09e6                HAL_NVIC_SetPriority
 .text.HAL_NVIC_EnableIRQ
                0x080c0a1e       0x1c ./Drivers/STM32L4xx_HAL_Driver/Src/stm32l4xx_hal_cortex.o
                0x080c0a1e                HAL_NVIC_EnableIRQ
 .text.HAL_SYSTICK_Config
                0x080c0a3a       0x18 ./Drivers/STM32L4xx_HAL_Driver/Src/stm32l4xx_hal_cortex.o
                0x080c0a3a                HAL_SYSTICK_Config
 *fill*         0x080c0a52        0x2 
 .text.HAL_GPIO_Init
                0x080c0a54      0x354 ./Drivers/STM32L4xx_HAL_Driver/Src/stm32l4xx_hal_gpio.o
                0x080c0a54                HAL_GPIO_Init
 .text.HAL_GPIO_ReadPin
                0x080c0da8       0x30 ./Drivers/STM32L4xx_HAL_Driver/Src/stm32l4xx_hal_gpio.o
                0x080c0da8                HAL_GPIO_ReadPin
 .text.HAL_GPIO_WritePin
                0x080c0dd8       0x30 ./Drivers/STM32L4xx_HAL_Driver/Src/stm32l4xx_hal_gpio.o
                0x080c0dd8                HAL_GPIO_WritePin
 .text.HAL_GPIO_EXTI_IRQHandler
                0x080c0e08       0x30 ./Drivers/STM32L4xx_HAL_Driver/Src/stm32l4xx_hal_gpio.o
                0x080c0e08                HAL_GPIO_EXTI_IRQHandler
 .text.HAL_GPIO_EXTI_Callback
                0x080c0e38       0x16 ./Drivers/STM32L4xx_HAL_Driver/Src/stm32l4xx_hal_gpio.o
                0x080c0e38                HAL_GPIO_EXTI_Callback
 *fill*         0x080c0e4e        0x2 
 .text.__libc_init_array
                0x080c0e50       0x48 /opt/st/stm32cubeide_1.19.0/plugins/com.st.stm32cube.ide.mcu.externaltools.gnu-tools-for-stm32.13.3.rel1.linux64_1.0.0.202410170706/tools/bin/../lib/gcc/arm-none-eabi/13.3.1/../../../../arm-none-eabi/lib/thumb/v7e-m+fp/hard/libc_nano.a(libc_a-init.o)
                0x080c0e50                __libc_init_array
 *(.glue_7)
 .glue_7        0x080c0e98        0x0 linker stubs
 *(.glue_7t)
 .glue_7t       0x080c0e98        0x0 linker stubs
 *(.eh_frame)
 .eh_frame      0x080c0e98        0x0 /opt/st/stm32cubeide_1.19.0/plugins/com.st.stm32cube.ide.mcu.externaltools.gnu-tools-for-stm32.13.3.rel1.linux64_1.0.0.202410170706/tools/bin/../lib/gcc/arm-none-eabi/13.3.1/thumb/v7e-m+fp/hard/crtbegin.o
 *(.init)
 .init          0x080c0e98        0x4 /opt/st/stm32cubeide_1.19.0/plugins/com.st.stm32cube.ide.mcu.externaltools.gnu-tools-for-stm32.13.3.rel1.linux64_1.0.0.202410170706/tools/bin/../lib/gcc/arm-none-eabi/13.3.1/thumb/v7e-m+fp/hard/crti.o
                0x080c0e98                _init
 .init          0x080c0e9c        0x8 /opt/st/stm32cubeide_1.19.0/plugins/com.st.stm32cube.ide.mcu.externaltools.gnu-tools-for-stm32.13.3.rel1.linux64_1.0.0.202410170706/tools/bin/../lib/gcc/arm-none-eabi/13.3.1/thumb/v7e-m+fp/hard/crtn.o
 *(.fini)
 .fini          0x080c0ea4        0x4 /opt/st/stm32cubeide_1.19.0/plugins/com.st.stm32cube.ide.mcu.externaltools.gnu-tools-for-stm32.13.3.rel1.linux64_1.0.0.202410170706/tools/bin/../lib/gcc/arm-none-eabi/13.3.1/thumb/v7e-m+fp/hard/crti.o
                0x080c0ea4                _fini
 .fini          0x080c0ea8        0x8 /opt/st/stm32cubeide_1.19.0/plugins/com.st.stm32cube.ide.mcu.externaltools.gnu-tools-for-stm32.13.3.rel1.linux64_1.0.0.202410170706/tools/bin/../lib/gcc/arm-none-eabi/13.3.1/thumb/v7e-m+fp/hard/crtn.o
                0x080c0eb0                        . = ALIGN (0x4)
                0x080c0eb0                        _etext = .

.vfp11_veneer   0x080c0eb0        0x0
 .vfp11_veneer  0x080c0eb0        0x0 linker stubs

.v4_bx          0x080c0eb0        0x0
 .v4_bx         0x080c0eb0        0x0 linker stubs

.iplt           0x080c0eb0        0x0
 .iplt          0x080c0eb0        0x0 /opt/st/stm32cubeide_1.19.0/plugins/com.st.stm32cube.ide.mcu.externaltools.gnu-tools-for-stm32.13.3.rel1.linux64_1.0.0.202410170706/tools/bin/../lib/gcc/arm-none-eabi/13.3.1/thumb/v7e-m+fp/hard/crtbegin.o

.rodata         0x080c0eb0        0x0
                0x080c0eb0                        . = ALIGN (0x4)
 *(.rodata)
 *(.rodata*)
                0x080c0eb0                        . = ALIGN (0x4)

.ARM.extab      0x080c0eb0        0x0
                0x080c0eb0                        . = ALIGN (0x4)
 *(.ARM.extab* .gnu.linkonce.armextab.*)
                0x080c0eb0                        . = ALIGN (0x4)

.ARM            0x080c0eb0        0x0
                0x080c0eb0                        . = ALIGN (0x4)
                0x080c0eb0                        __exidx_start = .
 *(.ARM.exidx*)
                0x080c0eb0                        __exidx_end = .
                0x080c0eb0                        . = ALIGN (0x4)

.preinit_array  0x080c0eb0        0x0
                0x080c0eb0                        . = ALIGN (0x4)
                0x080c0eb0                        PROVIDE (__preinit_array_start = .)
 *(.preinit_array*)
                0x080c0eb0                        PROVIDE (__preinit_array_end = .)
                0x080c0eb0                        . = ALIGN (0x4)

.init_array     0x080c0eb0        0x4
                0x080c0eb0                        . = ALIGN (0x4)
                0x080c0eb0                        PROVIDE (__init_array_start = .)
 *(SORT_BY_NAME(.init_array.*))
 *(.init_array*)
 .init_array    0x080c0eb0        0x4 /opt/st/stm32cubeide_1.19.0/plugins/com.st.stm32cube.ide.mcu.externaltools.gnu-tools-for-stm32.13.3.rel1.linux64_1.0.0.202410170706/tools/bin/../lib/gcc/arm-none-eabi/13.3.1/thumb/v7e-m+fp/hard/crtbegin.o
                0x080c0eb4                        PROVIDE (__init_array_end = .)
                0x080c0eb4                        . = ALIGN (0x4)

.fini_array     0x080c0eb4        0x4
                0x080c0eb4                        . = ALIGN (0x4)
                [!provide]                        PROVIDE (__fini_array_start = .)
 *(SORT_BY_NAME(.fini_array.*))
 *(.fini_array*)
 .fini_array    0x080c0eb4        0x4 /opt/st/stm32cubeide_1.19.0/plugins/com.st.stm32cube.ide.mcu.externaltools.gnu-tools-for-stm32.13.3.rel1.linux64_1.0.0.202410170706/tools/bin/../lib/gcc/arm-none-eabi/13.3.1/thumb/v7e-m+fp/hard/crtbegin.o
                [!provide]                        PROVIDE (__fini_array_end = .)
                0x080c0eb8                        . = ALIGN (0x4)
                0x080c0eb8                        _sidata = LOADADDR (.data)

.rel.dyn        0x080c0eb8        0x0
 .rel.iplt      0x080c0eb8        0x0 /opt/st/stm32cubeide_1.19.0/plugins/com.st.stm32cube.ide.mcu.externaltools.gnu-tools-for-stm32.13.3.rel1.linux64_1.0.0.202410170706/tools/bin/../lib/gcc/arm-none-eabi/13.3.1/thumb/v7e-m+fp/hard/crtbegin.o

.data           0x20000000        0xc load address 0x080c0eb8
                0x20000000                        . = ALIGN (0x4)
                0x20000000                        _sdata = .
 *(.data)
 *(.data*)
 .data.SystemCoreClock
                0x20000000        0x4 ./Core/Src/system_stm32l4xx.o
                0x20000000                SystemCoreClock
 .data.uwTickPrio
                0x20000004        0x4 ./Drivers/STM32L4xx_HAL_Driver/Src/stm32l4xx_hal.o
                0x20000004                uwTickPrio
 .data.uwTickFreq
                0x20000008        0x1 ./Drivers/STM32L4xx_HAL_Driver/Src/stm32l4xx_hal.o
                0x20000008                uwTickFreq
 *(.RamFunc)
 *(.RamFunc*)
                0x2000000c                        . = ALIGN (0x4)
 *fill*         0x20000009        0x3 
                0x2000000c                        _edata = .

.igot.plt       0x2000000c        0x0 load address 0x080c0ec4
 .igot.plt      0x2000000c        0x0 /opt/st/stm32cubeide_1.19.0/plugins/com.st.stm32cube.ide.mcu.externaltools.gnu-tools-for-stm32.13.3.rel1.linux64_1.0.0.202410170706/tools/bin/../lib/gcc/arm-none-eabi/13.3.1/thumb/v7e-m+fp/hard/crtbegin.o
                0x2000000c                        . = ALIGN (0x4)

.bss            0x2000000c       0x20 load address 0x080c0ec4
                0x2000000c                        _sbss = .
                0x2000000c                        __bss_start__ = _sbss
 *(.bss)
 .bss           0x2000000c       0x1c /opt/st/stm32cubeide_1.19.0/plugins/com.st.stm32cube.ide.mcu.externaltools.gnu-tools-for-stm32.13.3.rel1.linux64_1.0.0.202410170706/tools/bin/../lib/gcc/arm-none-eabi/13.3.1/thumb/v7e-m+fp/hard/crtbegin.o
 *(.bss*)
 .bss.uwTick    0x20000028        0x4 ./Drivers/STM32L4xx_HAL_Driver/Src/stm32l4xx_hal.o
                0x20000028                uwTick
 *(COMMON)
                0x2000002c                        . = ALIGN (0x4)
                0x2000002c                        _ebss = .
                0x2000002c                        __bss_end__ = _ebss

._user_heap_stack
                0x2000002c      0x604 load address 0x080c0ec4
                0x20000030                        . = ALIGN (0x8)
 *fill*         0x2000002c        0x4 
                [!provide]                        PROVIDE (end = .)
                0x20000030                        PROVIDE (_end = .)
                0x20000230                        . = (. + _Min_Heap_Size)
 *fill*         0x20000030      0x200 
                0x20000630                        . = (. + _Min_Stack_Size)
 *fill*         0x20000230      0x400 
                0x20000630                        . = ALIGN (0x8)

/DISCARD/
 libc.a(*)
 libm.a(*)
 libgcc.a(*)

.ARM.attributes
                0x00000000       0x30
 *(.ARM.attributes)
 .ARM.attributes
                0x00000000       0x22 /opt/st/stm32cubeide_1.19.0/plugins/com.st.stm32cube.ide.mcu.externaltools.gnu-tools-for-stm32.13.3.rel1.linux64_1.0.0.202410170706/tools/bin/../lib/gcc/arm-none-eabi/13.3.1/thumb/v7e-m+fp/hard/crti.o
 .ARM.attributes
                0x00000022       0x34 /opt/st/stm32cubeide_1.19.0/plugins/com.st.stm32cube.ide.mcu.externaltools.gnu-tools-for-stm32.13.3.rel1.linux64_1.0.0.202410170706/tools/bin/../lib/gcc/arm-none-eabi/13.3.1/thumb/v7e-m+fp/hard/crtbegin.o
 .ARM.attributes
                0x00000056       0x34 ./Core/Src/main.o
 .ARM.attributes
                0x0000008a       0x34 ./Core/Src/stm32l4xx_hal_msp.o
 .ARM.attributes
                0x000000be       0x34 ./Core/Src/stm32l4xx_it.o
 .ARM.attributes
                0x000000f2       0x34 ./Core/Src/system_stm32l4xx.o
 .ARM.attributes
                0x00000126       0x21 ./Core/Startup/startup_stm32l475vgtx.o
 .ARM.attributes
                0x00000147       0x34 ./Drivers/STM32L4xx_HAL_Driver/Src/stm32l4xx_hal.o
 .ARM.attributes
                0x0000017b       0x34 ./Drivers/STM32L4xx_HAL_Driver/Src/stm32l4xx_hal_cortex.o
 .ARM.attributes
                0x000001af       0x34 ./Drivers/STM32L4xx_HAL_Driver/Src/stm32l4xx_hal_gpio.o
 .ARM.attributes
                0x000001e3       0x34 /opt/st/stm32cubeide_1.19.0/plugins/com.st.stm32cube.ide.mcu.externaltools.gnu-tools-for-stm32.13.3.rel1.linux64_1.0.0.202410170706/tools/bin/../lib/gcc/arm-none-eabi/13.3.1/../../../../arm-none-eabi/lib/thumb/v7e-m+fp/hard/libc_nano.a(libc_a-init.o)
 .ARM.attributes
                0x00000217       0x22 /opt/st/stm32cubeide_1.19.0/plugins/com.st.stm32cube.ide.mcu.externaltools.gnu-tools-for-stm32.13.3.rel1.linux64_1.0.0.202410170706/tools/bin/../lib/gcc/arm-none-eabi/13.3.1/thumb/v7e-m+fp/hard/crtn.o
OUTPUT(blinky_linked.elf elf32-littlearm)
LOAD linker stubs
LOAD /opt/st/stm32cubeide_1.19.0/plugins/com.st.stm32cube.ide.mcu.externaltools.gnu-tools-for-stm32.13.3.rel1.linux64_1.0.0.202410170706/tools/bin/../lib/gcc/arm-none-eabi/13.3.1/../../../../arm-none-eabi/lib/thumb/v7e-m+fp/hard/libc.a
LOAD /opt/st/stm32cubeide_1.19.0/plugins/com.st.stm32cube.ide.mcu.externaltools.gnu-tools-for-stm32.13.3.rel1.linux64_1.0.0.202410170706/tools/bin/../lib/gcc/arm-none-eabi/13.3.1/../../../../arm-none-eabi/lib/thumb/v7e-m+fp/hard/libm.a
LOAD /opt/st/stm32cubeide_1.19.0/plugins/com.st.stm32cube.ide.mcu.externaltools.gnu-tools-for-stm32.13.3.rel1.linux64_1.0.0.202410170706/tools/bin/../lib/gcc/arm-none-eabi/13.3.1/thumb/v7e-m+fp/hard/libgcc.a

.debug_info     0x00000000     0x66cc
 .debug_info    0x00000000     0x2066 ./Core/Src/main.o
 .debug_info    0x00002066     0x1f72 ./Core/Src/stm32l4xx_hal_msp.o
 .debug_info    0x00003fd8      0x15c ./Core/Src/stm32l4xx_it.o
 .debug_info    0x00004134      0x5b1 ./Core/Src/system_stm32l4xx.o
 .debug_info    0x000046e5       0x30 ./Core/Startup/startup_stm32l475vgtx.o
 .debug_info    0x00004715      0xae5 ./Drivers/STM32L4xx_HAL_Driver/Src/stm32l4xx_hal.o
 .debug_info    0x000051fa      0xd7b ./Drivers/STM32L4xx_HAL_Driver/Src/stm32l4xx_hal_cortex.o
 .debug_info    0x00005f75      0x757 ./Drivers/STM32L4xx_HAL_Driver/Src/stm32l4xx_hal_gpio.o

.debug_abbrev   0x00000000      0xe80
 .debug_abbrev  0x00000000      0x303 ./Core/Src/main.o
 .debug_abbrev  0x00000303      0x276 ./Core/Src/stm32l4xx_hal_msp.o
 .debug_abbrev  0x00000579       0xa0 ./Core/Src/stm32l4xx_it.o
 .debug_abbrev  0x00000619      0x11a ./Core/Src/system_stm32l4xx.o
 .debug_abbrev  0x00000733       0x24 ./Core/Startup/startup_stm32l475vgtx.o
 .debug_abbrev  0x00000757      0x242 ./Drivers/STM32L4xx_HAL_Driver/Src/stm32l4xx_hal.o
 .debug_abbrev  0x00000999      0x31c ./Drivers/STM32L4xx_HAL_Driver/Src/stm32l4xx_hal_cortex.o
 .debug_abbrev  0x00000cb5      0x1cb ./Drivers/STM32L4xx_HAL_Driver/Src/stm32l4xx_hal_gpio.o

.debug_aranges  0x00000000      0x460
 .debug_aranges
                0x00000000       0x70 ./Core/Src/main.o
 .debug_aranges
                0x00000070       0x80 ./Core/Src/stm32l4xx_hal_msp.o
 .debug_aranges
                0x000000f0       0x70 ./Core/Src/stm32l4xx_it.o
 .debug_aranges
                0x00000160       0x28 ./Core/Src/system_stm32l4xx.o
 .debug_aranges
                0x00000188       0x28 ./Core/Startup/startup_stm32l475vgtx.o
 .debug_aranges
                0x000001b0      0x130 ./Drivers/STM32L4xx_HAL_Driver/Src/stm32l4xx_hal.o
 .debug_aranges
                0x000002e0      0x128 ./Drivers/STM32L4xx_HAL_Driver/Src/stm32l4xx_hal_cortex.o
 .debug_aranges
                0x00000408       0x58 ./Drivers/STM32L4xx_HAL_Driver/Src/stm32l4xx_hal_gpio.o

.debug_rnglists
                0x00000000      0x32c
 .debug_rnglists
                0x00000000       0x51 ./Core/Src/main.o
 .debug_rnglists
                0x00000051       0x61 ./Core/Src/stm32l4xx_hal_msp.o
 .debug_rnglists
                0x000000b2       0x4f ./Core/Src/stm32l4xx_it.o
 .debug_rnglists
                0x00000101       0x1a ./Core/Src/system_stm32l4xx.o
 .debug_rnglists
                0x0000011b       0x19 ./Core/Startup/startup_stm32l475vgtx.o
 .debug_rnglists
                0x00000134       0xdf ./Drivers/STM32L4xx_HAL_Driver/Src/stm32l4xx_hal.o
 .debug_rnglists
                0x00000213       0xda ./Drivers/STM32L4xx_HAL_Driver/Src/stm32l4xx_hal_cortex.o
 .debug_rnglists
                0x000002ed       0x3f ./Drivers/STM32L4xx_HAL_Driver/Src/stm32l4xx_hal_gpio.o

.debug_macro    0x00000000    0x255e1
 .debug_macro   0x00000000      0x221 ./Core/Src/main.o
 .debug_macro   0x00000221      0xad8 ./Core/Src/main.o
 .debug_macro   0x00000cf9      0x1bf ./Core/Src/main.o
 .debug_macro   0x00000eb8       0x2e ./Core/Src/main.o
 .debug_macro   0x00000ee6       0x28 ./Core/Src/main.o
 .debug_macro   0x00000f0e       0x22 ./Core/Src/main.o
 .debug_macro   0x00000f30       0x8e ./Core/Src/main.o
 .debug_macro   0x00000fbe       0x51 ./Core/Src/main.o
 .debug_macro   0x0000100f      0x103 ./Core/Src/main.o
 .debug_macro   0x00001112       0x6a ./Core/Src/main.o
 .debug_macro   0x0000117c      0x1df ./Core/Src/main.o
 .debug_macro   0x0000135b       0x1c ./Core/Src/main.o
 .debug_macro   0x00001377       0x22 ./Core/Src/main.o
 .debug_macro   0x00001399       0xfb ./Core/Src/main.o
 .debug_macro   0x00001494     0x1011 ./Core/Src/main.o
 .debug_macro   0x000024a5      0x11f ./Core/Src/main.o
 .debug_macro   0x000025c4    0x19dc7 ./Core/Src/main.o
 .debug_macro   0x0001c38b       0x6d ./Core/Src/main.o
 .debug_macro   0x0001c3f8     0x38fb ./Core/Src/main.o
 .debug_macro   0x0001fcf3      0x190 ./Core/Src/main.o
 .debug_macro   0x0001fe83       0x5c ./Core/Src/main.o
 .debug_macro   0x0001fedf     0x1558 ./Core/Src/main.o
 .debug_macro   0x00021437      0x5a5 ./Core/Src/main.o
 .debug_macro   0x000219dc      0x1b9 ./Core/Src/main.o
 .debug_macro   0x00021b95      0x17d ./Core/Src/main.o
 .debug_macro   0x00021d12      0x26b ./Core/Src/main.o
 .debug_macro   0x00021f7d      0x29c ./Core/Src/main.o
 .debug_macro   0x00022219      0x23d ./Core/Src/main.o
 .debug_macro   0x00022456      0x241 ./Core/Src/main.o
 .debug_macro   0x00022697      0x37c ./Core/Src/main.o
 .debug_macro   0x00022a13       0xd6 ./Core/Src/main.o
 .debug_macro   0x00022ae9      0x22c ./Core/Src/main.o
 .debug_macro   0x00022d15       0x61 ./Core/Src/main.o
 .debug_macro   0x00022d76       0xa5 ./Core/Src/main.o
 .debug_macro   0x00022e1b      0x215 ./Core/Src/main.o
 .debug_macro   0x00023030       0x97 ./Core/Src/main.o
 .debug_macro   0x000230c7      0x122 ./Core/Src/main.o
 .debug_macro   0x000231e9      0x3e8 ./Core/Src/main.o
 .debug_macro   0x000235d1      0x2a3 ./Core/Src/main.o
 .debug_macro   0x00023874      0x2fe ./Core/Src/main.o
 .debug_macro   0x00023b72      0x5cf ./Core/Src/main.o
 .debug_macro   0x00024141       0x44 ./Core/Src/main.o
 .debug_macro   0x00024185      0x330 ./Core/Src/main.o
 .debug_macro   0x000244b5      0x443 ./Core/Src/main.o
 .debug_macro   0x000248f8      0x221 ./Core/Src/stm32l4xx_hal_msp.o
 .debug_macro   0x00024b19      0x22b ./Core/Src/stm32l4xx_it.o
 .debug_macro   0x00024d44      0x212 ./Core/Src/system_stm32l4xx.o
 .debug_macro   0x00024f56      0x260 ./Drivers/STM32L4xx_HAL_Driver/Src/stm32l4xx_hal.o
 .debug_macro   0x000251b6      0x212 ./Drivers/STM32L4xx_HAL_Driver/Src/stm32l4xx_hal_cortex.o
 .debug_macro   0x000253c8      0x219 ./Drivers/STM32L4xx_HAL_Driver/Src/stm32l4xx_hal_gpio.o

.debug_line     0x00000000     0x48e1
 .debug_line    0x00000000      0xaef ./Core/Src/main.o
 .debug_line    0x00000aef      0x9ea ./Core/Src/stm32l4xx_hal_msp.o
 .debug_line    0x000014d9      0x81b ./Core/Src/stm32l4xx_it.o
 .debug_line    0x00001cf4      0x7d3 ./Core/Src/system_stm32l4xx.o
 .debug_line    0x000024c7       0x7a ./Core/Startup/startup_stm32l475vgtx.o
 .debug_line    0x00002541      0xb3b ./Drivers/STM32L4xx_HAL_Driver/Src/stm32l4xx_hal.o
 .debug_line    0x0000307c      0xcd6 ./Drivers/STM32L4xx_HAL_Driver/Src/stm32l4xx_hal_cortex.o
 .debug_line    0x00003d52      0xb8f ./Drivers/STM32L4xx_HAL_Driver/Src/stm32l4xx_hal_gpio.o

.debug_str      0x00000000    0xeb13d
 .debug_str     0x00000000    0xeb13d ./Core/Src/main.o
                              0xea53c (size before relaxing)
 .debug_str     0x000eb13d    0xea0ad ./Core/Src/stm32l4xx_hal_msp.o
 .debug_str     0x000eb13d    0xe8ba9 ./Core/Src/stm32l4xx_it.o
 .debug_str     0x000eb13d    0xe7964 ./Core/Src/system_stm32l4xx.o
 .debug_str     0x000eb13d       0x8b ./Core/Startup/startup_stm32l475vgtx.o
 .debug_str     0x000eb13d    0xe84ee ./Drivers/STM32L4xx_HAL_Driver/Src/stm32l4xx_hal.o
 .debug_str     0x000eb13d    0xe81d4 ./Drivers/STM32L4xx_HAL_Driver/Src/stm32l4xx_hal_cortex.o
 .debug_str     0x000eb13d    0xe7add ./Drivers/STM32L4xx_HAL_Driver/Src/stm32l4xx_hal_gpio.o

.comment        0x00000000       0x43
 .comment       0x00000000       0x43 ./Core/Src/main.o
                                 0x44 (size before relaxing)
 .comment       0x00000043       0x44 ./Core/Src/stm32l4xx_hal_msp.o
 .comment       0x00000043       0x44 ./Core/Src/stm32l4xx_it.o
 .comment       0x00000043       0x44 ./Core/Src/system_stm32l4xx.o
 .comment       0x00000043       0x44 ./Drivers/STM32L4xx_HAL_Driver/Src/stm32l4xx_hal.o
 .comment       0x00000043       0x44 ./Drivers/STM32L4xx_HAL_Driver/Src/stm32l4xx_hal_cortex.o
 .comment       0x00000043       0x44 ./Drivers/STM32L4xx_HAL_Driver/Src/stm32l4xx_hal_gpio.o

.debug_frame    0x00000000      0xfdc
 .debug_frame   0x00000000      0x158 ./Core/Src/main.o
 .debug_frame   0x00000158      0x1f8 ./Core/Src/stm32l4xx_hal_msp.o
 .debug_frame   0x00000350      0x13c ./Core/Src/stm32l4xx_it.o
 .debug_frame   0x0000048c       0x58 ./Core/Src/system_stm32l4xx.o
 .debug_frame   0x000004e4      0x498 ./Drivers/STM32L4xx_HAL_Driver/Src/stm32l4xx_hal.o
 .debug_frame   0x0000097c      0x4e8 ./Drivers/STM32L4xx_HAL_Driver/Src/stm32l4xx_hal_cortex.o
 .debug_frame   0x00000e64      0x14c ./Drivers/STM32L4xx_HAL_Driver/Src/stm32l4xx_hal_gpio.o
 .debug_frame   0x00000fb0       0x2c /opt/st/stm32cubeide_1.19.0/plugins/com.st.stm32cube.ide.mcu.externaltools.gnu-tools-for-stm32.13.3.rel1.linux64_1.0.0.202410170706/tools/bin/../lib/gcc/arm-none-eabi/13.3.1/../../../../arm-none-eabi/lib/thumb/v7e-m+fp/hard/libc_nano.a(libc_a-init.o)

.debug_line_str
                0x00000000       0x6f
 .debug_line_str
                0x00000000       0x6f ./Core/Startup/startup_stm32l475vgtx.o
