../../Drivers/CMSIS/Include/core_cm4.h:1933:34:__NVIC_SystemReset	4	static,ignoring_inline_asm
/home/matijak/programiranje/spyrosoft/STM32CubeIDE/WiFi_Client_Server/Src/main.c:90:19:Flash_WriteBank2Page	72	static
/home/matijak/programiranje/spyrosoft/STM32CubeIDE/WiFi_Client_Server/Src/main.c:156:10:crc32_bitwise	32	static
/home/matijak/programiranje/spyrosoft/STM32CubeIDE/WiFi_Client_Server/Src/main.c:177:13:Blink	24	static
/home/matijak/programiranje/spyrosoft/STM32CubeIDE/WiFi_Client_Server/Src/main.c:189:19:Flash_Swap_Two_Words_InPlace	96	static,ignoring_inline_asm
/home/matijak/programiranje/spyrosoft/STM32CubeIDE/WiFi_Client_Server/Src/main.c:259:5:main	152	static
/home/matijak/programiranje/spyrosoft/STM32CubeIDE/WiFi_Client_Server/Src/main.c:486:13:SystemClock_Config	96	static
/home/matijak/programiranje/spyrosoft/STM32CubeIDE/WiFi_Client_Server/Src/main.c:529:1:__io_putchar	16	static
/home/matijak/programiranje/spyrosoft/STM32CubeIDE/WiFi_Client_Server/Src/main.c:564:6:HAL_GPIO_EXTI_Callback	16	static
/home/matijak/programiranje/spyrosoft/STM32CubeIDE/WiFi_Client_Server/Src/main.c:580:6:SPI3_IRQHandler	8	static
