../Core/Src/main.c:76:13:goto_application	1
../Core/Src/main.c:97:5:main	1
../Core/Src/main.c:150:6:SystemClock_Config	4
../Core/Src/main.c:211:13:MX_DFSDM1_Init	2
../Core/Src/main.c:249:13:MX_I2C2_Init	4
../Core/Src/main.c:297:13:MX_QUADSPI_Init	2
../Core/Src/main.c:330:13:MX_SPI3_Init	2
../Core/Src/main.c:370:13:MX_USART1_UART_Init	2
../Core/Src/main.c:405:13:MX_USART3_UART_Init	2
../Core/Src/main.c:440:13:MX_USB_OTG_FS_PCD_Init	2
../Core/Src/main.c:475:13:MX_GPIO_Init	1
../Core/Src/main.c:671:6:Error_Handler	1
