../Core/Src/main.c:76:13:goto_application	24	static,ignoring_inline_asm
../Core/Src/main.c:97:5:main	16	static
../Core/Src/main.c:150:6:SystemClock_Config	96	static
../Core/Src/main.c:211:13:MX_DFSDM1_Init	8	static
../Core/Src/main.c:249:13:MX_I2C2_Init	8	static
../Core/Src/main.c:297:13:MX_QUADSPI_Init	8	static
../Core/Src/main.c:330:13:MX_SPI3_Init	8	static
../Core/Src/main.c:370:13:MX_USART1_UART_Init	8	static
../Core/Src/main.c:405:13:MX_USART3_UART_Init	8	static
../Core/Src/main.c:440:13:MX_USB_OTG_FS_PCD_Init	8	static
../Core/Src/main.c:475:13:MX_GPIO_Init	48	static
../Core/Src/main.c:671:6:Error_Handler	4	static,ignoring_inline_asm
